
> parasocial@1.0.0 test
> vitest src\components\auth\RegisterComponent.interaction.test.tsx


[1m[44m DEV [49m[22m [34mv3.2.4 [39m[90mC:/Users/Et Al/Documents/GitHub/ParaSocial/frontend[39m

 [31mΓ¥»[39m src/components/auth/RegisterComponent.interaction.test.tsx [2m([22m[2m23 tests[22m[2m | [22m[31m4 failed[39m[2m)[22m[33m 22584[2mms[22m[39m
   [33m[2mΓ£ô[22m[39m RegisterComponent - User Interactions[2m > [22mForm Input Handling[2m > [22mshould allow typing in email field [33m 364[2mms[22m[39m
   [32mΓ£ô[39m RegisterComponent - User Interactions[2m > [22mForm Input Handling[2m > [22mshould allow typing in username field[32m 257[2mms[22m[39m
   [32mΓ£ô[39m RegisterComponent - User Interactions[2m > [22mForm Input Handling[2m > [22mshould allow typing in display name field[32m 194[2mms[22m[39m
   [33m[2mΓ£ô[22m[39m RegisterComponent - User Interactions[2m > [22mForm Input Handling[2m > [22mshould allow typing in password field [33m 301[2mms[22m[39m
   [33m[2mΓ£ô[22m[39m RegisterComponent - User Interactions[2m > [22mForm Input Handling[2m > [22mshould allow typing in confirm password field [33m 323[2mms[22m[39m
[31m   [31m├ù[31m RegisterComponent - User Interactions[2m > [22mForm Input Handling[2m > [22mshould clear field errors when user starts typing[39m[33m 1367[2mms[22m[39m
[31m     ΓåÆ Unable to find an element with the text: /please enter a valid email/i. This could be because the text is broken up by multiple elements. In this case, you can provide a function for your text matcher to make your matcher more flexible.

Ignored nodes: comments, script, style
[36m<body>[31m
  [36m<div>[31m
    [36m<section[31m
      [33mclass[31m=[32m"register-container"[31m
    [36m>[31m
      [36m<header[31m
        [33mclass[31m=[32m"register-header"[31m
      [36m>[31m
        [36m<h1>[31m
          [0mCreate Account[0m
        [36m</h1>[31m
        [36m<p>[31m
          [0mJoin ParaSocial and start sharing your content[0m
        [36m</p>[31m
      [36m</header>[31m
      [36m<form[31m
        [33mclass[31m=[32m"register-form"[31m
        [33mnovalidate[31m=[32m""[31m
      [36m>[31m
        [36m<div[31m
          [33mclass[31m=[32m"form-group"[31m
        [36m>[31m
          [36m<label[31m
            [33mclass[31m=[32m"form-label"[31m
            [33mfor[31m=[32m"email"[31m
          [36m>[31m
            [0mEmail Address[0m
          [36m</label>[31m
          [36m<input[31m
            [33mautocomplete[31m=[32m"email"[31m
            [33mclass[31m=[32m"form-input "[31m
            [33mid[31m=[32m"email"[31m
            [33mname[31m=[32m"email"[31m
            [33mplaceholder[31m=[32m"Enter your email"[31m
            [33mrequired[31m=[32m""[31m
            [33mtype[31m=[32m"email"[31m
            [33mvalue[31m=[32m"invalid-email"[31m
          [36m/>[31m
        [36m</div>[31m
        [36m<div[31m
          [33mclass[31m=[32m"form-group"[31m
        [36m>[31m
          [36m<label[31m
            [33mclass[31m=[32m"form-label"[31m
            [33mfor[31m=[32m"username"[31m
          [36m>[31m
            [0mUsername[0m
          [36m</label>[31m
          [36m<input[31m
            [33mautocomplete[31m=[32m"username"[31m
            [33mclass[31m=[32m"form-input "[31m
            [33mid[31m=[32m"username"[31m
            [33mname[31m=[32m"username"[31m
            [33mplaceholder[31m=[32m"Choose a username"[31m
            [33mrequired[31m=[32m""[31m
            [33mtype[31m=[32m"text"[31m
            [33mvalue[31m=[32m""[31m
          [36m/>[31m
        [36m</div>[31m
        [36m<div[31m
          [33mclass[31m=[32m"form-group"[31m
        [36m>[31m
          [36m<label[31m
            [33mclass[31m=[32m"form-label"[31m
            [33mfor[31m=[32m"displayName"[31m
          [36m>[31m
            [0mDisplay Name (Optional)[0m
          [36m</label>[31m
          [36m<input[31m
            [33mautocomplete[31m=[32m"name"[31m
            [33mclass[31m=[32m"form-input"[31m
            [33mid[31m=[32m"displayName"[31m
            [33mname[31m=[32m"displayName"[31m
            [33mplaceholder[31m=[32m"How should others see your name?"[31m
            [33mtype[31m=[32m"text"[31m
            [33mvalue[31m=[32m""[31m
          [36m/>[31m
        [36m</div>[31m
        [36m<div[31m
          [33mclass[31m=[32m"form-group"[31m
        [36m>[31m
          [36m<label[31m
            [33mclass[31m=[32m"form-label"[31m
            [33mfor[31m=[32m"password"[31m
          [36m>[31m
            [0mPassword[0m
          [36m</label>[31m
          [36m<input[31m
            [33mautocomplete[31m=[32m"new-password"[31m
            [33mclass[31m=[32m"form-input "[31m
            [33mid[31m=[32m"password"[31m
            [33mname[31m=[32m"password"[31m
            [33mplaceholder[31m=[32m"Create a strong password"[31m
            [33mrequired[31m=[32m""[31m
            [33mtype[31m=[32m"password"[31m
            [33mvalue[31m=[32m""[31m
          [36m/>[31m
        [36m</div>[31m
        [36m<div[31m
          [33mclass[31m=[32m"form-group"[31m
        [36m>[31m
          [36m<label[31m
            [33mclass[31m=[32m"form-label"[31m
            [33mfor[31m=[32m"confirmPassword"[31m
          [36m>[31m
            [0mConfirm Password[0m
          [36m</label>[31m
          [36m<input[31m
            [33mautocomplete[31m=[32m"new-password"[31m
            [33mclass[31m=[32m"form-input "[31m
            [33mid[31m=[32m"confirmPassword"[31m
            [33mname[31m=[32m"confirmPassword"[31m
            [33mplaceholder[31m=[32m"Confirm your password"[31m
            [33mrequired[31m=[32m""[31m
            [33mtype[31m=[32m"password"[31m
            [33mvalue[31m=[32m""[31m
          [36m/>[31m
        [36m</div>[31m
        [36m<button[31m
          [33maria-label[31m=[32m"Create your account"[31m
          [33mclass[31m=[32m"submit-button"[31m
          [33mdisabled[31m=[32m""[31m
          [33mtype[31m=[32m"submit"[31m
        [36m>[31m
          [0mCreate Account[0m
        [36m</button>[31m
      [36m</form>[31m
      [36m<footer[31m
        [33mclass[31m=[32m"register-footer"[31m
      [36m>[31m
        [36m<div[31m
          [33mclass[31m=[32m"login-prompt"[31m
        [36m>[31m
          [0mAlready have an account?[0m
          [0m [0m
          [36m<a[31m
            [33mclass[31m=[32m"login-link"[31m
            [33mhref[31m=[32m"/login"[31m
          [36m>[31m
            [0mSign in here[0m
          [36m</a>[31m
        [36m</div>[31m
        [36m<div[31m
          [33mclass[31m=[32m"legal-links"[31m
        [36m>[31m
          [36m<span[31m
            [33mclass[31m=[32m"legal-text"[31m
          [36m>[31m
            [0mBy creating an account, you agree to our[0m
            [0m [0m
            [36m<a[31m
              [33mclass[31m=[32m"legal-link"[31m
              [33mhref[31m=[32m"/terms"[31m
            [36m>[31m
              [0mTerms of Service[0m
            [36m</a>[31m
            [0m [0m
            [0mand[0m
            [0m [0m
            [36m<a[31m
              [33mclass[31m=[32m"legal-link"[31m
              [33mhref[31m=[32m"/privacy"[31m
            [36m>[31m
              [0mPrivacy Policy[0m
            [36m</a>[31m
          [36m</span>[31m
        [36m</div>[31m
      [36m</footer>[31m
    [36m</section>[31m
  [36m</div>[31m
[36m</body>[31m

Ignored nodes: comments, script, style
[36m<html>[31m
  [36m<head />[31m
  [36m<body>[31m
    [36m<div>[31m
      [36m<section[31m
        [33mclass[31m=[32m"register-container"[31m
      [36m>[31m
        [36m<header[31m
          [33mclass[31m=[32m"register-header"[31m
        [36m>[31m
          [36m<h1>[31m
            [0mCreate Account[0m
          [36m</h1>[31m
          [36m<p>[31m
            [0mJoin ParaSocial and start sharing your content[0m
          [36m</p>[31m
        [36m</header>[31m
        [36m<form[31m
          [33mclass[31m=[32m"register-form"[31m
          [33mnovalidate[31m=[32m""[31m
        [36m>[31m
          [36m<div[31m
            [33mclass[31m=[32m"form-group"[31m
          [36m>[31m
            [36m<label[31m
              [33mclass[31m=[32m"form-label"[31m
              [33mfor[31m=[32m"email"[31m
            [36m>[31m
              [0mEmail Address[0m
            [36m</label>[31m
            [36m<input[31m
              [33mautocomplete[31m=[32m"email"[31m
              [33mclass[31m=[32m"form-input "[31m
              [33mid[31m=[32m"email"[31m
              [33mname[31m=[32m"email"[31m
              [33mplaceholder[31m=[32m"Enter your email"[31m
              [33mrequired[31m=[32m""[31m
              [33mtype[31m=[32m"email"[31m
              [33mvalue[31m=[32m"invalid-email"[31m
            [36m/>[31m
          [36m</div>[31m
          [36m<div[31m
            [33mclass[31m=[32m"form-group"[31m
          [36m>[31m
            [36m<label[31m
              [33mclass[31m=[32m"form-label"[31m
              [33mfor[31m=[32m"username"[31m
            [36m>[31m
              [0mUsername[0m
            [36m</label>[31m
            [36m<input[31m
              [33mautocomplete[31m=[32m"username"[31m
              [33mclass[31m=[32m"form-input "[31m
              [33mid[31m=[32m"username"[31m
              [33mname[31m=[32m"username"[31m
              [33mplaceholder[31m=[32m"Choose a username"[31m
              [33mrequired[31m=[32m""[31m
              [33mtype[31m=[32m"text"[31m
              [33mvalue[31m=[32m""[31m
            [36m/>[31m
          [36m</div>[31m
          [36m<div[31m
            [33mclass[31m=[32m"form-group"[31m
          [36m>[31m
            [36m<label[31m
              [33mclass[31m=[32m"form-label"[31m
              [33mfor[31m=[32m"displayName"[31m
            [36m>[31m
              [0mDisplay Name (Optional)[0m
            [36m</label>[31m
            [36m<input[31m
              [33mautocomplete[31m=[32m"name"[31m
              [33mclass[31m=[32m"form-input"[31m
              [33mid[31m=[32m"displayName"[31m
              [33mname[31m=[32m"displayName"[31m
              [33mplaceholder[31m=[32m"How should others see your name?"[31m
              [33mtype[31m=[32m"text"[31m
              [33mvalue[31m=[32m""[31m
            [36m/>[31m
          [36m</div>[31m
          [36m<div[31m
            [33mclass[31m=[32m"form-group"[31m
          [36m>[31m
            [36m<label[31m
              [33mclass[31m=[32m"form-label"[31m
              [33mfor[31m=[32m"password"[31m
            [36m>[31m
              [0mPassword[0m
            [36m</label>[31m
            [36m<input[31m
              [33mautocomplete[31m=[32m"new-password"[31m
              [33mclass[31m=[32m"form-input "[31m
              [33mid[31m=[32m"password"[31m
              [33mname[31m=[32m"password"[31m
              [33mplaceholder[31m=[32m"Create a strong password"[31m
              [33mrequired[31m=[32m""[31m
              [33mtype[31m=[32m"password"[31m
              [33mvalue[31m=[32m""[31m
            [36m/>[31m
          [36m</div>[31m
          [36m<div[31m
            [33mclass[31m=[32m"form-group"[31m
          [36m>[31m
            [36m<label[31m
              [33mclass[31m=[32m"form-label"[31m
              [33mfor[31m=[32m"confirmPassword"[31m
            [36m>[31m
              [0mConfirm Password[0m
            [36m</label>[31m
            [36m<input[31m
              [33mautocomplete[31m=[32m"new-password"[31m
              [33mclass[31m=[32m"form-input "[31m
              [33mid[31m=[32m"confirmPassword"[31m
              [33mname[31m=[32m"confirmPassword"[31m
              [33mplaceholder[31m=[32m"Confirm your password"[31m
              [33mrequired[31m=[32m""[31m
              [33mtype[31m=[32m"password"[31m
              [33mvalue[31m=[32m""[31m
            [36m/>[31m
          [36m</div>[31m
          [36m<button[31m
            [33maria-label[31m=[32m"Create your account"[31m
            [33mclass[31m=[32m"submit-button"[31m
            [33mdisabled[31m=[32m""[31m
            [33mtype[31m=[32m"submit"[31m
          [36m>[31m
            [0mCreate Account[0m
          [36m</button>[31m
        [36m</form>[31m
        [36m<footer[31m
          [33mclass[31m=[32m"register-footer"[31m
        [36m>[31m
          [36m<div[31m
            [33mclass[31m=[32m"login-prompt"[31m
          [36m>[31m
            [0mAlready have an account?[0m
            [0m [0m
            [36m<a[31m
              [33mclass[31m=[32m"login-link"[31m
              [33mhref[31m=[32m"/login"[31m
            [36m>[31m
              [0mSign in here[0m
            [36m</a>[31m
          [36m</div>[31m
          [36m<div[31m
            [33mclass[31m=[32m"legal-links"[31m
          [36m>[31m
            [36m<span[31m
              [33mclass[31m=[32m"legal-text"[31m
            [36m>[31m
              [0mBy creating an account, you agree to our[0m
              [0m [0m
              [36m<a[31m
                [33mclass[31m=[32m"legal-link"[31m
                [33mhref[31m=[32m"/terms"[31m
              [36m>[31m
                [0mTerms of Service[0m
              [36m</a>[31m
              [0m [0m
              [0mand[0m
              [0m [0m
              [36m<a[31m
                [33mclass[31m=[32m"legal-link"[31m
                [33mhref[31m=[32m"/privacy"[31m
              [36m>[31m
                [0mPrivacy Policy[0m
              [36m</a>[31m
            [36m</span>[31m
          [36m</div>[31m
        [36m</footer>[31m
      [36m</section>[31m
    [36m</div>[31m
  [36m</body>[31m
[36m</html>[31m[39m
[31m   [31m├ù[31m RegisterComponent - User Interactions[2m > [22mForm Validation[2m > [22mshould validate email format[39m[33m 1278[2mms[22m[39m
[31m     ΓåÆ Unable to find an element with the text: /please enter a valid email/i. This could be because the text is broken up by multiple elements. In this case, you can provide a function for your text matcher to make your matcher more flexible.

Ignored nodes: comments, script, style
[36m<body>[31m
  [36m<div>[31m
    [36m<section[31m
      [33mclass[31m=[32m"register-container"[31m
    [36m>[31m
      [36m<header[31m
        [33mclass[31m=[32m"register-header"[31m
      [36m>[31m
        [36m<h1>[31m
          [0mCreate Account[0m
        [36m</h1>[31m
        [36m<p>[31m
          [0mJoin ParaSocial and start sharing your content[0m
        [36m</p>[31m
      [36m</header>[31m
      [36m<form[31m
        [33mclass[31m=[32m"register-form"[31m
        [33mnovalidate[31m=[32m""[31m
      [36m>[31m
        [36m<div[31m
          [33mclass[31m=[32m"form-group"[31m
        [36m>[31m
          [36m<label[31m
            [33mclass[31m=[32m"form-label"[31m
            [33mfor[31m=[32m"email"[31m
          [36m>[31m
            [0mEmail Address[0m
          [36m</label>[31m
          [36m<input[31m
            [33mautocomplete[31m=[32m"email"[31m
            [33mclass[31m=[32m"form-input "[31m
            [33mid[31m=[32m"email"[31m
            [33mname[31m=[32m"email"[31m
            [33mplaceholder[31m=[32m"Enter your email"[31m
            [33mrequired[31m=[32m""[31m
            [33mtype[31m=[32m"email"[31m
            [33mvalue[31m=[32m"invalid-email"[31m
          [36m/>[31m
        [36m</div>[31m
        [36m<div[31m
          [33mclass[31m=[32m"form-group"[31m
        [36m>[31m
          [36m<label[31m
            [33mclass[31m=[32m"form-label"[31m
            [33mfor[31m=[32m"username"[31m
          [36m>[31m
            [0mUsername[0m
          [36m</label>[31m
          [36m<input[31m
            [33mautocomplete[31m=[32m"username"[31m
            [33mclass[31m=[32m"form-input "[31m
            [33mid[31m=[32m"username"[31m
            [33mname[31m=[32m"username"[31m
            [33mplaceholder[31m=[32m"Choose a username"[31m
            [33mrequired[31m=[32m""[31m
            [33mtype[31m=[32m"text"[31m
            [33mvalue[31m=[32m""[31m
          [36m/>[31m
        [36m</div>[31m
        [36m<div[31m
          [33mclass[31m=[32m"form-group"[31m
        [36m>[31m
          [36m<label[31m
            [33mclass[31m=[32m"form-label"[31m
            [33mfor[31m=[32m"displayName"[31m
          [36m>[31m
            [0mDisplay Name (Optional)[0m
          [36m</label>[31m
          [36m<input[31m
            [33mautocomplete[31m=[32m"name"[31m
            [33mclass[31m=[32m"form-input"[31m
            [33mid[31m=[32m"displayName"[31m
            [33mname[31m=[32m"displayName"[31m
            [33mplaceholder[31m=[32m"How should others see your name?"[31m
            [33mtype[31m=[32m"text"[31m
            [33mvalue[31m=[32m""[31m
          [36m/>[31m
        [36m</div>[31m
        [36m<div[31m
          [33mclass[31m=[32m"form-group"[31m
        [36m>[31m
          [36m<label[31m
            [33mclass[31m=[32m"form-label"[31m
            [33mfor[31m=[32m"password"[31m
          [36m>[31m
            [0mPassword[0m
          [36m</label>[31m
          [36m<input[31m
            [33mautocomplete[31m=[32m"new-password"[31m
            [33mclass[31m=[32m"form-input "[31m
            [33mid[31m=[32m"password"[31m
            [33mname[31m=[32m"password"[31m
            [33mplaceholder[31m=[32m"Create a strong password"[31m
            [33mrequired[31m=[32m""[31m
            [33mtype[31m=[32m"password"[31m
            [33mvalue[31m=[32m""[31m
          [36m/>[31m
        [36m</div>[31m
        [36m<div[31m
          [33mclass[31m=[32m"form-group"[31m
        [36m>[31m
          [36m<label[31m
            [33mclass[31m=[32m"form-label"[31m
            [33mfor[31m=[32m"confirmPassword"[31m
          [36m>[31m
            [0mConfirm Password[0m
          [36m</label>[31m
          [36m<input[31m
            [33mautocomplete[31m=[32m"new-password"[31m
            [33mclass[31m=[32m"form-input "[31m
            [33mid[31m=[32m"confirmPassword"[31m
            [33mname[31m=[32m"confirmPassword"[31m
            [33mplaceholder[31m=[32m"Confirm your password"[31m
            [33mrequired[31m=[32m""[31m
            [33mtype[31m=[32m"password"[31m
            [33mvalue[31m=[32m""[31m
          [36m/>[31m
        [36m</div>[31m
        [36m<button[31m
          [33maria-label[31m=[32m"Create your account"[31m
          [33mclass[31m=[32m"submit-button"[31m
          [33mdisabled[31m=[32m""[31m
          [33mtype[31m=[32m"submit"[31m
        [36m>[31m
          [0mCreate Account[0m
        [36m</button>[31m
      [36m</form>[31m
      [36m<footer[31m
        [33mclass[31m=[32m"register-footer"[31m
      [36m>[31m
        [36m<div[31m
          [33mclass[31m=[32m"login-prompt"[31m
        [36m>[31m
          [0mAlready have an account?[0m
          [0m [0m
          [36m<a[31m
            [33mclass[31m=[32m"login-link"[31m
            [33mhref[31m=[32m"/login"[31m
          [36m>[31m
            [0mSign in here[0m
          [36m</a>[31m
        [36m</div>[31m
        [36m<div[31m
          [33mclass[31m=[32m"legal-links"[31m
        [36m>[31m
          [36m<span[31m
            [33mclass[31m=[32m"legal-text"[31m
          [36m>[31m
            [0mBy creating an account, you agree to our[0m
            [0m [0m
            [36m<a[31m
              [33mclass[31m=[32m"legal-link"[31m
              [33mhref[31m=[32m"/terms"[31m
            [36m>[31m
              [0mTerms of Service[0m
            [36m</a>[31m
            [0m [0m
            [0mand[0m
            [0m [0m
            [36m<a[31m
              [33mclass[31m=[32m"legal-link"[31m
              [33mhref[31m=[32m"/privacy"[31m
            [36m>[31m
              [0mPrivacy Policy[0m
            [36m</a>[31m
          [36m</span>[31m
        [36m</div>[31m
      [36m</footer>[31m
    [36m</section>[31m
  [36m</div>[31m
[36m</body>[31m

Ignored nodes: comments, script, style
[36m<html>[31m
  [36m<head />[31m
  [36m<body>[31m
    [36m<div>[31m
      [36m<section[31m
        [33mclass[31m=[32m"register-container"[31m
      [36m>[31m
        [36m<header[31m
          [33mclass[31m=[32m"register-header"[31m
        [36m>[31m
          [36m<h1>[31m
            [0mCreate Account[0m
          [36m</h1>[31m
          [36m<p>[31m
            [0mJoin ParaSocial and start sharing your content[0m
          [36m</p>[31m
        [36m</header>[31m
        [36m<form[31m
          [33mclass[31m=[32m"register-form"[31m
          [33mnovalidate[31m=[32m""[31m
        [36m>[31m
          [36m<div[31m
            [33mclass[31m=[32m"form-group"[31m
          [36m>[31m
            [36m<label[31m
              [33mclass[31m=[32m"form-label"[31m
              [33mfor[31m=[32m"email"[31m
            [36m>[31m
              [0mEmail Address[0m
            [36m</label>[31m
            [36m<input[31m
              [33mautocomplete[31m=[32m"email"[31m
              [33mclass[31m=[32m"form-input "[31m
              [33mid[31m=[32m"email"[31m
              [33mname[31m=[32m"email"[31m
              [33mplaceholder[31m=[32m"Enter your email"[31m
              [33mrequired[31m=[32m""[31m
              [33mtype[31m=[32m"email"[31m
              [33mvalue[31m=[32m"invalid-email"[31m
            [36m/>[31m
          [36m</div>[31m
          [36m<div[31m
            [33mclass[31m=[32m"form-group"[31m
          [36m>[31m
            [36m<label[31m
              [33mclass[31m=[32m"form-label"[31m
              [33mfor[31m=[32m"username"[31m
            [36m>[31m
              [0mUsername[0m
            [36m</label>[31m
            [36m<input[31m
              [33mautocomplete[31m=[32m"username"[31m
              [33mclass[31m=[32m"form-input "[31m
              [33mid[31m=[32m"username"[31m
              [33mname[31m=[32m"username"[31m
              [33mplaceholder[31m=[32m"Choose a username"[31m
              [33mrequired[31m=[32m""[31m
              [33mtype[31m=[32m"text"[31m
              [33mvalue[31m=[32m""[31m
            [36m/>[31m
          [36m</div>[31m
          [36m<div[31m
            [33mclass[31m=[32m"form-group"[31m
          [36m>[31m
            [36m<label[31m
              [33mclass[31m=[32m"form-label"[31m
              [33mfor[31m=[32m"displayName"[31m
            [36m>[31m
              [0mDisplay Name (Optional)[0m
            [36m</label>[31m
            [36m<input[31m
              [33mautocomplete[31m=[32m"name"[31m
              [33mclass[31m=[32m"form-input"[31m
              [33mid[31m=[32m"displayName"[31m
              [33mname[31m=[32m"displayName"[31m
              [33mplaceholder[31m=[32m"How should others see your name?"[31m
              [33mtype[31m=[32m"text"[31m
              [33mvalue[31m=[32m""[31m
            [36m/>[31m
          [36m</div>[31m
          [36m<div[31m
            [33mclass[31m=[32m"form-group"[31m
          [36m>[31m
            [36m<label[31m
              [33mclass[31m=[32m"form-label"[31m
              [33mfor[31m=[32m"password"[31m
            [36m>[31m
              [0mPassword[0m
            [36m</label>[31m
            [36m<input[31m
              [33mautocomplete[31m=[32m"new-password"[31m
              [33mclass[31m=[32m"form-input "[31m
              [33mid[31m=[32m"password"[31m
              [33mname[31m=[32m"password"[31m
              [33mplaceholder[31m=[32m"Create a strong password"[31m
              [33mrequired[31m=[32m""[31m
              [33mtype[31m=[32m"password"[31m
              [33mvalue[31m=[32m""[31m
            [36m/>[31m
          [36m</div>[31m
          [36m<div[31m
            [33mclass[31m=[32m"form-group"[31m
          [36m>[31m
            [36m<label[31m
              [33mclass[31m=[32m"form-label"[31m
              [33mfor[31m=[32m"confirmPassword"[31m
            [36m>[31m
              [0mConfirm Password[0m
            [36m</label>[31m
            [36m<input[31m
              [33mautocomplete[31m=[32m"new-password"[31m
              [33mclass[31m=[32m"form-input "[31m
              [33mid[31m=[32m"confirmPassword"[31m
              [33mname[31m=[32m"confirmPassword"[31m
              [33mplaceholder[31m=[32m"Confirm your password"[31m
              [33mrequired[31m=[32m""[31m
              [33mtype[31m=[32m"password"[31m
              [33mvalue[31m=[32m""[31m
            [36m/>[31m
          [36m</div>[31m
          [36m<button[31m
            [33maria-label[31m=[32m"Create your account"[31m
            [33mclass[31m=[32m"submit-button"[31m
            [33mdisabled[31m=[32m""[31m
            [33mtype[31m=[32m"submit"[31m
          [36m>[31m
            [0mCreate Account[0m
          [36m</button>[31m
        [36m</form>[31m
        [36m<footer[31m
          [33mclass[31m=[32m"register-footer"[31m
        [36m>[31m
          [36m<div[31m
            [33mclass[31m=[32m"login-prompt"[31m
          [36m>[31m
            [0mAlready have an account?[0m
            [0m [0m
            [36m<a[31m
              [33mclass[31m=[32m"login-link"[31m
              [33mhref[31m=[32m"/login"[31m
            [36m>[31m
              [0mSign in here[0m
            [36m</a>[31m
          [36m</div>[31m
          [36m<div[31m
            [33mclass[31m=[32m"legal-links"[31m
          [36m>[31m
            [36m<span[31m
              [33mclass[31m=[32m"legal-text"[31m
            [36m>[31m
              [0mBy creating an account, you agree to our[0m
              [0m [0m
              [36m<a[31m
                [33mclass[31m=[32m"legal-link"[31m
                [33mhref[31m=[32m"/terms"[31m
              [36m>[31m
                [0mTerms of Service[0m
              [36m</a>[31m
              [0m [0m
              [0mand[0m
              [0m [0m
              [36m<a[31m
                [33mclass[31m=[32m"legal-link"[31m
                [33mhref[31m=[32m"/privacy"[31m
              [36m>[31m
                [0mPrivacy Policy[0m
              [36m</a>[31m
            [36m</span>[31m
          [36m</div>[31m
        [36m</footer>[31m
      [36m</section>[31m
    [36m</div>[31m
  [36m</body>[31m
[36m</html>[31m[39m
[31m   [31m├ù[31m RegisterComponent - User Interactions[2m > [22mForm Validation[2m > [22mshould validate username length and format[39m[33m 1142[2mms[22m[39m
[31m     ΓåÆ Unable to find an element with the text: /username must be at least 3 characters/i. This could be because the text is broken up by multiple elements. In this case, you can provide a function for your text matcher to make your matcher more flexible.

Ignored nodes: comments, script, style
[36m<body>[31m
  [36m<div>[31m
    [36m<section[31m
      [33mclass[31m=[32m"register-container"[31m
    [36m>[31m
      [36m<header[31m
        [33mclass[31m=[32m"register-header"[31m
      [36m>[31m
        [36m<h1>[31m
          [0mCreate Account[0m
        [36m</h1>[31m
        [36m<p>[31m
          [0mJoin ParaSocial and start sharing your content[0m
        [36m</p>[31m
      [36m</header>[31m
      [36m<form[31m
        [33mclass[31m=[32m"register-form"[31m
        [33mnovalidate[31m=[32m""[31m
      [36m>[31m
        [36m<div[31m
          [33mclass[31m=[32m"form-group"[31m
        [36m>[31m
          [36m<label[31m
            [33mclass[31m=[32m"form-label"[31m
            [33mfor[31m=[32m"email"[31m
          [36m>[31m
            [0mEmail Address[0m
          [36m</label>[31m
          [36m<input[31m
            [33mautocomplete[31m=[32m"email"[31m
            [33mclass[31m=[32m"form-input "[31m
            [33mid[31m=[32m"email"[31m
            [33mname[31m=[32m"email"[31m
            [33mplaceholder[31m=[32m"Enter your email"[31m
            [33mrequired[31m=[32m""[31m
            [33mtype[31m=[32m"email"[31m
            [33mvalue[31m=[32m""[31m
          [36m/>[31m
        [36m</div>[31m
        [36m<div[31m
          [33mclass[31m=[32m"form-group"[31m
        [36m>[31m
          [36m<label[31m
            [33mclass[31m=[32m"form-label"[31m
            [33mfor[31m=[32m"username"[31m
          [36m>[31m
            [0mUsername[0m
          [36m</label>[31m
          [36m<input[31m
            [33mautocomplete[31m=[32m"username"[31m
            [33mclass[31m=[32m"form-input "[31m
            [33mid[31m=[32m"username"[31m
            [33mname[31m=[32m"username"[31m
            [33mplaceholder[31m=[32m"Choose a username"[31m
            [33mrequired[31m=[32m""[31m
            [33mtype[31m=[32m"text"[31m
            [33mvalue[31m=[32m"ab"[31m
          [36m/>[31m
        [36m</div>[31m
        [36m<div[31m
          [33mclass[31m=[32m"form-group"[31m
        [36m>[31m
          [36m<label[31m
            [33mclass[31m=[32m"form-label"[31m
            [33mfor[31m=[32m"displayName"[31m
          [36m>[31m
            [0mDisplay Name (Optional)[0m
          [36m</label>[31m
          [36m<input[31m
            [33mautocomplete[31m=[32m"name"[31m
            [33mclass[31m=[32m"form-input"[31m
            [33mid[31m=[32m"displayName"[31m
            [33mname[31m=[32m"displayName"[31m
            [33mplaceholder[31m=[32m"How should others see your name?"[31m
            [33mtype[31m=[32m"text"[31m
            [33mvalue[31m=[32m""[31m
          [36m/>[31m
        [36m</div>[31m
        [36m<div[31m
          [33mclass[31m=[32m"form-group"[31m
        [36m>[31m
          [36m<label[31m
            [33mclass[31m=[32m"form-label"[31m
            [33mfor[31m=[32m"password"[31m
          [36m>[31m
            [0mPassword[0m
          [36m</label>[31m
          [36m<input[31m
            [33mautocomplete[31m=[32m"new-password"[31m
            [33mclass[31m=[32m"form-input "[31m
            [33mid[31m=[32m"password"[31m
            [33mname[31m=[32m"password"[31m
            [33mplaceholder[31m=[32m"Create a strong password"[31m
            [33mrequired[31m=[32m""[31m
            [33mtype[31m=[32m"password"[31m
            [33mvalue[31m=[32m""[31m
          [36m/>[31m
        [36m</div>[31m
        [36m<div[31m
          [33mclass[31m=[32m"form-group"[31m
        [36m>[31m
          [36m<label[31m
            [33mclass[31m=[32m"form-label"[31m
            [33mfor[31m=[32m"confirmPassword"[31m
          [36m>[31m
            [0mConfirm Password[0m
          [36m</label>[31m
          [36m<input[31m
            [33mautocomplete[31m=[32m"new-password"[31m
            [33mclass[31m=[32m"form-input "[31m
            [33mid[31m=[32m"confirmPassword"[31m
            [33mname[31m=[32m"confirmPassword"[31m
            [33mplaceholder[31m=[32m"Confirm your password"[31m
            [33mrequired[31m=[32m""[31m
            [33mtype[31m=[32m"password"[31m
            [33mvalue[31m=[32m""[31m
          [36m/>[31m
        [36m</div>[31m
        [36m<button[31m
          [33maria-label[31m=[32m"Create your account"[31m
          [33mclass[31m=[32m"submit-button"[31m
          [33mdisabled[31m=[32m""[31m
          [33mtype[31m=[32m"submit"[31m
        [36m>[31m
          [0mCreate Account[0m
        [36m</button>[31m
      [36m</form>[31m
      [36m<footer[31m
        [33mclass[31m=[32m"register-footer"[31m
      [36m>[31m
        [36m<div[31m
          [33mclass[31m=[32m"login-prompt"[31m
        [36m>[31m
          [0mAlready have an account?[0m
          [0m [0m
          [36m<a[31m
            [33mclass[31m=[32m"login-link"[31m
            [33mhref[31m=[32m"/login"[31m
          [36m>[31m
            [0mSign in here[0m
          [36m</a>[31m
        [36m</div>[31m
        [36m<div[31m
          [33mclass[31m=[32m"legal-links"[31m
        [36m>[31m
          [36m<span[31m
            [33mclass[31m=[32m"legal-text"[31m
          [36m>[31m
            [0mBy creating an account, you agree to our[0m
            [0m [0m
            [36m<a[31m
              [33mclass[31m=[32m"legal-link"[31m
              [33mhref[31m=[32m"/terms"[31m
            [36m>[31m
              [0mTerms of Service[0m
            [36m</a>[31m
            [0m [0m
            [0mand[0m
            [0m [0m
            [36m<a[31m
              [33mclass[31m=[32m"legal-link"[31m
              [33mhref[31m=[32m"/privacy"[31m
            [36m>[31m
              [0mPrivacy Policy[0m
            [36m</a>[31m
          [36m</span>[31m
        [36m</div>[31m
      [36m</footer>[31m
    [36m</section>[31m
  [36m</div>[31m
[36m</body>[31m

Ignored nodes: comments, script, style
[36m<html>[31m
  [36m<head />[31m
  [36m<body>[31m
    [36m<div>[31m
      [36m<section[31m
        [33mclass[31m=[32m"register-container"[31m
      [36m>[31m
        [36m<header[31m
          [33mclass[31m=[32m"register-header"[31m
        [36m>[31m
          [36m<h1>[31m
            [0mCreate Account[0m
          [36m</h1>[31m
          [36m<p>[31m
            [0mJoin ParaSocial and start sharing your content[0m
          [36m</p>[31m
        [36m</header>[31m
        [36m<form[31m
          [33mclass[31m=[32m"register-form"[31m
          [33mnovalidate[31m=[32m""[31m
        [36m>[31m
          [36m<div[31m
            [33mclass[31m=[32m"form-group"[31m
          [36m>[31m
            [36m<label[31m
              [33mclass[31m=[32m"form-label"[31m
              [33mfor[31m=[32m"email"[31m
            [36m>[31m
              [0mEmail Address[0m
            [36m</label>[31m
            [36m<input[31m
              [33mautocomplete[31m=[32m"email"[31m
              [33mclass[31m=[32m"form-input "[31m
              [33mid[31m=[32m"email"[31m
              [33mname[31m=[32m"email"[31m
              [33mplaceholder[31m=[32m"Enter your email"[31m
              [33mrequired[31m=[32m""[31m
              [33mtype[31m=[32m"email"[31m
              [33mvalue[31m=[32m""[31m
            [36m/>[31m
          [36m</div>[31m
          [36m<div[31m
            [33mclass[31m=[32m"form-group"[31m
          [36m>[31m
            [36m<label[31m
              [33mclass[31m=[32m"form-label"[31m
              [33mfor[31m=[32m"username"[31m
            [36m>[31m
              [0mUsername[0m
            [36m</label>[31m
            [36m<input[31m
              [33mautocomplete[31m=[32m"username"[31m
              [33mclass[31m=[32m"form-input "[31m
              [33mid[31m=[32m"username"[31m
              [33mname[31m=[32m"username"[31m
              [33mplaceholder[31m=[32m"Choose a username"[31m
              [33mrequired[31m=[32m""[31m
              [33mtype[31m=[32m"text"[31m
              [33mvalue[31m=[32m"ab"[31m
            [36m/>[31m
          [36m</div>[31m
          [36m<div[31m
            [33mclass[31m=[32m"form-group"[31m
          [36m>[31m
            [36m<label[31m
              [33mclass[31m=[32m"form-label"[31m
              [33mfor[31m=[32m"displayName"[31m
            [36m>[31m
              [0mDisplay Name (Optional)[0m
            [36m</label>[31m
            [36m<input[31m
              [33mautocomplete[31m=[32m"name"[31m
              [33mclass[31m=[32m"form-input"[31m
              [33mid[31m=[32m"displayName"[31m
              [33mname[31m=[32m"displayName"[31m
              [33mplaceholder[31m=[32m"How should others see your name?"[31m
              [33mtype[31m=[32m"text"[31m
              [33mvalue[31m=[32m""[31m
            [36m/>[31m
          [36m</div>[31m
          [36m<div[31m
            [33mclass[31m=[32m"form-group"[31m
          [36m>[31m
            [36m<label[31m
              [33mclass[31m=[32m"form-label"[31m
              [33mfor[31m=[32m"password"[31m
            [36m>[31m
              [0mPassword[0m
            [36m</label>[31m
            [36m<input[31m
              [33mautocomplete[31m=[32m"new-password"[31m
              [33mclass[31m=[32m"form-input "[31m
              [33mid[31m=[32m"password"[31m
              [33mname[31m=[32m"password"[31m
              [33mplaceholder[31m=[32m"Create a strong password"[31m
              [33mrequired[31m=[32m""[31m
              [33mtype[31m=[32m"password"[31m
              [33mvalue[31m=[32m""[31m
            [36m/>[31m
          [36m</div>[31m
          [36m<div[31m
            [33mclass[31m=[32m"form-group"[31m
          [36m>[31m
            [36m<label[31m
              [33mclass[31m=[32m"form-label"[31m
              [33mfor[31m=[32m"confirmPassword"[31m
            [36m>[31m
              [0mConfirm Password[0m
            [36m</label>[31m
            [36m<input[31m
              [33mautocomplete[31m=[32m"new-password"[31m
              [33mclass[31m=[32m"form-input "[31m
              [33mid[31m=[32m"confirmPassword"[31m
              [33mname[31m=[32m"confirmPassword"[31m
              [33mplaceholder[31m=[32m"Confirm your password"[31m
              [33mrequired[31m=[32m""[31m
              [33mtype[31m=[32m"password"[31m
              [33mvalue[31m=[32m""[31m
            [36m/>[31m
          [36m</div>[31m
          [36m<button[31m
            [33maria-label[31m=[32m"Create your account"[31m
            [33mclass[31m=[32m"submit-button"[31m
            [33mdisabled[31m=[32m""[31m
            [33mtype[31m=[32m"submit"[31m
          [36m>[31m
            [0mCreate Account[0m
          [36m</button>[31m
        [36m</form>[31m
        [36m<footer[31m
          [33mclass[31m=[32m"register-footer"[31m
        [36m>[31m
          [36m<div[31m
            [33mclass[31m=[32m"login-prompt"[31m
          [36m>[31m
            [0mAlready have an account?[0m
            [0m [0m
            [36m<a[31m
              [33mclass[31m=[32m"login-link"[31m
              [33mhref[31m=[32m"/login"[31m
            [36m>[31m
              [0mSign in here[0m
            [36m</a>[31m
          [36m</div>[31m
          [36m<div[31m
            [33mclass[31m=[32m"legal-links"[31m
          [36m>[31m
            [36m<span[31m
              [33mclass[31m=[32m"legal-text"[31m
            [36m>[31m
              [0mBy creating an account, you agree to our[0m
              [0m [0m
              [36m<a[31m
                [33mclass[31m=[32m"legal-link"[31m
                [33mhref[31m=[32m"/terms"[31m
              [36m>[31m
                [0mTerms of Service[0m
              [36m</a>[31m
              [0m [0m
              [0mand[0m
              [0m [0m
              [36m<a[31m
                [33mclass[31m=[32m"legal-link"[31m
                [33mhref[31m=[32m"/privacy"[31m
              [36m>[31m
                [0mPrivacy Policy[0m
              [36m</a>[31m
            [36m</span>[31m
          [36m</div>[31m
        [36m</footer>[31m
      [36m</section>[31m
    [36m</div>[31m
  [36m</body>[31m
[36m</html>[31m[39m
[31m   [31m├ù[31m RegisterComponent - User Interactions[2m > [22mForm Validation[2m > [22mshould validate password requirements[39m[33m 1180[2mms[22m[39m
[31m     ΓåÆ Unable to find an element with the text: /password must be at least 8 characters/i. This could be because the text is broken up by multiple elements. In this case, you can provide a function for your text matcher to make your matcher more flexible.

Ignored nodes: comments, script, style
[36m<body>[31m
  [36m<div>[31m
    [36m<section[31m
      [33mclass[31m=[32m"register-container"[31m
    [36m>[31m
      [36m<header[31m
        [33mclass[31m=[32m"register-header"[31m
      [36m>[31m
        [36m<h1>[31m
          [0mCreate Account[0m
        [36m</h1>[31m
        [36m<p>[31m
          [0mJoin ParaSocial and start sharing your content[0m
        [36m</p>[31m
      [36m</header>[31m
      [36m<form[31m
        [33mclass[31m=[32m"register-form"[31m
        [33mnovalidate[31m=[32m""[31m
      [36m>[31m
        [36m<div[31m
          [33mclass[31m=[32m"form-group"[31m
        [36m>[31m
          [36m<label[31m
            [33mclass[31m=[32m"form-label"[31m
            [33mfor[31m=[32m"email"[31m
          [36m>[31m
            [0mEmail Address[0m
          [36m</label>[31m
          [36m<input[31m
            [33mautocomplete[31m=[32m"email"[31m
            [33mclass[31m=[32m"form-input "[31m
            [33mid[31m=[32m"email"[31m
            [33mname[31m=[32m"email"[31m
            [33mplaceholder[31m=[32m"Enter your email"[31m
            [33mrequired[31m=[32m""[31m
            [33mtype[31m=[32m"email"[31m
            [33mvalue[31m=[32m""[31m
          [36m/>[31m
        [36m</div>[31m
        [36m<div[31m
          [33mclass[31m=[32m"form-group"[31m
        [36m>[31m
          [36m<label[31m
            [33mclass[31m=[32m"form-label"[31m
            [33mfor[31m=[32m"username"[31m
          [36m>[31m
            [0mUsername[0m
          [36m</label>[31m
          [36m<input[31m
            [33mautocomplete[31m=[32m"username"[31m
            [33mclass[31m=[32m"form-input "[31m
            [33mid[31m=[32m"username"[31m
            [33mname[31m=[32m"username"[31m
            [33mplaceholder[31m=[32m"Choose a username"[31m
            [33mrequired[31m=[32m""[31m
            [33mtype[31m=[32m"text"[31m
            [33mvalue[31m=[32m""[31m
          [36m/>[31m
        [36m</div>[31m
        [36m<div[31m
          [33mclass[31m=[32m"form-group"[31m
        [36m>[31m
          [36m<label[31m
            [33mclass[31m=[32m"form-label"[31m
            [33mfor[31m=[32m"displayName"[31m
          [36m>[31m
            [0mDisplay Name (Optional)[0m
          [36m</label>[31m
          [36m<input[31m
            [33mautocomplete[31m=[32m"name"[31m
            [33mclass[31m=[32m"form-input"[31m
            [33mid[31m=[32m"displayName"[31m
            [33mname[31m=[32m"displayName"[31m
            [33mplaceholder[31m=[32m"How should others see your name?"[31m
            [33mtype[31m=[32m"text"[31m
            [33mvalue[31m=[32m""[31m
          [36m/>[31m
        [36m</div>[31m
        [36m<div[31m
          [33mclass[31m=[32m"form-group"[31m
        [36m>[31m
          [36m<label[31m
            [33mclass[31m=[32m"form-label"[31m
            [33mfor[31m=[32m"password"[31m
          [36m>[31m
            [0mPassword[0m
          [36m</label>[31m
          [36m<input[31m
            [33mautocomplete[31m=[32m"new-password"[31m
            [33mclass[31m=[32m"form-input "[31m
            [33mid[31m=[32m"password"[31m
            [33mname[31m=[32m"password"[31m
            [33mplaceholder[31m=[32m"Create a strong password"[31m
            [33mrequired[31m=[32m""[31m
            [33mtype[31m=[32m"password"[31m
            [33mvalue[31m=[32m"short"[31m
          [36m/>[31m
        [36m</div>[31m
        [36m<div[31m
          [33mclass[31m=[32m"form-group"[31m
        [36m>[31m
          [36m<label[31m
            [33mclass[31m=[32m"form-label"[31m
            [33mfor[31m=[32m"confirmPassword"[31m
          [36m>[31m
            [0mConfirm Password[0m
          [36m</label>[31m
          [36m<input[31m
            [33mautocomplete[31m=[32m"new-password"[31m
            [33mclass[31m=[32m"form-input "[31m
            [33mid[31m=[32m"confirmPassword"[31m
            [33mname[31m=[32m"confirmPassword"[31m
            [33mplaceholder[31m=[32m"Confirm your password"[31m
            [33mrequired[31m=[32m""[31m
            [33mtype[31m=[32m"password"[31m
            [33mvalue[31m=[32m""[31m
          [36m/>[31m
        [36m</div>[31m
        [36m<button[31m
          [33maria-label[31m=[32m"Create your account"[31m
          [33mclass[31m=[32m"submit-button"[31m
          [33mdisabled[31m=[32m""[31m
          [33mtype[31m=[32m"submit"[31m
        [36m>[31m
          [0mCreate Account[0m
        [36m</button>[31m
      [36m</form>[31m
      [36m<footer[31m
        [33mclass[31m=[32m"register-footer"[31m
      [36m>[31m
        [36m<div[31m
          [33mclass[31m=[32m"login-prompt"[31m
        [36m>[31m
          [0mAlready have an account?[0m
          [0m [0m
          [36m<a[31m
            [33mclass[31m=[32m"login-link"[31m
            [33mhref[31m=[32m"/login"[31m
          [36m>[31m
            [0mSign in here[0m
          [36m</a>[31m
        [36m</div>[31m
        [36m<div[31m
          [33mclass[31m=[32m"legal-links"[31m
        [36m>[31m
          [36m<span[31m
            [33mclass[31m=[32m"legal-text"[31m
          [36m>[31m
            [0mBy creating an account, you agree to our[0m
            [0m [0m
            [36m<a[31m
              [33mclass[31m=[32m"legal-link"[31m
              [33mhref[31m=[32m"/terms"[31m
            [36m>[31m
              [0mTerms of Service[0m
            [36m</a>[31m
            [0m [0m
            [0mand[0m
            [0m [0m
            [36m<a[31m
              [33mclass[31m=[32m"legal-link"[31m
              [33mhref[31m=[32m"/privacy"[31m
            [36m>[31m
              [0mPrivacy Policy[0m
            [36m</a>[31m
          [36m</span>[31m
        [36m</div>[31m
      [36m</footer>[31m
    [36m</section>[31m
  [36m</div>[31m
[36m</body>[31m

Ignored nodes: comments, script, style
[36m<html>[31m
  [36m<head />[31m
  [36m<body>[31m
    [36m<div>[31m
      [36m<section[31m
        [33mclass[31m=[32m"register-container"[31m
      [36m>[31m
        [36m<header[31m
          [33mclass[31m=[32m"register-header"[31m
        [36m>[31m
          [36m<h1>[31m
            [0mCreate Account[0m
          [36m</h1>[31m
          [36m<p>[31m
            [0mJoin ParaSocial and start sharing your content[0m
          [36m</p>[31m
        [36m</header>[31m
        [36m<form[31m
          [33mclass[31m=[32m"register-form"[31m
          [33mnovalidate[31m=[32m""[31m
        [36m>[31m
          [36m<div[31m
            [33mclass[31m=[32m"form-group"[31m
          [36m>[31m
            [36m<label[31m
              [33mclass[31m=[32m"form-label"[31m
              [33mfor[31m=[32m"email"[31m
            [36m>[31m
              [0mEmail Address[0m
            [36m</label>[31m
            [36m<input[31m
              [33mautocomplete[31m=[32m"email"[31m
              [33mclass[31m=[32m"form-input "[31m
              [33mid[31m=[32m"email"[31m
              [33mname[31m=[32m"email"[31m
              [33mplaceholder[31m=[32m"Enter your email"[31m
              [33mrequired[31m=[32m""[31m
              [33mtype[31m=[32m"email"[31m
              [33mvalue[31m=[32m""[31m
            [36m/>[31m
          [36m</div>[31m
          [36m<div[31m
            [33mclass[31m=[32m"form-group"[31m
          [36m>[31m
            [36m<label[31m
              [33mclass[31m=[32m"form-label"[31m
              [33mfor[31m=[32m"username"[31m
            [36m>[31m
              [0mUsername[0m
            [36m</label>[31m
            [36m<input[31m
              [33mautocomplete[31m=[32m"username"[31m
              [33mclass[31m=[32m"form-input "[31m
              [33mid[31m=[32m"username"[31m
              [33mname[31m=[32m"username"[31m
              [33mplaceholder[31m=[32m"Choose a username"[31m
              [33mrequired[31m=[32m""[31m
              [33mtype[31m=[32m"text"[31m
              [33mvalue[31m=[32m""[31m
            [36m/>[31m
          [36m</div>[31m
          [36m<div[31m
            [33mclass[31m=[32m"form-group"[31m
          [36m>[31m
            [36m<label[31m
              [33mclass[31m=[32m"form-label"[31m
              [33mfor[31m=[32m"displayName"[31m
            [36m>[31m
              [0mDisplay Name (Optional)[0m
            [36m</label>[31m
            [36m<input[31m
              [33mautocomplete[31m=[32m"name"[31m
              [33mclass[31m=[32m"form-input"[31m
              [33mid[31m=[32m"displayName"[31m
              [33mname[31m=[32m"displayName"[31m
              [33mplaceholder[31m=[32m"How should others see your name?"[31m
              [33mtype[31m=[32m"text"[31m
              [33mvalue[31m=[32m""[31m
            [36m/>[31m
          [36m</div>[31m
          [36m<div[31m
            [33mclass[31m=[32m"form-group"[31m
          [36m>[31m
            [36m<label[31m
              [33mclass[31m=[32m"form-label"[31m
              [33mfor[31m=[32m"password"[31m
            [36m>[31m
              [0mPassword[0m
            [36m</label>[31m
            [36m<input[31m
              [33mautocomplete[31m=[32m"new-password"[31m
              [33mclass[31m=[32m"form-input "[31m
              [33mid[31m=[32m"password"[31m
              [33mname[31m=[32m"password"[31m
              [33mplaceholder[31m=[32m"Create a strong password"[31m
              [33mrequired[31m=[32m""[31m
              [33mtype[31m=[32m"password"[31m
              [33mvalue[31m=[32m"short"[31m
            [36m/>[31m
          [36m</div>[31m
          [36m<div[31m
            [33mclass[31m=[32m"form-group"[31m
          [36m>[31m
            [36m<label[31m
              [33mclass[31m=[32m"form-label"[31m
              [33mfor[31m=[32m"confirmPassword"[31m
            [36m>[31m
              [0mConfirm Password[0m
            [36m</label>[31m
            [36m<input[31m
              [33mautocomplete[31m=[32m"new-password"[31m
              [33mclass[31m=[32m"form-input "[31m
              [33mid[31m=[32m"confirmPassword"[31m
              [33mname[31m=[32m"confirmPassword"[31m
              [33mplaceholder[31m=[32m"Confirm your password"[31m
              [33mrequired[31m=[32m""[31m
              [33mtype[31m=[32m"password"[31m
              [33mvalue[31m=[32m""[31m
            [36m/>[31m
          [36m</div>[31m
          [36m<button[31m
            [33maria-label[31m=[32m"Create your account"[31m
            [33mclass[31m=[32m"submit-button"[31m
            [33mdisabled[31m=[32m""[31m
            [33mtype[31m=[32m"submit"[31m
          [36m>[31m
            [0mCreate Account[0m
          [36m</button>[31m
        [36m</form>[31m
        [36m<footer[31m
          [33mclass[31m=[32m"register-footer"[31m
        [36m>[31m
          [36m<div[31m
            [33mclass[31m=[32m"login-prompt"[31m
          [36m>[31m
            [0mAlready have an account?[0m
            [0m [0m
            [36m<a[31m
              [33mclass[31m=[32m"login-link"[31m
              [33mhref[31m=[32m"/login"[31m
            [36m>[31m
              [0mSign in here[0m
            [36m</a>[31m
          [36m</div>[31m
          [36m<div[31m
            [33mclass[31m=[32m"legal-links"[31m
          [36m>[31m
            [36m<span[31m
              [33mclass[31m=[32m"legal-text"[31m
            [36m>[31m
              [0mBy creating an account, you agree to our[0m
              [0m [0m
              [36m<a[31m
                [33mclass[31m=[32m"legal-link"[31m
                [33mhref[31m=[32m"/terms"[31m
              [36m>[31m
                [0mTerms of Service[0m
              [36m</a>[31m
              [0m [0m
              [0mand[0m
              [0m [0m
              [36m<a[31m
                [33mclass[31m=[32m"legal-link"[31m
                [33mhref[31m=[32m"/privacy"[31m
              [36m>[31m
                [0mPrivacy Policy[0m
              [36m</a>[31m
            [36m</span>[31m
          [36m</div>[31m
        [36m</footer>[31m
      [36m</section>[31m
    [36m</div>[31m
  [36m</body>[31m
[36m</html>[31m[39m
   [33m[2mΓ£ô[22m[39m RegisterComponent - User Interactions[2m > [22mForm Validation[2m > [22mshould validate password confirmation matches [33m 663[2mms[22m[39m
   [33m[2mΓ£ô[22m[39m RegisterComponent - User Interactions[2m > [22mForm Validation[2m > [22mshould enable submit button when all required fields are valid [33m 1176[2mms[22m[39m
   [33m[2mΓ£ô[22m[39m RegisterComponent - User Interactions[2m > [22mForm Validation[2m > [22mshould disable submit button if any required field is empty [33m 893[2mms[22m[39m
   [33m[2mΓ£ô[22m[39m RegisterComponent - User Interactions[2m > [22mForm Submission[2m > [22mshould call API with correct data on form submission [33m 1478[2mms[22m[39m
   [33m[2mΓ£ô[22m[39m RegisterComponent - User Interactions[2m > [22mForm Submission[2m > [22mshould use username as displayName when displayName is empty [33m 1238[2mms[22m[39m
   [33m[2mΓ£ô[22m[39m RegisterComponent - User Interactions[2m > [22mForm Submission[2m > [22mshould use custom apiBaseUrl when provided [33m 1236[2mms[22m[39m
   [33m[2mΓ£ô[22m[39m RegisterComponent - User Interactions[2m > [22mForm Submission[2m > [22mshould not submit form if validation fails [33m 677[2mms[22m[39m
   [33m[2mΓ£ô[22m[39m RegisterComponent - User Interactions[2m > [22mLoading States[2m > [22mshould show loading state during form submission [33m 1299[2mms[22m[39m
   [33m[2mΓ£ô[22m[39m RegisterComponent - User Interactions[2m > [22mLoading States[2m > [22mshould disable form fields during loading [33m 1296[2mms[22m[39m
   [33m[2mΓ£ô[22m[39m RegisterComponent - User Interactions[2m > [22mSuccess Handling[2m > [22mshould store token in localStorage on successful registration [33m 1253[2mms[22m[39m
   [33m[2mΓ£ô[22m[39m RegisterComponent - User Interactions[2m > [22mSuccess Handling[2m > [22mshould call onRegisterSuccess callback with user data [33m 1187[2mms[22m[39m
   [33m[2mΓ£ô[22m[39m RegisterComponent - User Interactions[2m > [22mError Handling[2m > [22mshould display error message for failed registration [33m 1280[2mms[22m[39m
   [33m[2mΓ£ô[22m[39m RegisterComponent - User Interactions[2m > [22mError Handling[2m > [22mshould call onRegisterError callback with error message [33m 1261[2mms[22m[39m
   [33m[2mΓ£ô[22m[39m RegisterComponent - User Interactions[2m > [22mError Handling[2m > [22mshould handle network errors gracefully [33m 1237[2mms[22m[39m
node.exe : 
At C:\Program Files\nodejs\npm.ps1:29 char:3
+   & $NODE_EXE $NPM_CLI_JS $args
+   ~~~~~~~~~~~~~~~~~~~~~~~~~~~~~
    + CategoryInfo          : NotSpecified: (:String) [], RemoteException
    + FullyQualifiedErrorId : NativeCommandError
 
[31mΓÄ»ΓÄ»ΓÄ»ΓÄ»ΓÄ»ΓÄ»ΓÄ»[39m[1m[41m Failed Tests 4 [49m[22m[31mΓÄ»ΓÄ»ΓÄ»ΓÄ»ΓÄ»ΓÄ»ΓÄ»[39m

[41m[1m FAIL [22m[49m src/components/auth/RegisterComponent.interaction.test.tsx[2m > [22mRegisterComponent - User Interactions[2m > [22mForm Input Handling[2m > [22mshould clear field errors when user 
starts typing
[31m[1mTestingLibraryElementError[22m[39m: Unable to find an element with the text: /please enter a valid email/i. This could be because the text is broken up by multiple elements. In this case, you can 
provide a function for your text matcher to make your matcher more flexible.

Ignored nodes: comments, script, style
[36m<body>[39m
  [36m<div>[39m
    [36m<section[39m
      [33mclass[39m=[32m"register-container"[39m
    [36m>[39m
      [36m<header[39m
        [33mclass[39m=[32m"register-header"[39m
      [36m>[39m
        [36m<h1>[39m
          [0mCreate Account[0m
        [36m</h1>[39m
        [36m<p>[39m
          [0mJoin ParaSocial and start sharing your content[0m
        [36m</p>[39m
      [36m</header>[39m
      [36m<form[39m
        [33mclass[39m=[32m"register-form"[39m
        [33mnovalidate[39m=[32m""[39m
      [36m>[39m
        [36m<div[39m
          [33mclass[39m=[32m"form-group"[39m
        [36m>[39m
          [36m<label[39m
            [33mclass[39m=[32m"form-label"[39m
            [33mfor[39m=[32m"email"[39m
          [36m>[39m
            [0mEmail Address[0m
          [36m</label>[39m
          [36m<input[39m
            [33mautocomplete[39m=[32m"email"[39m
            [33mclass[39m=[32m"form-input "[39m
            [33mid[39m=[32m"email"[39m
            [33mname[39m=[32m"email"[39m
            [33mplaceholder[39m=[32m"Enter your email"[39m
            [33mrequired[39m=[32m""[39m
            [33mtype[39m=[32m"email"[39m
            [33mvalue[39m=[32m"invalid-email"[39m
          [36m/>[39m
        [36m</div>[39m
        [36m<div[39m
          [33mclass[39m=[32m"form-group"[39m
        [36m>[39m
          [36m<label[39m
            [33mclass[39m=[32m"form-label"[39m
            [33mfor[39m=[32m"username"[39m
          [36m>[39m
            [0mUsername[0m
          [36m</label>[39m
          [36m<input[39m
            [33mautocomplete[39m=[32m"username"[39m
            [33mclass[39m=[32m"form-input "[39m
            [33mid[39m=[32m"username"[39m
            [33mname[39m=[32m"username"[39m
            [33mplaceholder[39m=[32m"Choose a username"[39m
            [33mrequired[39m=[32m""[39m
            [33mtype[39m=[32m"text"[39m
            [33mvalue[39m=[32m""[39m
          [36m/>[39m
        [36m</div>[39m
        [36m<div[39m
          [33mclass[39m=[32m"form-group"[39m
        [36m>[39m
          [36m<label[39m
            [33mclass[39m=[32m"form-label"[39m
            [33mfor[39m=[32m"displayName"[39m
          [36m>[39m
            [0mDisplay Name (Optional)[0m
          [36m</label>[39m
          [36m<input[39m
            [33mautocomplete[39m=[32m"name"[39m
            [33mclass[39m=[32m"form-input"[39m
            [33mid[39m=[32m"displayName"[39m
            [33mname[39m=[32m"displayName"[39m
            [33mplaceholder[39m=[32m"How should others see your name?"[39m
            [33mtype[39m=[32m"text"[39m
            [33mvalue[39m=[32m""[39m
          [36m/>[39m
        [36m</div>[39m
        [36m<div[39m
          [33mclass[39m=[32m"form-group"[39m
        [36m>[39m
          [36m<label[39m
            [33mclass[39m=[32m"form-label"[39m
            [33mfor[39m=[32m"password"[39m
          [36m>[39m
            [0mPassword[0m
          [36m</label>[39m
          [36m<input[39m
            [33mautocomplete[39m=[32m"new-password"[39m
            [33mclass[39m=[32m"form-input "[39m
            [33mid[39m=[32m"password"[39m
            [33mname[39m=[32m"password"[39m
            [33mplaceholder[39m=[32m"Create a strong password"[39m
            [33mrequired[39m=[32m""[39m
            [33mtype[39m=[32m"password"[39m
            [33mvalue[39m=[32m""[39m
          [36m/>[39m
        [36m</div>[39m
        [36m<div[39m
          [33mclass[39m=[32m"form-group"[39m
        [36m>[39m
          [36m<label[39m
            [33mclass[39m=[32m"form-label"[39m
            [33mfor[39m=[32m"confirmPassword"[39m
          [36m>[39m
            [0mConfirm Password[0m
          [36m</label>[39m
          [36m<input[39m
            [33mautocomplete[39m=[32m"new-password"[39m
            [33mclass[39m=[32m"form-input "[39m
            [33mid[39m=[32m"confirmPassword"[39m
            [33mname[39m=[32m"confirmPassword"[39m
            [33mplaceholder[39m=[32m"Confirm your password"[39m
            [33mrequired[39m=[32m""[39m
            [33mtype[39m=[32m"password"[39m
            [33mvalue[39m=[32m""[39m
          [36m/>[39m
        [36m</div>[39m
        [36m<button[39m
          [33maria-label[39m=[32m"Create your account"[39m
          [33mclass[39m=[32m"submit-button"[39m
          [33mdisabled[39m=[32m""[39m
          [33mtype[39m=[32m"submit"[39m
        [36m>[39m
          [0mCreate Account[0m
        [36m</button>[39m
      [36m</form>[39m
      [36m<footer[39m
        [33mclass[39m=[32m"register-footer"[39m
      [36m>[39m
        [36m<div[39m
          [33mclass[39m=[32m"login-prompt"[39m
        [36m>[39m
          [0mAlready have an account?[0m
          [0m [0m
          [36m<a[39m
            [33mclass[39m=[32m"login-link"[39m
            [33mhref[39m=[32m"/login"[39m
          [36m>[39m
            [0mSign in here[0m
          [36m</a>[39m
        [36m</div>[39m
        [36m<div[39m
          [33mclass[39m=[32m"legal-links"[39m
        [36m>[39m
          [36m<span[39m
            [33mclass[39m=[32m"legal-text"[39m
          [36m>[39m
            [0mBy creating an account, you agree to our[0m
            [0m [0m
            [36m<a[39m
              [33mclass[39m=[32m"legal-link"[39m
              [33mhref[39m=[32m"/terms"[39m
            [36m>[39m
              [0mTerms of Service[0m
            [36m</a>[39m
            [0m [0m
            [0mand[0m
            [0m [0m
            [36m<a[39m
              [33mclass[39m=[32m"legal-link"[39m
              [33mhref[39m=[32m"/privacy"[39m
            [36m>[39m
              [0mPrivacy Policy[0m
            [36m</a>[39m
          [36m</span>[39m
        [36m</div>[39m
      [36m</footer>[39m
    [36m</section>[39m
  [36m</div>[39m
[36m</body>[39m

Ignored nodes: comments, script, style
[36m<html>[39m
  [36m<head />[39m
  [36m<body>[39m
    [36m<div>[39m
      [36m<section[39m
        [33mclass[39m=[32m"register-container"[39m
      [36m>[39m
        [36m<header[39m
          [33mclass[39m=[32m"register-header"[39m
        [36m>[39m
          [36m<h1>[39m
            [0mCreate Account[0m
          [36m</h1>[39m
          [36m<p>[39m
            [0mJoin ParaSocial and start sharing your content[0m
          [36m</p>[39m
        [36m</header>[39m
        [36m<form[39m
          [33mclass[39m=[32m"register-form"[39m
          [33mnovalidate[39m=[32m""[39m
        [36m>[39m
          [36m<div[39m
            [33mclass[39m=[32m"form-group"[39m
          [36m>[39m
            [36m<label[39m
              [33mclass[39m=[32m"form-label"[39m
              [33mfor[39m=[32m"email"[39m
            [36m>[39m
              [0mEmail Address[0m
            [36m</label>[39m
            [36m<input[39m
              [33mautocomplete[39m=[32m"email"[39m
              [33mclass[39m=[32m"form-input "[39m
              [33mid[39m=[32m"email"[39m
              [33mname[39m=[32m"email"[39m
              [33mplaceholder[39m=[32m"Enter your email"[39m
              [33mrequired[39m=[32m""[39m
              [33mtype[39m=[32m"email"[39m
              [33mvalue[39m=[32m"invalid-email"[39m
            [36m/>[39m
          [36m</div>[39m
          [36m<div[39m
            [33mclass[39m=[32m"form-group"[39m
          [36m>[39m
            [36m<label[39m
              [33mclass[39m=[32m"form-label"[39m
              [33mfor[39m=[32m"username"[39m
            [36m>[39m
              [0mUsername[0m
            [36m</label>[39m
            [36m<input[39m
              [33mautocomplete[39m=[32m"username"[39m
              [33mclass[39m=[32m"form-input "[39m
              [33mid[39m=[32m"username"[39m
              [33mname[39m=[32m"username"[39m
              [33mplaceholder[39m=[32m"Choose a username"[39m
              [33mrequired[39m=[32m""[39m
              [33mtype[39m=[32m"text"[39m
              [33mvalue[39m=[32m""[39m
            [36m/>[39m
          [36m</div>[39m
          [36m<div[39m
            [33mclass[39m=[32m"form-group"[39m
          [36m>[39m
            [36m<label[39m
              [33mclass[39m=[32m"form-label"[39m
              [33mfor[39m=[32m"displayName"[39m
            [36m>[39m
              [0mDisplay Name (Optional)[0m
            [36m</label>[39m
            [36m<input[39m
              [33mautocomplete[39m=[32m"name"[39m
              [33mclass[39m=[32m"form-input"[39m
              [33mid[39m=[32m"displayName"[39m
              [33mname[39m=[32m"displayName"[39m
              [33mplaceholder[39m=[32m"How should others see your name?"[39m
              [33mtype[39m=[32m"text"[39m
              [33mvalue[39m=[32m""[39m
            [36m/>[39m
          [36m</div>[39m
          [36m<div[39m
            [33mclass[39m=[32m"form-group"[39m
          [36m>[39m
            [36m<label[39m
              [33mclass[39m=[32m"form-label"[39m
              [33mfor[39m=[32m"password"[39m
            [36m>[39m
              [0mPassword[0m
            [36m</label>[39m
            [36m<input[39m
              [33mautocomplete[39m=[32m"new-password"[39m
              [33mclass[39m=[32m"form-input "[39m
              [33mid[39m=[32m"password"[39m
              [33mname[39m=[32m"password"[39m
              [33mplaceholder[39m=[32m"Create a strong password"[39m
              [33mrequired[39m=[32m""[39m
              [33mtype[39m=[32m"password"[39m
              [33mvalue[39m=[32m""[39m
            [36m/>[39m
          [36m</div>[39m
          [36m<div[39m
            [33mclass[39m=[32m"form-group"[39m
          [36m>[39m
            [36m<label[39m
              [33mclass[39m=[32m"form-label"[39m
              [33mfor[39m=[32m"confirmPassword"[39m
            [36m>[39m
              [0mConfirm Password[0m
            [36m</label>[39m
            [36m<input[39m
              [33mautocomplete[39m=[32m"new-password"[39m
              [33mclass[39m=[32m"form-input "[39m
              [33mid[39m=[32m"confirmPassword"[39m
              [33mname[39m=[32m"confirmPassword"[39m
              [33mplaceholder[39m=[32m"Confirm your password"[39m
              [33mrequired[39m=[32m""[39m
              [33mtype[39m=[32m"password"[39m
              [33mvalue[39m=[32m""[39m
            [36m/>[39m
          [36m</div>[39m
          [36m<button[39m
            [33maria-label[39m=[32m"Create your account"[39m
            [33mclass[39m=[32m"submit-button"[39m
            [33mdisabled[39m=[32m""[39m
            [33mtype[39m=[32m"submit"[39m
          [36m>[39m
            [0mCreate Account[0m
          [36m</button>[39m
        [36m</form>[39m
        [36m<footer[39m
          [33mclass[39m=[32m"register-footer"[39m
        [36m>[39m
          [36m<div[39m
            [33mclass[39m=[32m"login-prompt"[39m
          [36m>[39m
            [0mAlready have an account?[0m
            [0m [0m
            [36m<a[39m
              [33mclass[39m=[32m"login-link"[39m
              [33mhref[39m=[32m"/login"[39m
            [36m>[39m
              [0mSign in here[0m
            [36m</a>[39m
          [36m</div>[39m
          [36m<div[39m
            [33mclass[39m=[32m"legal-links"[39m
          [36m>[39m
            [36m<span[39m
              [33mclass[39m=[32m"legal-text"[39m
            [36m>[39m
              [0mBy creating an account, you agree to our[0m
              [0m [0m
              [36m<a[39m
                [33mclass[39m=[32m"legal-link"[39m
                [33mhref[39m=[32m"/terms"[39m
              [36m>[39m
                [0mTerms of Service[0m
              [36m</a>[39m
              [0m [0m
              [0mand[0m
              [0m [0m
              [36m<a[39m
                [33mclass[39m=[32m"legal-link"[39m
                [33mhref[39m=[32m"/privacy"[39m
              [36m>[39m
                [0mPrivacy Policy[0m
              [36m</a>[39m
            [36m</span>[39m
          [36m</div>[39m
        [36m</footer>[39m
      [36m</section>[39m
    [36m</div>[39m
  [36m</body>[39m
[36m</html>[39m
[90m [2mΓ¥»[22m waitForWrapper ../../parasocial/frontend/node_modules/@testing-library/dom/dist/wait-for.js:[2m163:27[22m[39m
[90m [2mΓ¥»[22m src/components/auth/RegisterComponent.interaction.test.tsx:[2m94:13[22m[39m

[31m[2mΓÄ»ΓÄ»ΓÄ»ΓÄ»ΓÄ»ΓÄ»ΓÄ»ΓÄ»ΓÄ»ΓÄ»ΓÄ»ΓÄ»ΓÄ»ΓÄ»ΓÄ»ΓÄ»ΓÄ»ΓÄ»ΓÄ»ΓÄ»ΓÄ»ΓÄ»ΓÄ»ΓÄ»[1/4]ΓÄ»[22m[39m

[41m[1m FAIL [22m[49m src/components/auth/RegisterComponent.interaction.test.tsx[2m > [22mRegisterComponent - User Interactions[2m > [22mForm Validation[2m > [22mshould validate email format
[31m[1mTestingLibraryElementError[22m[39m: Unable to find an element with the text: /please enter a valid email/i. This could be because the text is broken up by multiple elements. In this case, you can 
provide a function for your text matcher to make your matcher more flexible.

Ignored nodes: comments, script, style
[36m<body>[39m
  [36m<div>[39m
    [36m<section[39m
      [33mclass[39m=[32m"register-container"[39m
    [36m>[39m
      [36m<header[39m
        [33mclass[39m=[32m"register-header"[39m
      [36m>[39m
        [36m<h1>[39m
          [0mCreate Account[0m
        [36m</h1>[39m
        [36m<p>[39m
          [0mJoin ParaSocial and start sharing your content[0m
        [36m</p>[39m
      [36m</header>[39m
      [36m<form[39m
        [33mclass[39m=[32m"register-form"[39m
        [33mnovalidate[39m=[32m""[39m
      [36m>[39m
        [36m<div[39m
          [33mclass[39m=[32m"form-group"[39m
        [36m>[39m
          [36m<label[39m
            [33mclass[39m=[32m"form-label"[39m
            [33mfor[39m=[32m"email"[39m
          [36m>[39m
            [0mEmail Address[0m
          [36m</label>[39m
          [36m<input[39m
            [33mautocomplete[39m=[32m"email"[39m
            [33mclass[39m=[32m"form-input "[39m
            [33mid[39m=[32m"email"[39m
            [33mname[39m=[32m"email"[39m
            [33mplaceholder[39m=[32m"Enter your email"[39m
            [33mrequired[39m=[32m""[39m
            [33mtype[39m=[32m"email"[39m
            [33mvalue[39m=[32m"invalid-email"[39m
          [36m/>[39m
        [36m</div>[39m
        [36m<div[39m
          [33mclass[39m=[32m"form-group"[39m
        [36m>[39m
          [36m<label[39m
            [33mclass[39m=[32m"form-label"[39m
            [33mfor[39m=[32m"username"[39m
          [36m>[39m
            [0mUsername[0m
          [36m</label>[39m
          [36m<input[39m
            [33mautocomplete[39m=[32m"username"[39m
            [33mclass[39m=[32m"form-input "[39m
            [33mid[39m=[32m"username"[39m
            [33mname[39m=[32m"username"[39m
            [33mplaceholder[39m=[32m"Choose a username"[39m
            [33mrequired[39m=[32m""[39m
            [33mtype[39m=[32m"text"[39m
            [33mvalue[39m=[32m""[39m
          [36m/>[39m
        [36m</div>[39m
        [36m<div[39m
          [33mclass[39m=[32m"form-group"[39m
        [36m>[39m
          [36m<label[39m
            [33mclass[39m=[32m"form-label"[39m
            [33mfor[39m=[32m"displayName"[39m
          [36m>[39m
            [0mDisplay Name (Optional)[0m
          [36m</label>[39m
          [36m<input[39m
            [33mautocomplete[39m=[32m"name"[39m
            [33mclass[39m=[32m"form-input"[39m
            [33mid[39m=[32m"displayName"[39m
            [33mname[39m=[32m"displayName"[39m
            [33mplaceholder[39m=[32m"How should others see your name?"[39m
            [33mtype[39m=[32m"text"[39m
            [33mvalue[39m=[32m""[39m
          [36m/>[39m
        [36m</div>[39m
        [36m<div[39m
          [33mclass[39m=[32m"form-group"[39m
        [36m>[39m
          [36m<label[39m
            [33mclass[39m=[32m"form-label"[39m
            [33mfor[39m=[32m"password"[39m
          [36m>[39m
            [0mPassword[0m
          [36m</label>[39m
          [36m<input[39m
            [33mautocomplete[39m=[32m"new-password"[39m
            [33mclass[39m=[32m"form-input "[39m
            [33mid[39m=[32m"password"[39m
            [33mname[39m=[32m"password"[39m
            [33mplaceholder[39m=[32m"Create a strong password"[39m
            [33mrequired[39m=[32m""[39m
            [33mtype[39m=[32m"password"[39m
            [33mvalue[39m=[32m""[39m
          [36m/>[39m
        [36m</div>[39m
        [36m<div[39m
          [33mclass[39m=[32m"form-group"[39m
        [36m>[39m
          [36m<label[39m
            [33mclass[39m=[32m"form-label"[39m
            [33mfor[39m=[32m"confirmPassword"[39m
          [36m>[39m
            [0mConfirm Password[0m
          [36m</label>[39m
          [36m<input[39m
            [33mautocomplete[39m=[32m"new-password"[39m
            [33mclass[39m=[32m"form-input "[39m
            [33mid[39m=[32m"confirmPassword"[39m
            [33mname[39m=[32m"confirmPassword"[39m
            [33mplaceholder[39m=[32m"Confirm your password"[39m
            [33mrequired[39m=[32m""[39m
            [33mtype[39m=[32m"password"[39m
            [33mvalue[39m=[32m""[39m
          [36m/>[39m
        [36m</div>[39m
        [36m<button[39m
          [33maria-label[39m=[32m"Create your account"[39m
          [33mclass[39m=[32m"submit-button"[39m
          [33mdisabled[39m=[32m""[39m
          [33mtype[39m=[32m"submit"[39m
        [36m>[39m
          [0mCreate Account[0m
        [36m</button>[39m
      [36m</form>[39m
      [36m<footer[39m
        [33mclass[39m=[32m"register-footer"[39m
      [36m>[39m
        [36m<div[39m
          [33mclass[39m=[32m"login-prompt"[39m
        [36m>[39m
          [0mAlready have an account?[0m
          [0m [0m
          [36m<a[39m
            [33mclass[39m=[32m"login-link"[39m
            [33mhref[39m=[32m"/login"[39m
          [36m>[39m
            [0mSign in here[0m
          [36m</a>[39m
        [36m</div>[39m
        [36m<div[39m
          [33mclass[39m=[32m"legal-links"[39m
        [36m>[39m
          [36m<span[39m
            [33mclass[39m=[32m"legal-text"[39m
          [36m>[39m
            [0mBy creating an account, you agree to our[0m
            [0m [0m
            [36m<a[39m
              [33mclass[39m=[32m"legal-link"[39m
              [33mhref[39m=[32m"/terms"[39m
            [36m>[39m
              [0mTerms of Service[0m
            [36m</a>[39m
            [0m [0m
            [0mand[0m
            [0m [0m
            [36m<a[39m
              [33mclass[39m=[32m"legal-link"[39m
              [33mhref[39m=[32m"/privacy"[39m
            [36m>[39m
              [0mPrivacy Policy[0m
            [36m</a>[39m
          [36m</span>[39m
        [36m</div>[39m
      [36m</footer>[39m
    [36m</section>[39m
  [36m</div>[39m
[36m</body>[39m

Ignored nodes: comments, script, style
[36m<html>[39m
  [36m<head />[39m
  [36m<body>[39m
    [36m<div>[39m
      [36m<section[39m
        [33mclass[39m=[32m"register-container"[39m
      [36m>[39m
        [36m<header[39m
          [33mclass[39m=[32m"register-header"[39m
        [36m>[39m
          [36m<h1>[39m
            [0mCreate Account[0m
          [36m</h1>[39m
          [36m<p>[39m
            [0mJoin ParaSocial and start sharing your content[0m
          [36m</p>[39m
        [36m</header>[39m
        [36m<form[39m
          [33mclass[39m=[32m"register-form"[39m
          [33mnovalidate[39m=[32m""[39m
        [36m>[39m
          [36m<div[39m
            [33mclass[39m=[32m"form-group"[39m
          [36m>[39m
            [36m<label[39m
              [33mclass[39m=[32m"form-label"[39m
              [33mfor[39m=[32m"email"[39m
            [36m>[39m
              [0mEmail Address[0m
            [36m</label>[39m
            [36m<input[39m
              [33mautocomplete[39m=[32m"email"[39m
              [33mclass[39m=[32m"form-input "[39m
              [33mid[39m=[32m"email"[39m
              [33mname[39m=[32m"email"[39m
              [33mplaceholder[39m=[32m"Enter your email"[39m
              [33mrequired[39m=[32m""[39m
              [33mtype[39m=[32m"email"[39m
              [33mvalue[39m=[32m"invalid-email"[39m
            [36m/>[39m
          [36m</div>[39m
          [36m<div[39m
            [33mclass[39m=[32m"form-group"[39m
          [36m>[39m
            [36m<label[39m
              [33mclass[39m=[32m"form-label"[39m
              [33mfor[39m=[32m"username"[39m
            [36m>[39m
              [0mUsername[0m
            [36m</label>[39m
            [36m<input[39m
              [33mautocomplete[39m=[32m"username"[39m
              [33mclass[39m=[32m"form-input "[39m
              [33mid[39m=[32m"username"[39m
              [33mname[39m=[32m"username"[39m
              [33mplaceholder[39m=[32m"Choose a username"[39m
              [33mrequired[39m=[32m""[39m
              [33mtype[39m=[32m"text"[39m
              [33mvalue[39m=[32m""[39m
            [36m/>[39m
          [36m</div>[39m
          [36m<div[39m
            [33mclass[39m=[32m"form-group"[39m
          [36m>[39m
            [36m<label[39m
              [33mclass[39m=[32m"form-label"[39m
              [33mfor[39m=[32m"displayName"[39m
            [36m>[39m
              [0mDisplay Name (Optional)[0m
            [36m</label>[39m
            [36m<input[39m
              [33mautocomplete[39m=[32m"name"[39m
              [33mclass[39m=[32m"form-input"[39m
              [33mid[39m=[32m"displayName"[39m
              [33mname[39m=[32m"displayName"[39m
              [33mplaceholder[39m=[32m"How should others see your name?"[39m
              [33mtype[39m=[32m"text"[39m
              [33mvalue[39m=[32m""[39m
            [36m/>[39m
          [36m</div>[39m
          [36m<div[39m
            [33mclass[39m=[32m"form-group"[39m
          [36m>[39m
            [36m<label[39m
              [33mclass[39m=[32m"form-label"[39m
              [33mfor[39m=[32m"password"[39m
            [36m>[39m
              [0mPassword[0m
            [36m</label>[39m
            [36m<input[39m
              [33mautocomplete[39m=[32m"new-password"[39m
              [33mclass[39m=[32m"form-input "[39m
              [33mid[39m=[32m"password"[39m
              [33mname[39m=[32m"password"[39m
              [33mplaceholder[39m=[32m"Create a strong password"[39m
              [33mrequired[39m=[32m""[39m
              [33mtype[39m=[32m"password"[39m
              [33mvalue[39m=[32m""[39m
            [36m/>[39m
          [36m</div>[39m
          [36m<div[39m
            [33mclass[39m=[32m"form-group"[39m
          [36m>[39m
            [36m<label[39m
              [33mclass[39m=[32m"form-label"[39m
              [33mfor[39m=[32m"confirmPassword"[39m
            [36m>[39m
              [0mConfirm Password[0m
            [36m</label>[39m
            [36m<input[39m
              [33mautocomplete[39m=[32m"new-password"[39m
              [33mclass[39m=[32m"form-input "[39m
              [33mid[39m=[32m"confirmPassword"[39m
              [33mname[39m=[32m"confirmPassword"[39m
              [33mplaceholder[39m=[32m"Confirm your password"[39m
              [33mrequired[39m=[32m""[39m
              [33mtype[39m=[32m"password"[39m
              [33mvalue[39m=[32m""[39m
            [36m/>[39m
          [36m</div>[39m
          [36m<button[39m
            [33maria-label[39m=[32m"Create your account"[39m
            [33mclass[39m=[32m"submit-button"[39m
            [33mdisabled[39m=[32m""[39m
            [33mtype[39m=[32m"submit"[39m
          [36m>[39m
            [0mCreate Account[0m
          [36m</button>[39m
        [36m</form>[39m
        [36m<footer[39m
          [33mclass[39m=[32m"register-footer"[39m
        [36m>[39m
          [36m<div[39m
            [33mclass[39m=[32m"login-prompt"[39m
          [36m>[39m
            [0mAlready have an account?[0m
            [0m [0m
            [36m<a[39m
              [33mclass[39m=[32m"login-link"[39m
              [33mhref[39m=[32m"/login"[39m
            [36m>[39m
              [0mSign in here[0m
            [36m</a>[39m
          [36m</div>[39m
          [36m<div[39m
            [33mclass[39m=[32m"legal-links"[39m
          [36m>[39m
            [36m<span[39m
              [33mclass[39m=[32m"legal-text"[39m
            [36m>[39m
              [0mBy creating an account, you agree to our[0m
              [0m [0m
              [36m<a[39m
                [33mclass[39m=[32m"legal-link"[39m
                [33mhref[39m=[32m"/terms"[39m
              [36m>[39m
                [0mTerms of Service[0m
              [36m</a>[39m
              [0m [0m
              [0mand[0m
              [0m [0m
              [36m<a[39m
                [33mclass[39m=[32m"legal-link"[39m
                [33mhref[39m=[32m"/privacy"[39m
              [36m>[39m
                [0mPrivacy Policy[0m
              [36m</a>[39m
            [36m</span>[39m
          [36m</div>[39m
        [36m</footer>[39m
      [36m</section>[39m
    [36m</div>[39m
  [36m</body>[39m
[36m</html>[39m
[90m [2mΓ¥»[22m waitForWrapper ../../parasocial/frontend/node_modules/@testing-library/dom/dist/wait-for.js:[2m163:27[22m[39m
[90m [2mΓ¥»[22m src/components/auth/RegisterComponent.interaction.test.tsx:[2m120:13[22m[39m

[31m[2mΓÄ»ΓÄ»ΓÄ»ΓÄ»ΓÄ»ΓÄ»ΓÄ»ΓÄ»ΓÄ»ΓÄ»ΓÄ»ΓÄ»ΓÄ»ΓÄ»ΓÄ»ΓÄ»ΓÄ»ΓÄ»ΓÄ»ΓÄ»ΓÄ»ΓÄ»ΓÄ»ΓÄ»[2/4]ΓÄ»[22m[39m

[41m[1m FAIL [22m[49m src/components/auth/RegisterComponent.interaction.test.tsx[2m > [22mRegisterComponent - User Interactions[2m > [22mForm Validation[2m > [22mshould validate username length and 
format
[31m[1mTestingLibraryElementError[22m[39m: Unable to find an element with the text: /username must be at least 3 characters/i. This could be because the text is broken up by multiple elements. In this case, 
you can provide a function for your text matcher to make your matcher more flexible.

Ignored nodes: comments, script, style
[36m<body>[39m
  [36m<div>[39m
    [36m<section[39m
      [33mclass[39m=[32m"register-container"[39m
    [36m>[39m
      [36m<header[39m
        [33mclass[39m=[32m"register-header"[39m
      [36m>[39m
        [36m<h1>[39m
          [0mCreate Account[0m
        [36m</h1>[39m
        [36m<p>[39m
          [0mJoin ParaSocial and start sharing your content[0m
        [36m</p>[39m
      [36m</header>[39m
      [36m<form[39m
        [33mclass[39m=[32m"register-form"[39m
        [33mnovalidate[39m=[32m""[39m
      [36m>[39m
        [36m<div[39m
          [33mclass[39m=[32m"form-group"[39m
        [36m>[39m
          [36m<label[39m
            [33mclass[39m=[32m"form-label"[39m
            [33mfor[39m=[32m"email"[39m
          [36m>[39m
            [0mEmail Address[0m
          [36m</label>[39m
          [36m<input[39m
            [33mautocomplete[39m=[32m"email"[39m
            [33mclass[39m=[32m"form-input "[39m
            [33mid[39m=[32m"email"[39m
            [33mname[39m=[32m"email"[39m
            [33mplaceholder[39m=[32m"Enter your email"[39m
            [33mrequired[39m=[32m""[39m
            [33mtype[39m=[32m"email"[39m
            [33mvalue[39m=[32m""[39m
          [36m/>[39m
        [36m</div>[39m
        [36m<div[39m
          [33mclass[39m=[32m"form-group"[39m
        [36m>[39m
          [36m<label[39m
            [33mclass[39m=[32m"form-label"[39m
            [33mfor[39m=[32m"username"[39m
          [36m>[39m
            [0mUsername[0m
          [36m</label>[39m
          [36m<input[39m
            [33mautocomplete[39m=[32m"username"[39m
            [33mclass[39m=[32m"form-input "[39m
            [33mid[39m=[32m"username"[39m
            [33mname[39m=[32m"username"[39m
            [33mplaceholder[39m=[32m"Choose a username"[39m
            [33mrequired[39m=[32m""[39m
            [33mtype[39m=[32m"text"[39m
            [33mvalue[39m=[32m"ab"[39m
          [36m/>[39m
        [36m</div>[39m
        [36m<div[39m
          [33mclass[39m=[32m"form-group"[39m
        [36m>[39m
          [36m<label[39m
            [33mclass[39m=[32m"form-label"[39m
            [33mfor[39m=[32m"displayName"[39m
          [36m>[39m
            [0mDisplay Name (Optional)[0m
          [36m</label>[39m
          [36m<input[39m
            [33mautocomplete[39m=[32m"name"[39m
            [33mclass[39m=[32m"form-input"[39m
            [33mid[39m=[32m"displayName"[39m
            [33mname[39m=[32m"displayName"[39m
            [33mplaceholder[39m=[32m"How should others see your name?"[39m
            [33mtype[39m=[32m"text"[39m
            [33mvalue[39m=[32m""[39m
          [36m/>[39m
        [36m</div>[39m
        [36m<div[39m
          [33mclass[39m=[32m"form-group"[39m
        [36m>[39m
          [36m<label[39m
            [33mclass[39m=[32m"form-label"[39m
            [33mfor[39m=[32m"password"[39m
          [36m>[39m
            [0mPassword[0m
          [36m</label>[39m
          [36m<input[39m
            [33mautocomplete[39m=[32m"new-password"[39m
            [33mclass[39m=[32m"form-input "[39m
            [33mid[39m=[32m"password"[39m
            [33mname[39m=[32m"password"[39m
            [33mplaceholder[39m=[32m"Create a strong password"[39m
            [33mrequired[39m=[32m""[39m
            [33mtype[39m=[32m"password"[39m
            [33mvalue[39m=[32m""[39m
          [36m/>[39m
        [36m</div>[39m
        [36m<div[39m
          [33mclass[39m=[32m"form-group"[39m
        [36m>[39m
          [36m<label[39m
            [33mclass[39m=[32m"form-label"[39m
            [33mfor[39m=[32m"confirmPassword"[39m
          [36m>[39m
            [0mConfirm Password[0m
          [36m</label>[39m
          [36m<input[39m
            [33mautocomplete[39m=[32m"new-password"[39m
            [33mclass[39m=[32m"form-input "[39m
            [33mid[39m=[32m"confirmPassword"[39m
            [33mname[39m=[32m"confirmPassword"[39m
            [33mplaceholder[39m=[32m"Confirm your password"[39m
            [33mrequired[39m=[32m""[39m
            [33mtype[39m=[32m"password"[39m
            [33mvalue[39m=[32m""[39m
          [36m/>[39m
        [36m</div>[39m
        [36m<button[39m
          [33maria-label[39m=[32m"Create your account"[39m
          [33mclass[39m=[32m"submit-button"[39m
          [33mdisabled[39m=[32m""[39m
          [33mtype[39m=[32m"submit"[39m
        [36m>[39m
          [0mCreate Account[0m
        [36m</button>[39m
      [36m</form>[39m
      [36m<footer[39m
        [33mclass[39m=[32m"register-footer"[39m
      [36m>[39m
        [36m<div[39m
          [33mclass[39m=[32m"login-prompt"[39m
        [36m>[39m
          [0mAlready have an account?[0m
          [0m [0m
          [36m<a[39m
            [33mclass[39m=[32m"login-link"[39m
            [33mhref[39m=[32m"/login"[39m
          [36m>[39m
            [0mSign in here[0m
          [36m</a>[39m
        [36m</div>[39m
        [36m<div[39m
          [33mclass[39m=[32m"legal-links"[39m
        [36m>[39m
          [36m<span[39m
            [33mclass[39m=[32m"legal-text"[39m
          [36m>[39m
            [0mBy creating an account, you agree to our[0m
            [0m [0m
            [36m<a[39m
              [33mclass[39m=[32m"legal-link"[39m
              [33mhref[39m=[32m"/terms"[39m
            [36m>[39m
              [0mTerms of Service[0m
            [36m</a>[39m
            [0m [0m
            [0mand[0m
            [0m [0m
            [36m<a[39m
              [33mclass[39m=[32m"legal-link"[39m
              [33mhref[39m=[32m"/privacy"[39m
            [36m>[39m
              [0mPrivacy Policy[0m
            [36m</a>[39m
          [36m</span>[39m
        [36m</div>[39m
      [36m</footer>[39m
    [36m</section>[39m
  [36m</div>[39m
[36m</body>[39m

Ignored nodes: comments, script, style
[36m<html>[39m
  [36m<head />[39m
  [36m<body>[39m
    [36m<div>[39m
      [36m<section[39m
        [33mclass[39m=[32m"register-container"[39m
      [36m>[39m
        [36m<header[39m
          [33mclass[39m=[32m"register-header"[39m
        [36m>[39m
          [36m<h1>[39m
            [0mCreate Account[0m
          [36m</h1>[39m
          [36m<p>[39m
            [0mJoin ParaSocial and start sharing your content[0m
          [36m</p>[39m
        [36m</header>[39m
        [36m<form[39m
          [33mclass[39m=[32m"register-form"[39m
          [33mnovalidate[39m=[32m""[39m
        [36m>[39m
          [36m<div[39m
            [33mclass[39m=[32m"form-group"[39m
          [36m>[39m
            [36m<label[39m
              [33mclass[39m=[32m"form-label"[39m
              [33mfor[39m=[32m"email"[39m
            [36m>[39m
              [0mEmail Address[0m
            [36m</label>[39m
            [36m<input[39m
              [33mautocomplete[39m=[32m"email"[39m
              [33mclass[39m=[32m"form-input "[39m
              [33mid[39m=[32m"email"[39m
              [33mname[39m=[32m"email"[39m
              [33mplaceholder[39m=[32m"Enter your email"[39m
              [33mrequired[39m=[32m""[39m
              [33mtype[39m=[32m"email"[39m
              [33mvalue[39m=[32m""[39m
            [36m/>[39m
          [36m</div>[39m
          [36m<div[39m
            [33mclass[39m=[32m"form-group"[39m
          [36m>[39m
            [36m<label[39m
              [33mclass[39m=[32m"form-label"[39m
              [33mfor[39m=[32m"username"[39m
            [36m>[39m
              [0mUsername[0m
            [36m</label>[39m
            [36m<input[39m
              [33mautocomplete[39m=[32m"username"[39m
              [33mclass[39m=[32m"form-input "[39m
              [33mid[39m=[32m"username"[39m
              [33mname[39m=[32m"username"[39m
              [33mplaceholder[39m=[32m"Choose a username"[39m
              [33mrequired[39m=[32m""[39m
              [33mtype[39m=[32m"text"[39m
              [33mvalue[39m=[32m"ab"[39m
            [36m/>[39m
          [36m</div>[39m
          [36m<div[39m
            [33mclass[39m=[32m"form-group"[39m
          [36m>[39m
            [36m<label[39m
              [33mclass[39m=[32m"form-label"[39m
              [33mfor[39m=[32m"displayName"[39m
            [36m>[39m
              [0mDisplay Name (Optional)[0m
            [36m</label>[39m
            [36m<input[39m
              [33mautocomplete[39m=[32m"name"[39m
              [33mclass[39m=[32m"form-input"[39m
              [33mid[39m=[32m"displayName"[39m
              [33mname[39m=[32m"displayName"[39m
              [33mplaceholder[39m=[32m"How should others see your name?"[39m
              [33mtype[39m=[32m"text"[39m
              [33mvalue[39m=[32m""[39m
            [36m/>[39m
          [36m</div>[39m
          [36m<div[39m
            [33mclass[39m=[32m"form-group"[39m
          [36m>[39m
            [36m<label[39m
              [33mclass[39m=[32m"form-label"[39m
              [33mfor[39m=[32m"password"[39m
            [36m>[39m
              [0mPassword[0m
            [36m</label>[39m
            [36m<input[39m
              [33mautocomplete[39m=[32m"new-password"[39m
              [33mclass[39m=[32m"form-input "[39m
              [33mid[39m=[32m"password"[39m
              [33mname[39m=[32m"password"[39m
              [33mplaceholder[39m=[32m"Create a strong password"[39m
              [33mrequired[39m=[32m""[39m
              [33mtype[39m=[32m"password"[39m
              [33mvalue[39m=[32m""[39m
            [36m/>[39m
          [36m</div>[39m
          [36m<div[39m
            [33mclass[39m=[32m"form-group"[39m
          [36m>[39m
            [36m<label[39m
              [33mclass[39m=[32m"form-label"[39m
              [33mfor[39m=[32m"confirmPassword"[39m
            [36m>[39m
              [0mConfirm Password[0m
            [36m</label>[39m
            [36m<input[39m
              [33mautocomplete[39m=[32m"new-password"[39m
              [33mclass[39m=[32m"form-input "[39m
              [33mid[39m=[32m"confirmPassword"[39m
              [33mname[39m=[32m"confirmPassword"[39m
              [33mplaceholder[39m=[32m"Confirm your password"[39m
              [33mrequired[39m=[32m""[39m
              [33mtype[39m=[32m"password"[39m
              [33mvalue[39m=[32m""[39m
            [36m/>[39m
          [36m</div>[39m
          [36m<button[39m
            [33maria-label[39m=[32m"Create your account"[39m
            [33mclass[39m=[32m"submit-button"[39m
            [33mdisabled[39m=[32m""[39m
            [33mtype[39m=[32m"submit"[39m
          [36m>[39m
            [0mCreate Account[0m
          [36m</button>[39m
        [36m</form>[39m
        [36m<footer[39m
          [33mclass[39m=[32m"register-footer"[39m
        [36m>[39m
          [36m<div[39m
            [33mclass[39m=[32m"login-prompt"[39m
          [36m>[39m
            [0mAlready have an account?[0m
            [0m [0m
            [36m<a[39m
              [33mclass[39m=[32m"login-link"[39m
              [33mhref[39m=[32m"/login"[39m
            [36m>[39m
              [0mSign in here[0m
            [36m</a>[39m
          [36m</div>[39m
          [36m<div[39m
            [33mclass[39m=[32m"legal-links"[39m
          [36m>[39m
            [36m<span[39m
              [33mclass[39m=[32m"legal-text"[39m
            [36m>[39m
              [0mBy creating an account, you agree to our[0m
              [0m [0m
              [36m<a[39m
                [33mclass[39m=[32m"legal-link"[39m
                [33mhref[39m=[32m"/terms"[39m
              [36m>[39m
                [0mTerms of Service[0m
              [36m</a>[39m
              [0m [0m
              [0mand[0m
              [0m [0m
              [36m<a[39m
                [33mclass[39m=[32m"legal-link"[39m
                [33mhref[39m=[32m"/privacy"[39m
              [36m>[39m
                [0mPrivacy Policy[0m
              [36m</a>[39m
            [36m</span>[39m
          [36m</div>[39m
        [36m</footer>[39m
      [36m</section>[39m
    [36m</div>[39m
  [36m</body>[39m
[36m</html>[39m
[90m [2mΓ¥»[22m waitForWrapper ../../parasocial/frontend/node_modules/@testing-library/dom/dist/wait-for.js:[2m163:27[22m[39m
[90m [2mΓ¥»[22m src/components/auth/RegisterComponent.interaction.test.tsx:[2m136:13[22m[39m

[31m[2mΓÄ»ΓÄ»ΓÄ»ΓÄ»ΓÄ»ΓÄ»ΓÄ»ΓÄ»ΓÄ»ΓÄ»ΓÄ»ΓÄ»ΓÄ»ΓÄ»ΓÄ»ΓÄ»ΓÄ»ΓÄ»ΓÄ»ΓÄ»ΓÄ»ΓÄ»ΓÄ»ΓÄ»[3/4]ΓÄ»[22m[39m

[41m[1m FAIL [22m[49m src/components/auth/RegisterComponent.interaction.test.tsx[2m > [22mRegisterComponent - User Interactions[2m > [22mForm Validation[2m > [22mshould validate password requirements
[31m[1mTestingLibraryElementError[22m[39m: Unable to find an element with the text: /password must be at least 8 characters/i. This could be because the text is broken up by multiple elements. In this case, 
you can provide a function for your text matcher to make your matcher more flexible.

Ignored nodes: comments, script, style
[36m<body>[39m
  [36m<div>[39m
    [36m<section[39m
      [33mclass[39m=[32m"register-container"[39m
    [36m>[39m
      [36m<header[39m
        [33mclass[39m=[32m"register-header"[39m
      [36m>[39m
        [36m<h1>[39m
          [0mCreate Account[0m
        [36m</h1>[39m
        [36m<p>[39m
          [0mJoin ParaSocial and start sharing your content[0m
        [36m</p>[39m
      [36m</header>[39m
      [36m<form[39m
        [33mclass[39m=[32m"register-form"[39m
        [33mnovalidate[39m=[32m""[39m
      [36m>[39m
        [36m<div[39m
          [33mclass[39m=[32m"form-group"[39m
        [36m>[39m
          [36m<label[39m
            [33mclass[39m=[32m"form-label"[39m
            [33mfor[39m=[32m"email"[39m
          [36m>[39m
            [0mEmail Address[0m
          [36m</label>[39m
          [36m<input[39m
            [33mautocomplete[39m=[32m"email"[39m
            [33mclass[39m=[32m"form-input "[39m
            [33mid[39m=[32m"email"[39m
            [33mname[39m=[32m"email"[39m
            [33mplaceholder[39m=[32m"Enter your email"[39m
            [33mrequired[39m=[32m""[39m
            [33mtype[39m=[32m"email"[39m
            [33mvalue[39m=[32m""[39m
          [36m/>[39m
        [36m</div>[39m
        [36m<div[39m
          [33mclass[39m=[32m"form-group"[39m
        [36m>[39m
          [36m<label[39m
            [33mclass[39m=[32m"form-label"[39m
            [33mfor[39m=[32m"username"[39m
          [36m>[39m
            [0mUsername[0m
          [36m</label>[39m
          [36m<input[39m
            [33mautocomplete[39m=[32m"username"[39m
            [33mclass[39m=[32m"form-input "[39m
            [33mid[39m=[32m"username"[39m
            [33mname[39m=[32m"username"[39m
            [33mplaceholder[39m=[32m"Choose a username"[39m
            [33mrequired[39m=[32m""[39m
            [33mtype[39m=[32m"text"[39m
            [33mvalue[39m=[32m""[39m
          [36m/>[39m
        [36m</div>[39m
        [36m<div[39m
          [33mclass[39m=[32m"form-group"[39m
        [36m>[39m
          [36m<label[39m
            [33mclass[39m=[32m"form-label"[39m
            [33mfor[39m=[32m"displayName"[39m
          [36m>[39m
            [0mDisplay Name (Optional)[0m
          [36m</label>[39m
          [36m<input[39m
            [33mautocomplete[39m=[32m"name"[39m
            [33mclass[39m=[32m"form-input"[39m
            [33mid[39m=[32m"displayName"[39m
            [33mname[39m=[32m"displayName"[39m
            [33mplaceholder[39m=[32m"How should others see your name?"[39m
            [33mtype[39m=[32m"text"[39m
            [33mvalue[39m=[32m""[39m
          [36m/>[39m
        [36m</div>[39m
        [36m<div[39m
          [33mclass[39m=[32m"form-group"[39m
        [36m>[39m
          [36m<label[39m
            [33mclass[39m=[32m"form-label"[39m
            [33mfor[39m=[32m"password"[39m
          [36m>[39m
            [0mPassword[0m
          [36m</label>[39m
          [36m<input[39m
            [33mautocomplete[39m=[32m"new-password"[39m
            [33mclass[39m=[32m"form-input "[39m
            [33mid[39m=[32m"password"[39m
            [33mname[39m=[32m"password"[39m
            [33mplaceholder[39m=[32m"Create a strong password"[39m
            [33mrequired[39m=[32m""[39m
            [33mtype[39m=[32m"password"[39m
            [33mvalue[39m=[32m"short"[39m
          [36m/>[39m
        [36m</div>[39m
        [36m<div[39m
          [33mclass[39m=[32m"form-group"[39m
        [36m>[39m
          [36m<label[39m
            [33mclass[39m=[32m"form-label"[39m
            [33mfor[39m=[32m"confirmPassword"[39m
          [36m>[39m
            [0mConfirm Password[0m
          [36m</label>[39m
          [36m<input[39m
            [33mautocomplete[39m=[32m"new-password"[39m
            [33mclass[39m=[32m"form-input "[39m
            [33mid[39m=[32m"confirmPassword"[39m
            [33mname[39m=[32m"confirmPassword"[39m
            [33mplaceholder[39m=[32m"Confirm your password"[39m
            [33mrequired[39m=[32m""[39m
            [33mtype[39m=[32m"password"[39m
            [33mvalue[39m=[32m""[39m
          [36m/>[39m
        [36m</div>[39m
        [36m<button[39m
          [33maria-label[39m=[32m"Create your account"[39m
          [33mclass[39m=[32m"submit-button"[39m
          [33mdisabled[39m=[32m""[39m
          [33mtype[39m=[32m"submit"[39m
        [36m>[39m
          [0mCreate Account[0m
        [36m</button>[39m
      [36m</form>[39m
      [36m<footer[39m
        [33mclass[39m=[32m"register-footer"[39m
      [36m>[39m
        [36m<div[39m
          [33mclass[39m=[32m"login-prompt"[39m
        [36m>[39m
          [0mAlready have an account?[0m
          [0m [0m
          [36m<a[39m
            [33mclass[39m=[32m"login-link"[39m
            [33mhref[39m=[32m"/login"[39m
          [36m>[39m
            [0mSign in here[0m
          [36m</a>[39m
        [36m</div>[39m
        [36m<div[39m
          [33mclass[39m=[32m"legal-links"[39m
        [36m>[39m
          [36m<span[39m
            [33mclass[39m=[32m"legal-text"[39m
          [36m>[39m
            [0mBy creating an account, you agree to our[0m
            [0m [0m
            [36m<a[39m
              [33mclass[39m=[32m"legal-link"[39m
              [33mhref[39m=[32m"/terms"[39m
            [36m>[39m
              [0mTerms of Service[0m
            [36m</a>[39m
            [0m [0m
            [0mand[0m
            [0m [0m
            [36m<a[39m
              [33mclass[39m=[32m"legal-link"[39m
              [33mhref[39m=[32m"/privacy"[39m
            [36m>[39m
              [0mPrivacy Policy[0m
            [36m</a>[39m
          [36m</span>[39m
        [36m</div>[39m
      [36m</footer>[39m
    [36m</section>[39m
  [36m</div>[39m
[36m</body>[39m

Ignored nodes: comments, script, style
[36m<html>[39m
  [36m<head />[39m
  [36m<body>[39m
    [36m<div>[39m
      [36m<section[39m
        [33mclass[39m=[32m"register-container"[39m
      [36m>[39m
        [36m<header[39m
          [33mclass[39m=[32m"register-header"[39m
        [36m>[39m
          [36m<h1>[39m
            [0mCreate Account[0m
          [36m</h1>[39m
          [36m<p>[39m
            [0mJoin ParaSocial and start sharing your content[0m
          [36m</p>[39m
        [36m</header>[39m
        [36m<form[39m
          [33mclass[39m=[32m"register-form"[39m
          [33mnovalidate[39m=[32m""[39m
        [36m>[39m
          [36m<div[39m
            [33mclass[39m=[32m"form-group"[39m
          [36m>[39m
            [36m<label[39m
              [33mclass[39m=[32m"form-label"[39m
              [33mfor[39m=[32m"email"[39m
            [36m>[39m
              [0mEmail Address[0m
            [36m</label>[39m
            [36m<input[39m
              [33mautocomplete[39m=[32m"email"[39m
              [33mclass[39m=[32m"form-input "[39m
              [33mid[39m=[32m"email"[39m
              [33mname[39m=[32m"email"[39m
              [33mplaceholder[39m=[32m"Enter your email"[39m
              [33mrequired[39m=[32m""[39m
              [33mtype[39m=[32m"email"[39m
              [33mvalue[39m=[32m""[39m
            [36m/>[39m
          [36m</div>[39m
          [36m<div[39m
            [33mclass[39m=[32m"form-group"[39m
          [36m>[39m
            [36m<label[39m
              [33mclass[39m=[32m"form-label"[39m
              [33mfor[39m=[32m"username"[39m
            [36m>[39m
              [0mUsername[0m
            [36m</label>[39m
            [36m<input[39m
              [33mautocomplete[39m=[32m"username"[39m
              [33mclass[39m=[32m"form-input "[39m
              [33mid[39m=[32m"username"[39m
              [33mname[39m=[32m"username"[39m
              [33mplaceholder[39m=[32m"Choose a username"[39m
              [33mrequired[39m=[32m""[39m
              [33mtype[39m=[32m"text"[39m
              [33mvalue[39m=[32m""[39m

[2m Test Files [22m [1m[31m1 failed[39m[22m[90m (1)[39m
[2m      Tests [22m [1m[31m4 failed[39m[22m[2m | [22m[1m[32m19 passed[39m[22m[90m (23)[39m
[2m   Start at [22m 07:17:20
[2m   Duration [22m 24.46s[2m (transform 113ms, setup 414ms, collect 167ms, tests 22.58s, environment 836ms, prepare 147ms)[22m

            [36m/>[39m
          [36m</div>[39m
          [36m<div[39m
            [33mclass[39m=[32m"form-group"[39m
          [36m>[39m
            [36m<label[39m
              [33mclass[39m=[32m"form-label"[39m
              [33mfor[39m=[32m"displayName"[39m
            [36m>[39m
              [0mDisplay Name (Optional)[0m
            [36m</label>[39m
            [36m<input[39m
              [33mautocomplete[39m=[32m"name"[39m
              [33mclass[39m=[32m"form-input"[39m
              [33mid[39m=[32m"displayName"[39m
              [33mname[39m=[32m"displayName"[39m
              [33mplaceholder[39m=[32m"How should others see your name?"[39m
              [33mtype[39m=[32m"text"[39m
              [33mvalue[39m=[32m""[39m
            [36m/>[39m
          [36m</div>[39m
          [36m<div[39m
            [33mclass[39m=[32m"form-group"[39m
          [36m>[39m
            [36m<label[39m
              [33mclass[39m=[32m"form-label"[39m
              [33mfor[39m=[32m"password"[39m
            [36m>[39m
              [0mPassword[0m
            [36m</label>[39m
            [36m<input[39m
              [33mautocomplete[39m=[32m"new-password"[39m
              [33mclass[39m=[32m"form-input "[39m
              [33mid[39m=[32m"password"[39m
              [33mname[39m=[32m"password"[39m
              [33mplaceholder[39m=[32m"Create a strong password"[39m
              [33mrequired[39m=[32m""[39m
              [33mtype[39m=[32m"password"[39m
              [33mvalue[39m=[32m"short"[39m
            [36m/>[39m
          [36m</div>[39m
          [36m<div[39m
            [33mclass[39m=[32m"form-group"[39m
          [36m>[39m
            [36m<label[39m
              [33mclass[39m=[32m"form-label"[39m
              [33mfor[39m=[32m"confirmPassword"[39m
            [36m>[39m
[1m[41m FAIL [49m[22m [31mTests failed. Watching for file changes...[39m
       [2mpress [22m[1mh[22m[2m to show help[22m[2m, [22m[2mpress [22m[1mq[22m[2m to quit[22m
              [0mConfirm Password[0m
            [36m</label>[39m
            [36m<input[39m
              [33mautocomplete[39m=[32m"new-password"[39m
              [33mclass[39m=[32m"form-input "[39m
              [33mid[39m=[32m"confirmPassword"[39m
              [33mname[39m=[32m"confirmPassword"[39m
              [33mplaceholder[39m=[32m"Confirm your password"[39m
              [33mrequired[39m=[32m""[39m
              [33mtype[39m=[32m"password"[39m
              [33mvalue[39m=[32m""[39m
            [36m/>[39m
          [36m</div>[39m
          [36m<button[39m
            [33maria-label[39m=[32m"Create your account"[39m
            [33mclass[39m=[32m"submit-button"[39m
            [33mdisabled[39m=[32m""[39m
            [33mtype[39m=[32m"submit"[39m
          [36m>[39m
            [0mCreate Account[0m
          [36m</button>[39m
        [36m</form>[39m
        [36m<footer[39m
          [33mclass[39m=[32m"register-footer"[39m
        [36m>[39m
          [36m<div[39m
            [33mclass[39m=[32m"login-prompt"[39m
          [36m>[39m
            [0mAlready have an account?[0m
            [0m [0m
            [36m<a[39m
              [33mclass[39m=[32m"login-link"[39m
              [33mhref[39m=[32m"/login"[39m
            [36m>[39m
              [0mSign in here[0m
            [36m</a>[39m
          [36m</div>[39m
          [36m<div[39m
            [33mclass[39m=[32m"legal-links"[39m
          [36m>[39m
            [36m<span[39m
              [33mclass[39m=[32m"legal-text"[39m
            [36m>[39m
              [0mBy creating an account, you agree to our[0m
              [0m [0m
              [36m<a[39m
                [33mclass[39m=[32m"legal-link"[39m
                [33mhref[39m=[32m"/terms"[39m
              [36m>[39m
                [0mTerms of Service[0m
              [36m</a>[39m
              [0m [0m
              [0mand[0m
              [0m [0m
              [36m<a[39m
                [33mclass[39m=[32m"legal-link"[39m
                [33mhref[39m=[32m"/privacy"[39m
              [36m>[39m
                [0mPrivacy Policy[0m
              [36m</a>[39m
            [36m</span>[39m
          [36m</div>[39m
        [36m</footer>[39m
      [36m</section>[39m
    [36m</div>[39m
  [36m</body>[39m
[36m</html>[39m
[90m [2mΓ¥»[22m waitForWrapper ../../parasocial/frontend/node_modules/@testing-library/dom/dist/wait-for.js:[2m163:27[22m[39m
[90m [2mΓ¥»[22m src/components/auth/RegisterComponent.interaction.test.tsx:[2m161:13[22m[39m

[31m[2mΓÄ»ΓÄ»ΓÄ»ΓÄ»ΓÄ»ΓÄ»ΓÄ»ΓÄ»ΓÄ»ΓÄ»ΓÄ»ΓÄ»ΓÄ»ΓÄ»ΓÄ»ΓÄ»ΓÄ»ΓÄ»ΓÄ»ΓÄ»ΓÄ»ΓÄ»ΓÄ»ΓÄ»[4/4]ΓÄ»[22m[39m

