
> parasocial@1.0.0 test:fail
> vitest run --reporter=basic PostFeed.test.tsx


[1m[46m RUN [49m[22m [36mv3.2.4 [39m[90mC:/Users/Et Al/Documents/GitHub/ParaSocial/frontend[39m

 [32mΓ£ô[39m src/components/posts/__tests__/PostFeed.test.tsx [2m([22m[2m21 tests[22m[2m)[22m[32m 179[2mms[22m[39m


[2m Test Files [22m [1m[32m1 passed[39m[22m[90m (1)[39m
[2m      Tests [22m [1m[32m21 passed[39m[22m[90m (21)[39m
[2m   Start at [22m 20:15:19
[2m   Duration [22m 1.90s[2m (transform 82ms, setup 422ms, collect 51ms, tests 179ms, environment 826ms, prepare 164ms)[22m

