
> parasocial@1.0.0 dev
> concurrently "npm run dev:backend" "npm run dev:frontend"

[0] 
[0] > parasocial@1.0.0 dev:backend
[0] > cd backend && npm run dev
[0] 
[1] 
[1] > parasocial@1.0.0 dev:frontend
[1] > cd frontend && npm run dev
[1] 
[0] 
[0] > backend@1.0.0 dev
[0] > nodemon --exec ts-node src/index.ts
[0] 
[1] 
[1] > parasocial@1.0.0 dev
[1] > next dev
[1] 
[0] [33m[nodemon] 3.1.10[39m
[0] [33m[nodemon] to restart at any time, enter `rs`[39m
[0] [33m[nodemon] watching path(s): *.*[39m
[0] [33m[nodemon] watching extensions: ts,json[39m
[0] [32m[nodemon] starting `ts-node src/index.ts`[39m
[1]    Γû▓ Next.js 15.3.4
[1]    - Local:        http://localhost:3000
[1]    - Network:      http://10.2.0.2:3000
[1]    - Environments: .env.local
[1] 
[1]  Γ£ô Starting...
[0] ≡ƒÜÇ Server running on http://localhost:3001
[0] ≡ƒôÜ API Documentation: http://localhost:3001/health
[0] ≡ƒöº Environment: development
[0] Γ£à Routes mounted:
[0]    - /api/config (application configuration)
[0]    - /auth/* (authentication)
[0]    - /users/* (user management)
[0]    - /posts/* (post operations)
[0]    - /media/* (file uploads)
[0]    - /reports/* (content moderation)
[0] Γ£à Rate limiting applied to all critical routes
[1]  Γ£ô Ready in 7.5s
[1]  Γ£ô Compiled /middleware in 482ms (108 modules)
[1] Incoming request: {
[1]   method: 'GET',
[1]   url: 'http://localhost:3000/static/loader.js',
[1]   pathname: '/static/loader.js',
[1]   ip: '::ffff:127.0.0.1',
[1]   userAgent: 'Mozilla/5.0 (Windows NT 10.0; Win64; x64; rv:141.0) Gecko/20100101 Firefox/141.0',
[1]   timestamp: '2025-07-28T12:02:56.867Z'
[1] }
[1] Incoming request: {
[1]   method: 'GET',
[1]   url: 'http://localhost:3000/static/splash.png',
[1]   pathname: '/static/splash.png',
[1]   ip: '::ffff:127.0.0.1',
[1]   userAgent: 'Mozilla/5.0 (Windows NT 10.0; Win64; x64; rv:141.0) Gecko/20100101 Firefox/141.0',
[1]   timestamp: '2025-07-28T12:02:56.870Z'
[1] }
[1] Incoming request: {
[1]   method: 'GET',
[1]   url: 'http://localhost:3000/api/config',
[1]   pathname: '/api/config',
[1]   ip: '::ffff:127.0.0.1',
[1]   userAgent: 'Mozilla/5.0 (Windows NT 10.0; Win64; x64; rv:141.0) Gecko/20100101 Firefox/141.0',
[1]   timestamp: '2025-07-28T12:02:56.899Z'
[1] }
[1] Incoming request: {
[1]   method: 'GET',
[1]   url: 'http://localhost:3000/login',
[1]   pathname: '/login',
[1]   ip: '::ffff:127.0.0.1',
[1]   userAgent: 'Mozilla/5.0 (Windows NT 10.0; Win64; x64; rv:141.0) Gecko/20100101 Firefox/141.0',
[1]   timestamp: '2025-07-28T12:02:56.899Z'
[1] }
[1] Incoming request: {
[1]   method: 'GET',
[1]   url: 'http://localhost:3000/login',
[1]   pathname: '/login',
[1]   ip: '::ffff:127.0.0.1',
[1]   userAgent: 'Mozilla/5.0 (Windows NT 10.0; Win64; x64; rv:141.0) Gecko/20100101 Firefox/141.0',
[1]   timestamp: '2025-07-28T12:02:56.900Z'
[1] }
[1] Incoming request: {
[1]   method: 'GET',
[1]   url: 'http://localhost:3000/login',
[1]   pathname: '/login',
[1]   ip: '::ffff:127.0.0.1',
[1]   userAgent: 'Mozilla/5.0 (Windows NT 10.0; Win64; x64; rv:141.0) Gecko/20100101 Firefox/141.0',
[1]   timestamp: '2025-07-28T12:02:56.930Z'
[1] }
[1]  Γùï Compiling /login ...
[1]  Γ£ô Compiled /login in 1411ms (708 modules)
[1]  GET /login 200 in 1999ms
[1]  GET /login 200 in 2006ms
[1] Incoming request: {
[1]   method: 'GET',
[1]   url: 'http://localhost:3000/static/splash-dark.png',
[1]   pathname: '/static/splash-dark.png',
[1]   ip: '::ffff:127.0.0.1',
[1]   userAgent: 'Mozilla/5.0 (Windows NT 10.0; Win64; x64; rv:141.0) Gecko/20100101 Firefox/141.0',
[1]   timestamp: '2025-07-28T12:02:58.933Z'
[1] }
[1]  GET /login 200 in 2001ms
[1] Incoming request: {
[1]   method: 'GET',
[1]   url: 'http://localhost:3000/_app/immutable/nodes/36.CFLU7WVh.js',
[1]   pathname: '/_app/immutable/nodes/36.CFLU7WVh.js',
[1]   ip: '::ffff:127.0.0.1',
[1]   userAgent: 'Mozilla/5.0 (Windows NT 10.0; Win64; x64; rv:141.0) Gecko/20100101 Firefox/141.0',
[1]   timestamp: '2025-07-28T12:02:58.957Z'
[1] }
[1] Incoming request: {
[1]   method: 'GET',
[1]   url: 'http://localhost:3000/login',
[1]   pathname: '/login',
[1]   ip: '::ffff:127.0.0.1',
[1]   userAgent: 'Mozilla/5.0 (Windows NT 10.0; Win64; x64; rv:141.0) Gecko/20100101 Firefox/141.0',
[1]   timestamp: '2025-07-28T12:02:58.965Z'
[1] }
[1] Incoming request: {
[1]   method: 'GET',
[1]   url: 'http://localhost:3000/login',
[1]   pathname: '/login',
[1]   ip: '::ffff:127.0.0.1',
[1]   userAgent: 'Mozilla/5.0 (Windows NT 10.0; Win64; x64; rv:141.0) Gecko/20100101 Firefox/141.0',
[1]   timestamp: '2025-07-28T12:02:58.983Z'
[1] }
[1]  GET /login 200 in 59ms
[1]  GET /login 200 in 99ms
[1] Incoming request: {
[1]   method: 'GET',
[1]   url: 'http://localhost:3000/_app/version.json',
[1]   pathname: '/_app/version.json',
[1]   ip: '::ffff:127.0.0.1',
[1]   userAgent: 'Mozilla/5.0 (Windows NT 10.0; Win64; x64; rv:141.0) Gecko/20100101 Firefox/141.0',
[1]   timestamp: '2025-07-28T12:02:59.093Z'
[1] }
[1] Incoming request: {
[1]   method: 'GET',
[1]   url: 'http://localhost:3000/login',
[1]   pathname: '/login',
[1]   ip: '::ffff:127.0.0.1',
[1]   userAgent: 'Mozilla/5.0 (Windows NT 10.0; Win64; x64; rv:141.0) Gecko/20100101 Firefox/141.0',
[1]   timestamp: '2025-07-28T12:02:59.106Z'
[1] }
[1]  GET /login 200 in 57ms
[1] Incoming request: {
[1]   method: 'GET',
[1]   url: 'http://localhost:3000/_app/version.json',
[1]   pathname: '/_app/version.json',
[1]   ip: '::ffff:127.0.0.1',
[1]   userAgent: 'Mozilla/5.0 (Windows NT 10.0; Win64; x64; rv:141.0) Gecko/20100101 Firefox/141.0',
[1]   timestamp: '2025-07-28T12:02:59.178Z'
[1] }
[1] Incoming request: {
[1]   method: 'GET',
[1]   url: 'http://localhost:3000/login',
[1]   pathname: '/login',
[1]   ip: '::ffff:127.0.0.1',
[1]   userAgent: 'Mozilla/5.0 (Windows NT 10.0; Win64; x64; rv:141.0) Gecko/20100101 Firefox/141.0',
[1]   timestamp: '2025-07-28T12:02:59.190Z'
[1] }
[1]  GET /login 200 in 51ms
