
> backend@1.0.0 test
> vitest run


[1m[7m[36m RUN [39m[27m[22m [36mv2.1.8 [39m[90mC:/Users/Et Al/Documents/GitHub/ParaSocial/backend[39m

[90mstdout[2m | src/controllers/__tests__/AuthController.test.ts
[22m[39mTest setup initialized
Starting test cleanup...
Test cleanup completed

 [32mΓ£ô[39m src/controllers/__tests__/AuthController.test.ts[2m > [22mAuthController[2m > [22mregister[2m > [22mSuccessful Registration[2m > [22mshould register user successfully
 [32mΓ£ô[39m src/controllers/__tests__/AuthController.test.ts[2m > [22mAuthController[2m > [22mregister[2m > [22mValidation Errors[2m > [22mshould return 400 for invalid registration data
 [32mΓ£ô[39m src/controllers/__tests__/AuthController.test.ts[2m > [22mAuthController[2m > [22mregister[2m > [22mValidation Errors[2m > [22mshould handle empty request body
 [32mΓ£ô[39m src/controllers/__tests__/AuthController.test.ts[2m > [22mAuthController[2m > [22mregister[2m > [22mUser Already Exists[2m > [22mshould return 409 when email already exists
 [32mΓ£ô[39m src/controllers/__tests__/AuthController.test.ts[2m > [22mAuthController[2m > [22mregister[2m > [22mUser Already Exists[2m > [22mshould return 409 when username already exists
 [32mΓ£ô[39m src/controllers/__tests__/AuthController.test.ts[2m > [22mAuthController[2m > [22mregister[2m > [22mServer Errors[2m > [22mshould return 500 when password hashing fails
 [32mΓ£ô[39m src/controllers/__tests__/AuthController.test.ts[2m > [22mAuthController[2m > [22mregister[2m > [22mServer Errors[2m > [22mshould return 500 when user creation fails
 [32mΓ£ô[39m src/controllers/__tests__/AuthController.test.ts[2m > [22mAuthController[2m > [22mregister[2m > [22mServer Errors[2m > [22mshould return 500 when token generation fails
 [32mΓ£ô[39m src/controllers/__tests__/AuthController.test.ts[2m > [22mAuthController[2m > [22mlogin[2m > [22mSuccessful Login[2m > [22mshould login user successfully
 [32mΓ£ô[39m src/controllers/__tests__/AuthController.test.ts[2m > [22mAuthController[2m > [22mlogin[2m > [22mSuccessful Login[2m > [22mshould return user data and token on successful login
 [32mΓ£ô[39m src/controllers/__tests__/AuthController.test.ts[2m > [22mAuthController[2m > [22mlogin[2m > [22mValidation Errors[2m > [22mshould return 400 for invalid login data
 [32mΓ£ô[39m src/controllers/__tests__/AuthController.test.ts[2m > [22mAuthController[2m > [22mlogin[2m > [22mValidation Errors[2m > [22mshould return 400 for missing password
 [32mΓ£ô[39m src/controllers/__tests__/AuthController.test.ts[2m > [22mAuthController[2m > [22mlogin[2m > [22mValidation Errors[2m > [22mshould return 400 for missing email
 [32mΓ£ô[39m src/controllers/__tests__/AuthController.test.ts[2m > [22mAuthController[2m > [22mlogin[2m > [22mValidation Errors[2m > [22mshould handle empty login request
 [32mΓ£ô[39m src/controllers/__tests__/AuthController.test.ts[2m > [22mAuthController[2m > [22mlogin[2m > [22mAuthentication Errors[2m > [22mshould return 401 when user does not exist
 [32mΓ£ô[39m src/controllers/__tests__/AuthController.test.ts[2m > [22mAuthController[2m > [22mlogin[2m > [22mAuthentication Errors[2m > [22mshould return 401 when password is incorrect
 [32mΓ£ô[39m src/controllers/__tests__/AuthController.test.ts[2m > [22mAuthController[2m > [22mlogin[2m > [22mAuthentication Errors[2m > [22mshould not reveal whether email exists in error messages
 [32mΓ£ô[39m src/controllers/__tests__/AuthController.test.ts[2m > [22mAuthController[2m > [22mlogin[2m > [22mServer Errors[2m > [22mshould return 500 when database lookup fails
 [32mΓ£ô[39m src/controllers/__tests__/AuthController.test.ts[2m > [22mAuthController[2m > [22mlogin[2m > [22mServer Errors[2m > [22mshould return 500 when password verification fails
 [32mΓ£ô[39m src/controllers/__tests__/AuthController.test.ts[2m > [22mAuthController[2m > [22mlogout[2m > [22mshould logout user successfully
 [32mΓ£ô[39m src/controllers/__tests__/AuthController.test.ts[2m > [22mAuthController[2m > [22mlogout[2m > [22mshould handle logout errors gracefully
 [32mΓ£ô[39m src/controllers/__tests__/AuthController.test.ts[2m > [22mAuthController[2m > [22mgetCurrentUser[2m > [22mSuccessful User Retrieval[2m > [22mshould return current user profile
 [32mΓ£ô[39m src/controllers/__tests__/AuthController.test.ts[2m > [22mAuthController[2m > [22mgetCurrentUser[2m > [22mUser Not Found[2m > [22mshould return 404 when user does not exist
 [32mΓ£ô[39m src/controllers/__tests__/AuthController.test.ts[2m > [22mAuthController[2m > [22mgetCurrentUser[2m > [22mServer Errors[2m > [22mshould return 500 when database lookup fails
 [32mΓ£ô[39m src/controllers/__tests__/AuthController.test.ts[2m > [22mAuthController[2m > [22mgetCurrentUser[2m > [22mServer Errors[2m > [22mshould handle missing user ID in request
 [32mΓ£ô[39m src/controllers/__tests__/FollowController.business.test.ts[2m > [22mFollowController Business Logic Tests[2m > [22mfollowUser Business Logic[2m > [22mshould successfully follow a user with valid authentication
 [32mΓ£ô[39m src/controllers/__tests__/FollowController.business.test.ts[2m > [22mFollowController Business Logic Tests[2m > [22mfollowUser Business Logic[2m > [22mshould handle external ActivityPub actor follow without authentication
 [32mΓ£ô[39m src/controllers/__tests__/FollowController.business.test.ts[2m > [22mFollowController Business Logic Tests[2m > [22mfollowUser Business Logic[2m > [22mshould reject follow request when no follower identity provided
 [32mΓ£ô[39m src/controllers/__tests__/FollowController.business.test.ts[2m > [22mFollowController Business Logic Tests[2m > [22mfollowUser Business Logic[2m > [22mshould return 404 when target user not found
 [32mΓ£ô[39m src/controllers/__tests__/FollowController.business.test.ts[2m > [22mFollowController Business Logic Tests[2m > [22mfollowUser Business Logic[2m > [22mshould handle inactive user scenario
 [32mΓ£ô[39m src/controllers/__tests__/FollowController.business.test.ts[2m > [22mFollowController Business Logic Tests[2m > [22mfollowUser Business Logic[2m > [22mshould handle service validation errors correctly
 [32mΓ£ô[39m src/controllers/__tests__/FollowController.business.test.ts[2m > [22mFollowController Business Logic Tests[2m > [22mfollowUser Business Logic[2m > [22mshould handle self-follow prevention
 [32mΓ£ô[39m src/controllers/__tests__/FollowController.business.test.ts[2m > [22mFollowController Business Logic Tests[2m > [22mfollowUser Business Logic[2m > [22mshould handle blocking scenarios
 [32mΓ£ô[39m src/controllers/__tests__/FollowController.business.test.ts[2m > [22mFollowController Business Logic Tests[2m > [22munfollowUser Business Logic[2m > [22mshould successfully unfollow a user
 [32mΓ£ô[39m src/controllers/__tests__/FollowController.business.test.ts[2m > [22mFollowController Business Logic Tests[2m > [22munfollowUser Business Logic[2m > [22mshould require authentication for unfollow
 [32mΓ£ô[39m src/controllers/__tests__/FollowController.business.test.ts[2m > [22mFollowController Business Logic Tests[2m > [22munfollowUser Business Logic[2m > [22mshould handle not following scenario
 [32mΓ£ô[39m src/controllers/__tests__/FollowController.business.test.ts[2m > [22mFollowController Business Logic Tests[2m > [22mgetUserFollowers Business Logic[2m > [22mshould skip getUserFollowers test since method may not exist
 [32mΓ£ô[39m src/controllers/__tests__/FollowController.business.test.ts[2m > [22mFollowController Business Logic Tests[2m > [22mgetUserFollowers Business Logic[2m > [22mshould handle empty followers list or errors
 [32mΓ£ô[39m src/controllers/__tests__/FollowController.business.test.ts[2m > [22mFollowController Business Logic Tests[2m > [22mgetUserFollowStats Business Logic[2m > [22mshould successfully get follow statistics
 [32mΓ£ô[39m src/controllers/__tests__/FollowController.business.test.ts[2m > [22mFollowController Business Logic Tests[2m > [22mgetUserFollowStats Business Logic[2m > [22mshould handle stats for new user with zero follows
 [32mΓ£ô[39m src/controllers/__tests__/FollowController.business.test.ts[2m > [22mFollowController Business Logic Tests[2m > [22mError Code Mapping[2m > [22mshould map VALIDATION_ERROR to 400 status code
 [32mΓ£ô[39m src/controllers/__tests__/FollowController.business.test.ts[2m > [22mFollowController Business Logic Tests[2m > [22mError Code Mapping[2m > [22mshould map NO_FOLLOWER_IDENTITY to 409 status code
 [32mΓ£ô[39m src/controllers/__tests__/FollowController.business.test.ts[2m > [22mFollowController Business Logic Tests[2m > [22mError Code Mapping[2m > [22mshould map AUTHENTICATION_REQUIRED to 401 status code
 [32mΓ£ô[39m src/controllers/__tests__/FollowController.business.test.ts[2m > [22mFollowController Business Logic Tests[2m > [22mError Code Mapping[2m > [22mshould map FORBIDDEN to 403 status code
 [32mΓ£ô[39m src/controllers/__tests__/FollowController.business.test.ts[2m > [22mFollowController Business Logic Tests[2m > [22mError Code Mapping[2m > [22mshould map USER_NOT_FOUND to 404 status code
 [32mΓ£ô[39m src/controllers/__tests__/FollowController.business.test.ts[2m > [22mFollowController Business Logic Tests[2m > [22mError Code Mapping[2m > [22mshould map NOT_FOLLOWING to 404 status code
 [32mΓ£ô[39m src/controllers/__tests__/FollowController.business.test.ts[2m > [22mFollowController Business Logic Tests[2m > [22mError Code Mapping[2m > [22mshould map ALREADY_FOLLOWING to 409 status code
 [32mΓ£ô[39m src/controllers/__tests__/FollowController.business.test.ts[2m > [22mFollowController Business Logic Tests[2m > [22mError Code Mapping[2m > [22mshould map SELF_FOLLOW_ERROR to 409 status code
 [32mΓ£ô[39m src/controllers/__tests__/FollowController.business.test.ts[2m > [22mFollowController Business Logic Tests[2m > [22mError Code Mapping[2m > [22mshould map UNKNOWN_ERROR to 500 status code
 [32mΓ£ô[39m src/controllers/__tests__/FollowController.business.test.ts[2m > [22mFollowController Business Logic Tests[2m > [22mException Handling[2m > [22mshould handle database connection errors gracefully
 [32mΓ£ô[39m src/controllers/__tests__/FollowController.business.test.ts[2m > [22mFollowController Business Logic Tests[2m > [22mException Handling[2m > [22mshould handle service timeout errors
 [32mΓ£ô[39m src/controllers/__tests__/FollowController.business.test.ts[2m > [22mFollowController Business Logic Tests[2m > [22mException Handling[2m > [22mshould handle unknown exceptions with generic message
[90mstdout[2m | src/controllers/__tests__/FollowController.business.test.ts
[22m[39mTest setup initialized
Starting test cleanup...
Test cleanup completed

[90mstdout[2m | src/services/__tests__/FollowService.test.ts
[22m[39mTest setup initialized
Starting test cleanup...
Test cleanup completed

 [32mΓ£ô[39m src/services/__tests__/FollowService.test.ts[2m > [22mFollowService Unit Tests[2m > [22mfollowUser()[2m > [22mshould successfully create follow relationship
 [32mΓ£ô[39m src/services/__tests__/FollowService.test.ts[2m > [22mFollowService Unit Tests[2m > [22mfollowUser()[2m > [22mshould create ActivityPub federated follow relationship
 [32mΓ£ô[39m src/services/__tests__/FollowService.test.ts[2m > [22mFollowService Unit Tests[2m > [22mfollowUser()[2m > [22mshould reject self-follow attempts
 [32mΓ£ô[39m src/services/__tests__/FollowService.test.ts[2m > [22mFollowService Unit Tests[2m > [22mfollowUser()[2m > [22mshould reject follow when user not found
 [32mΓ£ô[39m src/services/__tests__/FollowService.test.ts[2m > [22mFollowService Unit Tests[2m > [22mfollowUser()[2m > [22mshould reject follow when user is inactive
 [32mΓ£ô[39m src/services/__tests__/FollowService.test.ts[2m > [22mFollowService Unit Tests[2m > [22mfollowUser()[2m > [22mshould reject follow when already following
 [32mΓ£ô[39m src/services/__tests__/FollowService.test.ts[2m > [22mFollowService Unit Tests[2m > [22mfollowUser()[2m > [22mshould reject invalid ActivityPub actor ID
 [32mΓ£ô[39m src/services/__tests__/FollowService.test.ts[2m > [22mFollowService Unit Tests[2m > [22mfollowUser()[2m > [22mshould handle validation errors for invalid input
 [32mΓ£ô[39m src/services/__tests__/FollowService.test.ts[2m > [22mFollowService Unit Tests[2m > [22munfollowUser()[2m > [22mshould successfully remove follow relationship
 [32mΓ£ô[39m src/services/__tests__/FollowService.test.ts[2m > [22mFollowService Unit Tests[2m > [22munfollowUser()[2m > [22mshould reject unfollow when not following
 [32mΓ£ô[39m src/services/__tests__/FollowService.test.ts[2m > [22mFollowService Unit Tests[2m > [22munfollowUser()[2m > [22mshould handle validation errors for invalid input
 [32mΓ£ô[39m src/services/__tests__/FollowService.test.ts[2m > [22mFollowService Unit Tests[2m > [22mgetFollowers()[2m > [22mshould successfully get followers with default pagination
 [32mΓ£ô[39m src/services/__tests__/FollowService.test.ts[2m > [22mFollowService Unit Tests[2m > [22mgetFollowers()[2m > [22mshould handle custom pagination options
 [32mΓ£ô[39m src/services/__tests__/FollowService.test.ts[2m > [22mFollowService Unit Tests[2m > [22mgetFollowers()[2m > [22mshould reject when user not found
 [32mΓ£ô[39m src/services/__tests__/FollowService.test.ts[2m > [22mFollowService Unit Tests[2m > [22mgetFollowers()[2m > [22mshould handle invalid pagination options
 [32mΓ£ô[39m src/services/__tests__/FollowService.test.ts[2m > [22mFollowService Unit Tests[2m > [22mgetFollowers()[2m > [22mshould reject invalid user ID
 [32mΓ£ô[39m src/services/__tests__/FollowService.test.ts[2m > [22mFollowService Unit Tests[2m > [22mgetFollowStats()[2m > [22mshould successfully get follow statistics
 [32mΓ£ô[39m src/services/__tests__/FollowService.test.ts[2m > [22mFollowService Unit Tests[2m > [22mgetFollowStats()[2m > [22mshould reject when user not found
 [32mΓ£ô[39m src/services/__tests__/FollowService.test.ts[2m > [22mFollowService Unit Tests[2m > [22mgetFollowStats()[2m > [22mshould reject invalid user ID
 [32mΓ£ô[39m src/services/__tests__/FollowService.test.ts[2m > [22mFollowService Unit Tests[2m > [22mcheckFollowStatus()[2m > [22mshould successfully check follow status when following
 [32mΓ£ô[39m src/services/__tests__/FollowService.test.ts[2m > [22mFollowService Unit Tests[2m > [22mcheckFollowStatus()[2m > [22mshould successfully check follow status when not following
 [32mΓ£ô[39m src/services/__tests__/FollowService.test.ts[2m > [22mFollowService Unit Tests[2m > [22mcheckFollowStatus()[2m > [22mshould reject invalid parameters
 [32mΓ£ô[39m src/services/__tests__/FollowService.test.ts[2m > [22mFollowService Unit Tests[2m > [22mbulkCheckFollowing()[2m > [22mshould successfully perform bulk follow check
 [32mΓ£ô[39m src/services/__tests__/FollowService.test.ts[2m > [22mFollowService Unit Tests[2m > [22mbulkCheckFollowing()[2m > [22mshould reject when too many users requested
 [32mΓ£ô[39m src/services/__tests__/FollowService.test.ts[2m > [22mFollowService Unit Tests[2m > [22mbulkCheckFollowing()[2m > [22mshould reject invalid follower ID
 [32mΓ£ô[39m src/services/__tests__/FollowService.test.ts[2m > [22mFollowService Unit Tests[2m > [22mbulkCheckFollowing()[2m > [22mshould reject non-array user IDs
 [32mΓ£ô[39m src/services/__tests__/FollowService.test.ts[2m > [22mFollowService Unit Tests[2m > [22mbulkCheckFollowing()[2m > [22mshould reject invalid user IDs in array
 [32mΓ£ô[39m src/services/__tests__/FollowService.test.ts[2m > [22mFollowService Unit Tests[2m > [22mgetRecentFollowers()[2m > [22mshould successfully get recent followers with default limit
 [32mΓ£ô[39m src/services/__tests__/FollowService.test.ts[2m > [22mFollowService Unit Tests[2m > [22mgetRecentFollowers()[2m > [22mshould handle custom limit within bounds
 [32mΓ£ô[39m src/services/__tests__/FollowService.test.ts[2m > [22mFollowService Unit Tests[2m > [22mgetRecentFollowers()[2m > [22mshould constrain limit to maximum of 50
 [32mΓ£ô[39m src/services/__tests__/FollowService.test.ts[2m > [22mFollowService Unit Tests[2m > [22mgetRecentFollowers()[2m > [22mshould constrain limit to minimum of 1
 [32mΓ£ô[39m src/services/__tests__/FollowService.test.ts[2m > [22mFollowService Unit Tests[2m > [22mgetRecentFollowers()[2m > [22mshould reject invalid user ID
 [32mΓ£ô[39m src/services/__tests__/FollowService.test.ts[2m > [22mFollowService Unit Tests[2m > [22mError Handling[2m > [22mshould handle repository errors in followUser
 [32mΓ£ô[39m src/services/__tests__/FollowService.test.ts[2m > [22mFollowService Unit Tests[2m > [22mError Handling[2m > [22mshould handle repository errors in getFollowStats
[90mstdout[2m | src/routes/__tests__/authRegistration.test.ts
[22m[39mTest setup initialized

[90mstdout[2m | src/routes/__tests__/authRegistration.test.ts
[22m[39mStarting test cleanup...
Test cleanup completed

 [32mΓ£ô[39m src/routes/__tests__/authRegistration.test.ts[2m > [22mAuthentication Routes - User Registration[2m > [22mPOST /auth/register - Valid Registration[2m > [22mshould successfully register a new user with valid data
 [32mΓ£ô[39m src/routes/__tests__/authRegistration.test.ts[2m > [22mAuthentication Routes - User Registration[2m > [22mPOST /auth/register - Valid Registration[2m > [22mshould register user with minimal required data (no bio or displayName)
 [32mΓ£ô[39m src/routes/__tests__/authRegistration.test.ts[2m > [22mAuthentication Routes - User Registration[2m > [22mPOST /auth/register - Valid Registration[2m > [22mshould return user data without password in response
 [32mΓ£ô[39m src/routes/__tests__/authRegistration.test.ts[2m > [22mAuthentication Routes - User Registration[2m > [22mPOST /auth/register - Duplicate User Conflicts[2m > [22mshould reject registration when username already exists
 [32mΓ£ô[39m src/routes/__tests__/authRegistration.test.ts[2m > [22mAuthentication Routes - User Registration[2m > [22mPOST /auth/register - Duplicate User Conflicts[2m > [22mshould reject registration when email already exists
 [32mΓ£ô[39m src/routes/__tests__/authRegistration.test.ts[2m > [22mAuthentication Routes - User Registration[2m > [22mPOST /auth/register - Duplicate User Conflicts[2m > [22mshould handle case-insensitive email conflicts
 [32mΓ£ô[39m src/routes/__tests__/authRegistration.test.ts[2m > [22mAuthentication Routes - User Registration[2m > [22mPOST /auth/register - Duplicate User Conflicts[2m > [22mshould handle case-insensitive username conflicts
 [32mΓ£ô[39m src/routes/__tests__/authRegistration.test.ts[2m > [22mAuthentication Routes - User Registration[2m > [22mPOST /auth/register - Input Validation Errors[2m > [22mshould reject registration with invalid data
 [32mΓ£ô[39m src/routes/__tests__/authRegistration.test.ts[2m > [22mAuthentication Routes - User Registration[2m > [22mPOST /auth/register - Input Validation Errors[2m > [22mshould reject registration with missing required fields
 [32mΓ£ô[39m src/routes/__tests__/authRegistration.test.ts[2m > [22mAuthentication Routes - User Registration[2m > [22mPOST /auth/register - Input Validation Errors[2m > [22mshould reject registration with empty request body
 [32mΓ£ô[39m src/routes/__tests__/authRegistration.test.ts[2m > [22mAuthentication Routes - User Registration[2m > [22mPOST /auth/register - Input Validation Errors[2m > [22mshould reject username with invalid characters
 [32mΓ£ô[39m src/routes/__tests__/authRegistration.test.ts[2m > [22mAuthentication Routes - User Registration[2m > [22mPOST /auth/register - Input Validation Errors[2m > [22mshould reject weak passwords
 [32mΓ£ô[39m src/routes/__tests__/authRegistration.test.ts[2m > [22mAuthentication Routes - User Registration[2m > [22mPOST /auth/register - Server Errors[2m > [22mshould handle database errors gracefully
 [32mΓ£ô[39m src/routes/__tests__/authRegistration.test.ts[2m > [22mAuthentication Routes - User Registration[2m > [22mPOST /auth/register - Server Errors[2m > [22mshould handle password hashing errors
 [32mΓ£ô[39m src/routes/__tests__/authRegistration.test.ts[2m > [22mAuthentication Routes - User Registration[2m > [22mPOST /auth/register - Content Type Handling[2m > [22mshould handle malformed JSON gracefully
 [32mΓ£ô[39m src/routes/__tests__/authRegistration.test.ts[2m > [22mAuthentication Routes - User Registration[2m > [22mPOST /auth/register - Content Type Handling[2m > [22mshould require JSON content type
 [32mΓ£ô[39m src/routes/__tests__/authRegistration.test.ts[2m > [22mAuthentication Routes - User Registration[2m > [22mResponse Format Validation[2m > [22mshould return consistent success response format
 [32mΓ£ô[39m src/routes/__tests__/authRegistration.test.ts[2m > [22mAuthentication Routes - User Registration[2m > [22mResponse Format Validation[2m > [22mshould return consistent error response format
 [32mΓ£ô[39m src/routes/__tests__/authRegistration.test.ts[2m > [22mAuthentication Routes - User Registration[2m > [22mSecurity Considerations[2m > [22mshould not return password in any response
 [32mΓ£ô[39m src/routes/__tests__/authRegistration.test.ts[2m > [22mAuthentication Routes - User Registration[2m > [22mSecurity Considerations[2m > [22mshould handle concurrent registration attempts
[90mstdout[2m | src/repositories/__tests__/PostRepository.test.ts
[22m[39mTest setup initialized
Starting test cleanup...
Test cleanup completed

 [32mΓ£ô[39m src/repositories/__tests__/PostRepository.test.ts[2m > [22mPostRepository[2m > [22mcreate()[2m > [22mshould create a published post with default values
 [32mΓ£ô[39m src/repositories/__tests__/PostRepository.test.ts[2m > [22mPostRepository[2m > [22mcreate()[2m > [22mshould create a draft post when isPublished is false
 [32mΓ£ô[39m src/repositories/__tests__/PostRepository.test.ts[2m > [22mPostRepository[2m > [22mcreate()[2m > [22mshould create a scheduled post
 [32mΓ£ô[39m src/repositories/__tests__/PostRepository.test.ts[2m > [22mPostRepository[2m > [22mcreate()[2m > [22mshould handle content warning and activity ID
 [32mΓ£ô[39m src/repositories/__tests__/PostRepository.test.ts[2m > [22mPostRepository[2m > [22mfindById()[2m > [22mshould find post by ID with full relations
 [32mΓ£ô[39m src/repositories/__tests__/PostRepository.test.ts[2m > [22mPostRepository[2m > [22mfindById()[2m > [22mshould return null if post not found
 [32mΓ£ô[39m src/repositories/__tests__/PostRepository.test.ts[2m > [22mPostRepository[2m > [22mfindByAuthor()[2m > [22mshould find posts by author with default pagination
 [32mΓ£ô[39m src/repositories/__tests__/PostRepository.test.ts[2m > [22mPostRepository[2m > [22mfindByAuthor()[2m > [22mshould apply publishing status filter
 [32mΓ£ô[39m src/repositories/__tests__/PostRepository.test.ts[2m > [22mPostRepository[2m > [22mfindByAuthor()[2m > [22mshould handle custom pagination and ordering
 [32mΓ£ô[39m src/repositories/__tests__/PostRepository.test.ts[2m > [22mPostRepository[2m > [22mfindPublished()[2m > [22mshould find published posts with default options
 [32mΓ£ô[39m src/repositories/__tests__/PostRepository.test.ts[2m > [22mPostRepository[2m > [22mfindPublished()[2m > [22mshould filter by author ID
 [32mΓ£ô[39m src/repositories/__tests__/PostRepository.test.ts[2m > [22mPostRepository[2m > [22mfindPublished()[2m > [22mshould filter by content warning presence
 [32mΓ£ô[39m src/repositories/__tests__/PostRepository.test.ts[2m > [22mPostRepository[2m > [22mfindPublished()[2m > [22mshould filter by date range
 [32mΓ£ô[39m src/repositories/__tests__/PostRepository.test.ts[2m > [22mPostRepository[2m > [22mfindReadyToPublish()[2m > [22mshould find expired scheduled posts
 [32mΓ£ô[39m src/repositories/__tests__/PostRepository.test.ts[2m > [22mPostRepository[2m > [22mfindScheduled()[2m > [22mshould find future scheduled posts
 [32mΓ£ô[39m src/repositories/__tests__/PostRepository.test.ts[2m > [22mPostRepository[2m > [22mfindScheduled()[2m > [22mshould filter by author
 [32mΓ£ô[39m src/repositories/__tests__/PostRepository.test.ts[2m > [22mPostRepository[2m > [22mupdate()[2m > [22mshould update post content and set updatedAt
 [32mΓ£ô[39m src/repositories/__tests__/PostRepository.test.ts[2m > [22mPostRepository[2m > [22mupdate()[2m > [22mshould set publishedAt when transitioning to published
 [32mΓ£ô[39m src/repositories/__tests__/PostRepository.test.ts[2m > [22mPostRepository[2m > [22mupdate()[2m > [22mshould not set publishedAt if already published
 [32mΓ£ô[39m src/repositories/__tests__/PostRepository.test.ts[2m > [22mPostRepository[2m > [22mdelete()[2m > [22mshould delete post and return deleted post with media info
 [32mΓ£ô[39m src/repositories/__tests__/PostRepository.test.ts[2m > [22mPostRepository[2m > [22mexistsByIdAndAuthor()[2m > [22mshould return true if post exists and belongs to author
 [32mΓ£ô[39m src/repositories/__tests__/PostRepository.test.ts[2m > [22mPostRepository[2m > [22mexistsByIdAndAuthor()[2m > [22mshould return false if post does not exist or belongs to different author
 [32mΓ£ô[39m src/repositories/__tests__/PostRepository.test.ts[2m > [22mPostRepository[2m > [22mgetAuthorStats()[2m > [22mshould return comprehensive post statistics for author
 [32mΓ£ô[39m src/repositories/__tests__/PostRepository.test.ts[2m > [22mPostRepository[2m > [22mfindByActivityId()[2m > [22mshould find post by ActivityPub activity ID
 [32mΓ£ô[39m src/repositories/__tests__/PostRepository.test.ts[2m > [22mPostRepository[2m > [22mpublishExpiredScheduled()[2m > [22mshould batch publish expired scheduled posts
 [32mΓ£ô[39m src/repositories/__tests__/PostRepository.test.ts[2m > [22mPostRepository[2m > [22mpublishExpiredScheduled()[2m > [22mshould return empty array if no expired posts
 [32mΓ£ô[39m src/repositories/__tests__/PostRepository.test.ts[2m > [22mPostRepository[2m > [22mpublishExpiredScheduled()[2m > [22mshould use default limit of 50
[90mstdout[2m | src/routes/__tests__/posts.rateLimit.test.ts
[22m[39mTest setup initialized

 [32mΓ£ô[39m src/routes/__tests__/posts.rateLimit.test.ts[2m > [22mPosts Rate Limiting Tests[2m > [22mPost Creation Rate Limiting[2m > [22mshould allow post creation within rate limit
 [32mΓ£ô[39m src/routes/__tests__/posts.rateLimit.test.ts[2m > [22mPosts Rate Limiting Tests[2m > [22mPost Creation Rate Limiting[2m > [22mshould include rate limit headers in response
 [32mΓ£ô[39m src/routes/__tests__/posts.rateLimit.test.ts[2m > [22mPosts Rate Limiting Tests[2m > [22mPost Creation Rate Limiting[2m > [22mshould block post creation after hitting the limit
 [32mΓ£ô[39m src/routes/__tests__/posts.rateLimit.test.ts[2m > [22mPosts Rate Limiting Tests[2m > [22mPost Creation Rate Limiting[2m > [22mshould track rate limits by user ID when authenticated
 [32mΓ£ô[39m src/routes/__tests__/posts.rateLimit.test.ts[2m > [22mPosts Rate Limiting Tests[2m > [22mPost Creation Rate Limiting[2m > [22mshould allow different post content without affecting rate limit
 [32mΓ£ô[39m src/routes/__tests__/posts.rateLimit.test.ts[2m > [22mPosts Rate Limiting Tests[2m > [22mNon-Rate-Limited Post Operations[2m > [22mshould not apply rate limiting to GET /posts (reading posts)
 [32mΓ£ô[39m src/routes/__tests__/posts.rateLimit.test.ts[2m > [22mPosts Rate Limiting Tests[2m > [22mNon-Rate-Limited Post Operations[2m > [22mshould not apply rate limiting to GET /posts/:id (reading individual posts)
 [32mΓ£ô[39m src/routes/__tests__/posts.rateLimit.test.ts[2m > [22mPosts Rate Limiting Tests[2m > [22mNon-Rate-Limited Post Operations[2m > [22mshould not apply rate limiting to DELETE /posts/:id (deleting posts)
 [32mΓ£ô[39m src/routes/__tests__/posts.rateLimit.test.ts[2m > [22mPosts Rate Limiting Tests[2m > [22mRate Limit Error Response Format[2m > [22mshould return consistent error format when rate limited
 [32mΓ£ô[39m src/routes/__tests__/posts.rateLimit.test.ts[2m > [22mPosts Rate Limiting Tests[2m > [22mRate Limit Error Response Format[2m > [22mshould include proper rate limit headers in blocked requests
 [32mΓ£ô[39m src/routes/__tests__/posts.rateLimit.test.ts[2m > [22mPosts Rate Limiting Tests[2m > [22mAuthentication Required for Rate Limited Operations[2m > [22mshould require authentication for post creation
 [32mΓ£ô[39m src/routes/__tests__/posts.rateLimit.test.ts[2m > [22mPosts Rate Limiting Tests[2m > [22mAuthentication Required for Rate Limited Operations[2m > [22mshould reject invalid authentication tokens
 [32mΓ£ô[39m src/routes/__tests__/posts.rateLimit.test.ts[2m > [22mPosts Rate Limiting Tests[2m > [22mRate Limit Window Reset[2m > [22mshould reset rate limit after window expires
[90mstdout[2m | src/routes/__tests__/posts.rateLimit.test.ts
[22m[39mStarting test cleanup...
Test cleanup completed

[90mstdout[2m | src/routes/__tests__/media.rateLimit.test.ts
[22m[39mTest setup initialized

 [32mΓ£ô[39m src/routes/__tests__/media.rateLimit.test.ts[2m > [22mMedia Upload Rate Limiting Tests[2m > [22mPOST /media/upload Rate Limiting[2m > [22mshould allow uploads within the limit (first 10 uploads)
 [32mΓ£ô[39m src/routes/__tests__/media.rateLimit.test.ts[2m > [22mMedia Upload Rate Limiting Tests[2m > [22mPOST /media/upload Rate Limiting[2m > [22mshould include rate limit headers in response
 [32mΓ£ô[39m src/routes/__tests__/media.rateLimit.test.ts[2m > [22mMedia Upload Rate Limiting Tests[2m > [22mPOST /media/upload Rate Limiting[2m > [22mshould block uploads after hitting the limit
 [32mΓ£ô[39m src/routes/__tests__/media.rateLimit.test.ts[2m > [22mMedia Upload Rate Limiting Tests[2m > [22mPOST /media/upload Rate Limiting[2m > [22mshould track rate limits by user ID when authenticated
 [32mΓ£ô[39m src/routes/__tests__/media.rateLimit.test.ts[2m > [22mMedia Upload Rate Limiting Tests[2m > [22mPOST /media/upload Rate Limiting[2m > [22mshould handle multiple files in single request within rate limit
 [32mΓ£ô[39m src/routes/__tests__/media.rateLimit.test.ts[2m > [22mMedia Upload Rate Limiting Tests[2m > [22mPOST /media/upload Rate Limiting[2m > [22mshould handle different file types within rate limit
 [32mΓ£ô[39m src/routes/__tests__/media.rateLimit.test.ts[2m > [22mMedia Upload Rate Limiting Tests[2m > [22mPOST /media/upload Rate Limiting[2m > [22mshould handle large files within rate limit
 [32mΓ£ô[39m src/routes/__tests__/media.rateLimit.test.ts[2m > [22mMedia Upload Rate Limiting Tests[2m > [22mUpload Request Validation with Rate Limiting[2m > [22mshould apply rate limiting before file validation
 [32mΓ£ô[39m src/routes/__tests__/media.rateLimit.test.ts[2m > [22mMedia Upload Rate Limiting Tests[2m > [22mUpload Request Validation with Rate Limiting[2m > [22mshould not count failed uploads against rate limit
 [32mΓ£ô[39m src/routes/__tests__/media.rateLimit.test.ts[2m > [22mMedia Upload Rate Limiting Tests[2m > [22mNon-Rate-Limited Media Operations[2m > [22mshould not apply rate limiting to GET /media/info/:fileId
 [32mΓ£ô[39m src/routes/__tests__/media.rateLimit.test.ts[2m > [22mMedia Upload Rate Limiting Tests[2m > [22mNon-Rate-Limited Media Operations[2m > [22mshould not apply rate limiting to DELETE /media/:fileId
 [32mΓ£ô[39m src/routes/__tests__/media.rateLimit.test.ts[2m > [22mMedia Upload Rate Limiting Tests[2m > [22mRate Limit Error Response Format[2m > [22mshould return consistent error format when rate limited
 [32mΓ£ô[39m src/routes/__tests__/media.rateLimit.test.ts[2m > [22mMedia Upload Rate Limiting Tests[2m > [22mEdge Cases and Error Scenarios[2m > [22mshould handle rapid concurrent upload attempts
 [32mΓ£ô[39m src/routes/__tests__/media.rateLimit.test.ts[2m > [22mMedia Upload Rate Limiting Tests[2m > [22mEdge Cases and Error Scenarios[2m > [22mshould handle uploads with file metadata within rate limit
 [32mΓ£ô[39m src/routes/__tests__/media.rateLimit.test.ts[2m > [22mMedia Upload Rate Limiting Tests[2m > [22mEdge Cases and Error Scenarios[2m > [22mshould reset rate limit after time window
[90mstdout[2m | src/routes/__tests__/media.rateLimit.test.ts
[22m[39mStarting test cleanup...
Test cleanup completed

 [32mΓ£ô[39m src/middleware/__tests__/authMiddleware.test.ts[2m > [22mAuthentication Middleware[2m > [22mcreateAuthMiddleware (Required Authentication)[2m > [22mValid Authentication[2m > [22mshould successfully authenticate with valid token
 [32mΓ£ô[39m src/middleware/__tests__/authMiddleware.test.ts[2m > [22mAuthentication Middleware[2m > [22mcreateAuthMiddleware (Required Authentication)[2m > [22mValid Authentication[2m > [22mshould handle different token formats correctly
 [32mΓ£ô[39m src/middleware/__tests__/authMiddleware.test.ts[2m > [22mAuthentication Middleware[2m > [22mcreateAuthMiddleware (Required Authentication)[2m > [22mValid Authentication[2m > [22mshould handle user with numeric ID
 [32mΓ£ô[39m src/middleware/__tests__/authMiddleware.test.ts[2m > [22mAuthentication Middleware[2m > [22mcreateAuthMiddleware (Required Authentication)[2m > [22mValid Authentication[2m > [22mshould handle case-sensitive headers
 [32mΓ£ô[39m src/middleware/__tests__/authMiddleware.test.ts[2m > [22mAuthentication Middleware[2m > [22mcreateAuthMiddleware (Required Authentication)[2m > [22mMissing Authentication[2m > [22mshould return 401 when no authorization header is provided
 [32mΓ£ô[39m src/middleware/__tests__/authMiddleware.test.ts[2m > [22mAuthentication Middleware[2m > [22mcreateAuthMiddleware (Required Authentication)[2m > [22mMissing Authentication[2m > [22mshould return 401 when authorization header is empty
 [32mΓ£ô[39m src/middleware/__tests__/authMiddleware.test.ts[2m > [22mAuthentication Middleware[2m > [22mcreateAuthMiddleware (Required Authentication)[2m > [22mMissing Authentication[2m > [22mshould return 401 when token extraction fails
 [32mΓ£ô[39m src/middleware/__tests__/authMiddleware.test.ts[2m > [22mAuthentication Middleware[2m > [22mcreateAuthMiddleware (Required Authentication)[2m > [22mInvalid Authentication[2m > [22mshould return 401 when token verification fails
 [32mΓ£ô[39m src/middleware/__tests__/authMiddleware.test.ts[2m > [22mAuthentication Middleware[2m > [22mcreateAuthMiddleware (Required Authentication)[2m > [22mInvalid Authentication[2m > [22mshould handle extractTokenFromHeader errors
 [32mΓ£ô[39m src/middleware/__tests__/authMiddleware.test.ts[2m > [22mAuthentication Middleware[2m > [22mcreateAuthMiddleware (Required Authentication)[2m > [22mInvalid Authentication[2m > [22mshould handle verifyToken returning null or undefined
 [32mΓ£ô[39m src/middleware/__tests__/authMiddleware.test.ts[2m > [22mAuthentication Middleware[2m > [22mcreateOptionalAuthMiddleware (Optional Authentication)[2m > [22mValid Authentication[2m > [22mshould authenticate when valid token is provided
 [32mΓ£ô[39m src/middleware/__tests__/authMiddleware.test.ts[2m > [22mAuthentication Middleware[2m > [22mcreateOptionalAuthMiddleware (Optional Authentication)[2m > [22mValid Authentication[2m > [22mshould handle valid authentication same as required middleware
 [32mΓ£ô[39m src/middleware/__tests__/authMiddleware.test.ts[2m > [22mAuthentication Middleware[2m > [22mcreateOptionalAuthMiddleware (Optional Authentication)[2m > [22mMissing Authentication[2m > [22mshould continue without user when no authorization header
 [32mΓ£ô[39m src/middleware/__tests__/authMiddleware.test.ts[2m > [22mAuthentication Middleware[2m > [22mcreateOptionalAuthMiddleware (Optional Authentication)[2m > [22mMissing Authentication[2m > [22mshould continue without user when authorization header is empty
 [32mΓ£ô[39m src/middleware/__tests__/authMiddleware.test.ts[2m > [22mAuthentication Middleware[2m > [22mcreateOptionalAuthMiddleware (Optional Authentication)[2m > [22mMissing Authentication[2m > [22mshould continue without user when token extraction fails
 [32mΓ£ô[39m src/middleware/__tests__/authMiddleware.test.ts[2m > [22mAuthentication Middleware[2m > [22mcreateOptionalAuthMiddleware (Optional Authentication)[2m > [22mInvalid Authentication[2m > [22mshould continue without user when token verification fails
 [32mΓ£ô[39m src/middleware/__tests__/authMiddleware.test.ts[2m > [22mAuthentication Middleware[2m > [22mcreateOptionalAuthMiddleware (Optional Authentication)[2m > [22mInvalid Authentication[2m > [22mshould continue without user for expired tokens
 [32mΓ£ô[39m src/middleware/__tests__/authMiddleware.test.ts[2m > [22mAuthentication Middleware[2m > [22mcreateOptionalAuthMiddleware (Optional Authentication)[2m > [22mInvalid Authentication[2m > [22mshould continue without user for any token verification error
 [32mΓ£ô[39m src/middleware/__tests__/authMiddleware.test.ts[2m > [22mAuthentication Middleware[2m > [22mcreateOptionalAuthMiddleware (Optional Authentication)[2m > [22mInvalid Authentication[2m > [22mshould handle extractTokenFromHeader errors gracefully
 [32mΓ£ô[39m src/middleware/__tests__/authMiddleware.test.ts[2m > [22mAuthentication Middleware[2m > [22mMiddleware Factory Functions[2m > [22mshould create middleware function from createAuthMiddleware
 [32mΓ£ô[39m src/middleware/__tests__/authMiddleware.test.ts[2m > [22mAuthentication Middleware[2m > [22mMiddleware Factory Functions[2m > [22mshould create middleware function from createOptionalAuthMiddleware
 [32mΓ£ô[39m src/middleware/__tests__/authMiddleware.test.ts[2m > [22mAuthentication Middleware[2m > [22mMiddleware Factory Functions[2m > [22mshould create independent middleware instances
 [32mΓ£ô[39m src/middleware/__tests__/authMiddleware.test.ts[2m > [22mAuthentication Middleware[2m > [22mMiddleware Factory Functions[2m > [22mshould handle different AuthService instances
 [32mΓ£ô[39m src/middleware/__tests__/authMiddleware.test.ts[2m > [22mAuthentication Middleware[2m > [22mIntegration Scenarios[2m > [22mshould work in sequence with multiple middleware
 [32mΓ£ô[39m src/middleware/__tests__/authMiddleware.test.ts[2m > [22mAuthentication Middleware[2m > [22mIntegration Scenarios[2m > [22mshould preserve existing request properties
 [32mΓ£ô[39m src/middleware/__tests__/authMiddleware.test.ts[2m > [22mAuthentication Middleware[2m > [22mIntegration Scenarios[2m > [22mshould handle concurrent requests independently
[90mstdout[2m | src/middleware/__tests__/authMiddleware.test.ts
[22m[39mTest setup initialized
Starting test cleanup...
Test cleanup completed

[90mstdout[2m | src/middleware/__tests__/rateLimitMiddleware.test.ts
[22m[39mTest setup initialized

 [32mΓ£ô[39m src/middleware/__tests__/rateLimitMiddleware.test.ts[2m > [22mRate Limiting Middleware[2m > [22mAuthentication Rate Limiting[2m > [22mshould allow requests within the limit (5 per minute)
 [32mΓ£ô[39m src/middleware/__tests__/rateLimitMiddleware.test.ts[2m > [22mRate Limiting Middleware[2m > [22mAuthentication Rate Limiting[2m > [22mshould block requests exceeding the limit (6th request)[33m 499[2mms[22m[39m
 [32mΓ£ô[39m src/middleware/__tests__/rateLimitMiddleware.test.ts[2m > [22mRate Limiting Middleware[2m > [22mAuthentication Rate Limiting[2m > [22mshould include rate limit headers
 [32mΓ£ô[39m src/middleware/__tests__/rateLimitMiddleware.test.ts[2m > [22mRate Limiting Middleware[2m > [22mAuthentication Rate Limiting[2m > [22mshould use IP address for rate limiting when user not authenticated[33m 494[2mms[22m[39m
 [32mΓ£ô[39m src/middleware/__tests__/rateLimitMiddleware.test.ts[2m > [22mRate Limiting Middleware[2m > [22mPost Creation Rate Limiting[2m > [22mshould allow 10 posts per hour for authenticated users
 [32mΓ£ô[39m src/middleware/__tests__/rateLimitMiddleware.test.ts[2m > [22mRate Limiting Middleware[2m > [22mPost Creation Rate Limiting[2m > [22mshould block 11th post creation attempt[33m 832[2mms[22m[39m
 [32mΓ£ô[39m src/middleware/__tests__/rateLimitMiddleware.test.ts[2m > [22mRate Limiting Middleware[2m > [22mPost Creation Rate Limiting[2m > [22mshould use user ID for authenticated users
 [32mΓ£ô[39m src/middleware/__tests__/rateLimitMiddleware.test.ts[2m > [22mRate Limiting Middleware[2m > [22mPost Creation Rate Limiting[2m > [22mshould fall back to IP for unauthenticated users
 [32mΓ£ô[39m src/middleware/__tests__/rateLimitMiddleware.test.ts[2m > [22mRate Limiting Middleware[2m > [22mFollow Operations Rate Limiting[2m > [22mshould allow 20 follow operations per hour
 [32mΓ£ô[39m src/middleware/__tests__/rateLimitMiddleware.test.ts[2m > [22mRate Limiting Middleware[2m > [22mFollow Operations Rate Limiting[2m > [22mshould block 21st follow operation[33m 1436[2mms[22m[39m
 [32mΓ£ô[39m src/middleware/__tests__/rateLimitMiddleware.test.ts[2m > [22mRate Limiting Middleware[2m > [22mMedia Upload Rate Limiting[2m > [22mshould allow 20 media uploads per hour
 [32mΓ£ô[39m src/middleware/__tests__/rateLimitMiddleware.test.ts[2m > [22mRate Limiting Middleware[2m > [22mMedia Upload Rate Limiting[2m > [22mshould block 21st media upload[33m 1412[2mms[22m[39m
 [32mΓ£ô[39m src/middleware/__tests__/rateLimitMiddleware.test.ts[2m > [22mRate Limiting Middleware[2m > [22mGeneral API Rate Limiting[2m > [22mshould allow 100 requests per minute
 [32mΓ£ô[39m src/middleware/__tests__/rateLimitMiddleware.test.ts[2m > [22mRate Limiting Middleware[2m > [22mGeneral API Rate Limiting[2m > [22mshould block requests exceeding 100 per minute[33m 346[2mms[22m[39m
 [32mΓ£ô[39m src/middleware/__tests__/rateLimitMiddleware.test.ts[2m > [22mRate Limiting Middleware[2m > [22mGeneral API Rate Limiting[2m > [22mshould use IP address for general rate limiting
 [32mΓ£ô[39m src/middleware/__tests__/rateLimitMiddleware.test.ts[2m > [22mRate Limiting Middleware[2m > [22mPassword Reset Rate Limiting[2m > [22mshould allow 3 password reset attempts per hour
 [32mΓ£ô[39m src/middleware/__tests__/rateLimitMiddleware.test.ts[2m > [22mRate Limiting Middleware[2m > [22mPassword Reset Rate Limiting[2m > [22mshould block 4th password reset attempt[33m 356[2mms[22m[39m
 [32mΓ£ô[39m src/middleware/__tests__/rateLimitMiddleware.test.ts[2m > [22mRate Limiting Middleware[2m > [22mError Response Format[2m > [22mshould return consistent error format for all rate limits[33m 427[2mms[22m[39m
[90mstdout[2m | src/middleware/__tests__/rateLimitMiddleware.test.ts[2m > [22m[2mRate Limiting Middleware[2m > [22m[2mError Response Format[2m > [22m[2mshould include retry after information
[22m[39mRate limited response: {
  status: [33m429[39m,
  body: {
    success: [33mfalse[39m,
    error: {
      code: [32m'RATE_LIMIT_EXCEEDED'[39m,
      message: [32m'Too many authentication attempts. Please try again in 1 minute.'[39m,
      retryAfter: [32m'60 seconds'[39m
    }
  }
}

 [32mΓ£ô[39m src/middleware/__tests__/rateLimitMiddleware.test.ts[2m > [22mRate Limiting Middleware[2m > [22mError Response Format[2m > [22mshould include retry after information[33m 420[2mms[22m[39m
 [32mΓ£ô[39m src/middleware/__tests__/rateLimitMiddleware.test.ts[2m > [22mRate Limiting Middleware[2m > [22mRate Limit Configuration[2m > [22mshould export correct configuration values
 [32mΓ£ô[39m src/middleware/__tests__/rateLimitMiddleware.test.ts[2m > [22mRate Limiting Middleware[2m > [22mRate Limit Configuration[2m > [22mshould have keyGenerator functions for all rate limit types
 [32mΓ£ô[39m src/middleware/__tests__/rateLimitMiddleware.test.ts[2m > [22mRate Limiting Middleware[2m > [22mRate Limit Configuration[2m > [22mshould export utility functions
 [32mΓ£ô[39m src/middleware/__tests__/rateLimitMiddleware.test.ts[2m > [22mRate Limiting Middleware[2m > [22mRate Limit Configuration[2m > [22mshould export pre-configured middleware functions
[90mstdout[2m | src/middleware/__tests__/rateLimitMiddleware.test.ts
[22m[39mStarting test cleanup...
Test cleanup completed

[90mstdout[2m | src/middleware/__tests__/rateLimitUserVsIP.test.ts
[22m[39mTest setup initialized

 [32mΓ£ô[39m src/middleware/__tests__/rateLimitUserVsIP.test.ts[2m > [22mRate Limiting: User ID vs IP Address[2m > [22mAuthenticated User Rate Limiting (by User ID)[2m > [22mshould track rate limits by user ID for authenticated users[33m 303[2mms[22m[39m
 [32mΓ£ô[39m src/middleware/__tests__/rateLimitUserVsIP.test.ts[2m > [22mRate Limiting: User ID vs IP Address[2m > [22mAuthenticated User Rate Limiting (by User ID)[2m > [22mshould allow different users to have separate rate limits[33m 312[2mms[22m[39m
 [32mΓ£ô[39m src/middleware/__tests__/rateLimitUserVsIP.test.ts[2m > [22mRate Limiting: User ID vs IP Address[2m > [22mAnonymous User Rate Limiting (by IP Address)[2m > [22mshould track rate limits by IP address for anonymous users[33m 315[2mms[22m[39m
 [32mΓ£ô[39m src/middleware/__tests__/rateLimitUserVsIP.test.ts[2m > [22mRate Limiting: User ID vs IP Address[2m > [22mAnonymous User Rate Limiting (by IP Address)[2m > [22mshould allow different IP addresses to have separate rate limits[33m 302[2mms[22m[39m
 [32mΓ£ô[39m src/middleware/__tests__/rateLimitUserVsIP.test.ts[2m > [22mRate Limiting: User ID vs IP Address[2m > [22mUser ID vs IP Priority[2m > [22mshould prioritize user ID over IP address when user is authenticated
[90mstdout[2m | src/middleware/__tests__/rateLimitUserVsIP.test.ts[2m > [22m[2mRate Limiting: User ID vs IP Address[2m > [22m[2mUser ID vs IP Priority[2m > [22m[2mshould demonstrate same user from different IPs shares rate limit
[22m[39m
=== Making first request ===

[90mstdout[2m | src/middleware/__tests__/rateLimitUserVsIP.test.ts[2m > [22m[2mRate Limiting: User ID vs IP Address[2m > [22m[2mUser ID vs IP Priority[2m > [22m[2mshould demonstrate same user from different IPs shares rate limit
[22m[39mRequest middleware - User: shared-user-789 IP: ip-1
Rate limiter keyGenerator called with key: shared-user-789
Test endpoint reached with key: shared-user-789
Response 1: [33m200[39m shared-user-789

[90mstdout[2m | src/middleware/__tests__/rateLimitUserVsIP.test.ts[2m > [22m[2mRate Limiting: User ID vs IP Address[2m > [22m[2mUser ID vs IP Priority[2m > [22m[2mshould demonstrate same user from different IPs shares rate limit
[22m[39m
=== Making second request ===

[90mstdout[2m | src/middleware/__tests__/rateLimitUserVsIP.test.ts[2m > [22m[2mRate Limiting: User ID vs IP Address[2m > [22m[2mUser ID vs IP Priority[2m > [22m[2mshould demonstrate same user from different IPs shares rate limit
[22m[39mRequest middleware - User: shared-user-789 IP: ip-1
Rate limiter keyGenerator called with key: shared-user-789
Test endpoint reached with key: shared-user-789
Response 2: [33m200[39m shared-user-789

[90mstdout[2m | src/middleware/__tests__/rateLimitUserVsIP.test.ts[2m > [22m[2mRate Limiting: User ID vs IP Address[2m > [22m[2mUser ID vs IP Priority[2m > [22m[2mshould demonstrate same user from different IPs shares rate limit
[22m[39m
=== Making third request (from different IP) ===

[90mstdout[2m | src/middleware/__tests__/rateLimitUserVsIP.test.ts[2m > [22m[2mRate Limiting: User ID vs IP Address[2m > [22m[2mUser ID vs IP Priority[2m > [22m[2mshould demonstrate same user from different IPs shares rate limit
[22m[39mRequest middleware - User: shared-user-789 IP: ip-2
Rate limiter keyGenerator called with key: shared-user-789
Test endpoint reached with key: shared-user-789

[90mstdout[2m | src/middleware/__tests__/rateLimitUserVsIP.test.ts[2m > [22m[2mRate Limiting: User ID vs IP Address[2m > [22m[2mUser ID vs IP Priority[2m > [22m[2mshould demonstrate same user from different IPs shares rate limit
[22m[39mResponse 3: [33m200[39m shared-user-789

[90mstdout[2m | src/middleware/__tests__/rateLimitUserVsIP.test.ts[2m > [22m[2mRate Limiting: User ID vs IP Address[2m > [22m[2mUser ID vs IP Priority[2m > [22m[2mshould demonstrate same user from different IPs shares rate limit
[22m[39m
=== Making fourth request (should be rate limited) ===

[90mstdout[2m | src/middleware/__tests__/rateLimitUserVsIP.test.ts[2m > [22m[2mRate Limiting: User ID vs IP Address[2m > [22m[2mUser ID vs IP Priority[2m > [22m[2mshould demonstrate same user from different IPs shares rate limit
[22m[39mRequest middleware - User: shared-user-789 IP: ip-1
Rate limiter keyGenerator called with key: shared-user-789
Rate limiter BLOCKED request for key: shared-user-789

[90mstdout[2m | src/middleware/__tests__/rateLimitUserVsIP.test.ts[2m > [22m[2mRate Limiting: User ID vs IP Address[2m > [22m[2mUser ID vs IP Priority[2m > [22m[2mshould demonstrate same user from different IPs shares rate limit
[22m[39mBlocked response debug: {
  status: [33m429[39m,
  body: {
    success: [33mfalse[39m,
    error: {
      code: [32m'RATE_LIMIT_EXCEEDED'[39m,
      message: [32m'Rate limit exceeded'[39m,
      rateLimitKey: [32m'shared-user-789'[39m,
      retryAfter: [32m'60 seconds'[39m
    }
  },
  headers: {
    [32m'ratelimit-limit'[39m: [32m'3'[39m,
    [32m'ratelimit-remaining'[39m: [32m'0'[39m,
    [32m'ratelimit-reset'[39m: [32m'60'[39m
  }
}

 [32mΓ£ô[39m src/middleware/__tests__/rateLimitUserVsIP.test.ts[2m > [22mRate Limiting: User ID vs IP Address[2m > [22mUser ID vs IP Priority[2m > [22mshould demonstrate same user from different IPs shares rate limit[33m 462[2mms[22m[39m
[90mstdout[2m | src/middleware/__tests__/rateLimitUserVsIP.test.ts
[22m[39mStarting test cleanup...
Test cleanup completed

 [32mΓ£ô[39m src/middleware/__tests__/rateLimitUserVsIP.test.ts[2m > [22mRate Limiting: User ID vs IP Address[2m > [22mFallback Behavior[2m > [22mshould fallback to IP when user ID is not available
 [32mΓ£ô[39m src/models/__tests__/Post.businessLogic.test.ts[2m > [22mPost Business Logic Methods[2m > [22misReadyToPublish()[2m > [22mshould return false for already published posts
 [32mΓ£ô[39m src/models/__tests__/Post.businessLogic.test.ts[2m > [22mPost Business Logic Methods[2m > [22misReadyToPublish()[2m > [22mshould return true for draft posts with content
 [32mΓ£ô[39m src/models/__tests__/Post.businessLogic.test.ts[2m > [22mPost Business Logic Methods[2m > [22misReadyToPublish()[2m > [22mshould return false for posts with empty content
 [32mΓ£ô[39m src/models/__tests__/Post.businessLogic.test.ts[2m > [22mPost Business Logic Methods[2m > [22misReadyToPublish()[2m > [22mshould return false for posts with only whitespace content
 [32mΓ£ô[39m src/models/__tests__/Post.businessLogic.test.ts[2m > [22mPost Business Logic Methods[2m > [22misReadyToPublish()[2m > [22mshould return false for scheduled posts with future dates
 [32mΓ£ô[39m src/models/__tests__/Post.businessLogic.test.ts[2m > [22mPost Business Logic Methods[2m > [22misReadyToPublish()[2m > [22mshould return true for scheduled posts with past dates
 [32mΓ£ô[39m src/models/__tests__/Post.businessLogic.test.ts[2m > [22mPost Business Logic Methods[2m > [22misDraft()[2m > [22mshould return true for unpublished, unscheduled posts
 [32mΓ£ô[39m src/models/__tests__/Post.businessLogic.test.ts[2m > [22mPost Business Logic Methods[2m > [22misDraft()[2m > [22mshould return false for published posts
 [32mΓ£ô[39m src/models/__tests__/Post.businessLogic.test.ts[2m > [22mPost Business Logic Methods[2m > [22misDraft()[2m > [22mshould return false for scheduled posts
 [32mΓ£ô[39m src/models/__tests__/Post.businessLogic.test.ts[2m > [22mPost Business Logic Methods[2m > [22misScheduledPost()[2m > [22mshould return true for scheduled posts with future dates
 [32mΓ£ô[39m src/models/__tests__/Post.businessLogic.test.ts[2m > [22mPost Business Logic Methods[2m > [22misScheduledPost()[2m > [22mshould return false for scheduled posts with past dates
 [32mΓ£ô[39m src/models/__tests__/Post.businessLogic.test.ts[2m > [22mPost Business Logic Methods[2m > [22misScheduledPost()[2m > [22mshould return false for unscheduled posts
 [32mΓ£ô[39m src/models/__tests__/Post.businessLogic.test.ts[2m > [22mPost Business Logic Methods[2m > [22misScheduledPost()[2m > [22mshould return false for scheduled posts without scheduledFor date
 [32mΓ£ô[39m src/models/__tests__/Post.businessLogic.test.ts[2m > [22mPost Business Logic Methods[2m > [22mhasExpiredSchedule()[2m > [22mshould return true for scheduled posts with past dates
 [32mΓ£ô[39m src/models/__tests__/Post.businessLogic.test.ts[2m > [22mPost Business Logic Methods[2m > [22mhasExpiredSchedule()[2m > [22mshould return false for scheduled posts with future dates
 [32mΓ£ô[39m src/models/__tests__/Post.businessLogic.test.ts[2m > [22mPost Business Logic Methods[2m > [22mhasExpiredSchedule()[2m > [22mshould return false for unscheduled posts
 [32mΓ£ô[39m src/models/__tests__/Post.businessLogic.test.ts[2m > [22mPost Business Logic Methods[2m > [22mhasExpiredSchedule()[2m > [22mshould return false for scheduled posts without scheduledFor date
 [32mΓ£ô[39m src/models/__tests__/Post.businessLogic.test.ts[2m > [22mPost Business Logic Methods[2m > [22mgetContentPreview()[2m > [22mshould return full content when shorter than limit
 [32mΓ£ô[39m src/models/__tests__/Post.businessLogic.test.ts[2m > [22mPost Business Logic Methods[2m > [22mgetContentPreview()[2m > [22mshould return full content when exactly at limit
 [32mΓ£ô[39m src/models/__tests__/Post.businessLogic.test.ts[2m > [22mPost Business Logic Methods[2m > [22mgetContentPreview()[2m > [22mshould truncate content longer than limit
 [32mΓ£ô[39m src/models/__tests__/Post.businessLogic.test.ts[2m > [22mPost Business Logic Methods[2m > [22mgetContentPreview()[2m > [22mshould truncate at word boundaries when possible
 [32mΓ£ô[39m src/models/__tests__/Post.businessLogic.test.ts[2m > [22mPost Business Logic Methods[2m > [22mgetContentPreview()[2m > [22mshould use default limit of 280 characters
 [32mΓ£ô[39m src/models/__tests__/Post.businessLogic.test.ts[2m > [22mPost Business Logic Methods[2m > [22mgetContentPreview()[2m > [22mshould handle custom length limits
 [32mΓ£ô[39m src/models/__tests__/Post.businessLogic.test.ts[2m > [22mPost Business Logic Methods[2m > [22mgenerateActivityId()[2m > [22mshould generate correct ActivityPub URI format
 [32mΓ£ô[39m src/models/__tests__/Post.businessLogic.test.ts[2m > [22mPost Business Logic Methods[2m > [22mgenerateActivityId()[2m > [22mshould handle different domains
 [32mΓ£ô[39m src/models/__tests__/Post.businessLogic.test.ts[2m > [22mPost Business Logic Methods[2m > [22mgenerateActivityId()[2m > [22mshould work with complex post IDs
 [32mΓ£ô[39m src/models/__tests__/Post.businessLogic.test.ts[2m > [22mPost Business Logic Methods[2m > [22mtoPublicPost()[2m > [22mshould convert published post to public format
 [32mΓ£ô[39m src/models/__tests__/Post.businessLogic.test.ts[2m > [22mPost Business Logic Methods[2m > [22mtoPublicPost()[2m > [22mshould work without media attachments
 [32mΓ£ô[39m src/models/__tests__/Post.businessLogic.test.ts[2m > [22mPost Business Logic Methods[2m > [22mtoPublicPost()[2m > [22mshould handle null content warning
 [32mΓ£ô[39m src/models/__tests__/Post.businessLogic.test.ts[2m > [22mPost Business Logic Methods[2m > [22mtoPublicPost()[2m > [22mshould throw error for unpublished posts
 [32mΓ£ô[39m src/models/__tests__/Post.businessLogic.test.ts[2m > [22mPost Business Logic Methods[2m > [22mtoPublicPost()[2m > [22mshould throw error for posts without publishedAt date
 [32mΓ£ô[39m src/models/__tests__/Post.businessLogic.test.ts[2m > [22mPost Business Logic Methods[2m > [22mtoDraft()[2m > [22mshould convert post to draft format
 [32mΓ£ô[39m src/models/__tests__/Post.businessLogic.test.ts[2m > [22mPost Business Logic Methods[2m > [22mtoDraft()[2m > [22mshould handle null values correctly
 [32mΓ£ô[39m src/models/__tests__/Post.businessLogic.test.ts[2m > [22mPost Business Logic Methods[2m > [22mtoSummary()[2m > [22mshould convert published post to summary format
 [32mΓ£ô[39m src/models/__tests__/Post.businessLogic.test.ts[2m > [22mPost Business Logic Methods[2m > [22mtoSummary()[2m > [22mshould default mediaCount to 0
 [32mΓ£ô[39m src/models/__tests__/Post.businessLogic.test.ts[2m > [22mPost Business Logic Methods[2m > [22mtoSummary()[2m > [22mshould set hasContentWarning to false for null warning
 [32mΓ£ô[39m src/models/__tests__/Post.businessLogic.test.ts[2m > [22mPost Business Logic Methods[2m > [22mtoSummary()[2m > [22mshould set hasContentWarning to true for empty string warning
 [32mΓ£ô[39m src/models/__tests__/Post.businessLogic.test.ts[2m > [22mPost Business Logic Methods[2m > [22mtoSummary()[2m > [22mshould throw error for unpublished posts
 [32mΓ£ô[39m src/models/__tests__/Post.businessLogic.test.ts[2m > [22mPost Business Logic Methods[2m > [22mupdate()[2m > [22mshould update post content
 [32mΓ£ô[39m src/models/__tests__/Post.businessLogic.test.ts[2m > [22mPost Business Logic Methods[2m > [22mupdate()[2m > [22mshould update content warning
 [32mΓ£ô[39m src/models/__tests__/Post.businessLogic.test.ts[2m > [22mPost Business Logic Methods[2m > [22mupdate()[2m > [22mshould clear content warning with null
 [32mΓ£ô[39m src/models/__tests__/Post.businessLogic.test.ts[2m > [22mPost Business Logic Methods[2m > [22mupdate()[2m > [22mshould update publishing status
 [32mΓ£ô[39m src/models/__tests__/Post.businessLogic.test.ts[2m > [22mPost Business Logic Methods[2m > [22mupdate()[2m > [22mshould set publishedAt when publishing for first time
 [32mΓ£ô[39m src/models/__tests__/Post.businessLogic.test.ts[2m > [22mPost Business Logic Methods[2m > [22mupdate()[2m > [22mshould not change publishedAt when already published
 [32mΓ£ô[39m src/models/__tests__/Post.businessLogic.test.ts[2m > [22mPost Business Logic Methods[2m > [22mupdate()[2m > [22mshould preserve unchanged fields
 [32mΓ£ô[39m src/models/__tests__/Post.businessLogic.test.ts[2m > [22mPost Business Logic Methods[2m > [22mupdate()[2m > [22mshould return new Post instance
[90mstdout[2m | src/models/__tests__/Post.businessLogic.test.ts
[22m[39mTest setup initialized
Starting test cleanup...
Test cleanup completed

[90mstdout[2m | src/routes/__tests__/authLogin.test.ts
[22m[39mTest setup initialized

 [32mΓ£ô[39m src/routes/__tests__/authLogin.test.ts[2m > [22mAuthentication Routes - User Login[2m > [22mPOST /auth/login - Successful Login[2m > [22mshould login user successfully with valid credentials
 [32mΓ£ô[39m src/routes/__tests__/authLogin.test.ts[2m > [22mAuthentication Routes - User Login[2m > [22mPOST /auth/login - Successful Login[2m > [22mshould return user data and token on successful login
 [32mΓ£ô[39m src/routes/__tests__/authLogin.test.ts[2m > [22mAuthentication Routes - User Login[2m > [22mPOST /auth/login - Authentication Failures[2m > [22mshould return 401 for non-existent user
 [32mΓ£ô[39m src/routes/__tests__/authLogin.test.ts[2m > [22mAuthentication Routes - User Login[2m > [22mPOST /auth/login - Authentication Failures[2m > [22mshould return 401 for incorrect password
 [32mΓ£ô[39m src/routes/__tests__/authLogin.test.ts[2m > [22mAuthentication Routes - User Login[2m > [22mPOST /auth/login - Authentication Failures[2m > [22mshould not reveal whether email exists in error messages
 [32mΓ£ô[39m src/routes/__tests__/authLogin.test.ts[2m > [22mAuthentication Routes - User Login[2m > [22mPOST /auth/login - Input Validation[2m > [22mshould return 400 for invalid email format
 [32mΓ£ô[39m src/routes/__tests__/authLogin.test.ts[2m > [22mAuthentication Routes - User Login[2m > [22mPOST /auth/login - Input Validation[2m > [22mshould return 400 for missing password
 [32mΓ£ô[39m src/routes/__tests__/authLogin.test.ts[2m > [22mAuthentication Routes - User Login[2m > [22mPOST /auth/login - Input Validation[2m > [22mshould return 400 for missing email
 [32mΓ£ô[39m src/routes/__tests__/authLogin.test.ts[2m > [22mAuthentication Routes - User Login[2m > [22mPOST /auth/login - Input Validation[2m > [22mshould return 400 for empty request body
 [32mΓ£ô[39m src/routes/__tests__/authLogin.test.ts[2m > [22mAuthentication Routes - User Login[2m > [22mPOST /auth/login - Content-Type Handling[2m > [22mshould handle malformed JSON gracefully
 [32mΓ£ô[39m src/routes/__tests__/authLogin.test.ts[2m > [22mAuthentication Routes - User Login[2m > [22mPOST /auth/login - Content-Type Handling[2m > [22mshould handle form data content type
 [32mΓ£ô[39m src/routes/__tests__/authLogin.test.ts[2m > [22mAuthentication Routes - User Login[2m > [22mPOST /auth/login - Database Errors[2m > [22mshould handle database connection errors gracefully
 [32mΓ£ô[39m src/routes/__tests__/authLogin.test.ts[2m > [22mAuthentication Routes - User Login[2m > [22mPOST /auth/login - Database Errors[2m > [22mshould handle AuthService errors gracefully
 [32mΓ£ô[39m src/routes/__tests__/authLogin.test.ts[2m > [22mAuthentication Routes - User Login[2m > [22mSecurity and Rate Limiting Tests[2m > [22mshould handle concurrent login attempts
 [32mΓ£ô[39m src/routes/__tests__/authLogin.test.ts[2m > [22mAuthentication Routes - User Login[2m > [22mResponse Format Validation[2m > [22mshould return consistent success response format
 [32mΓ£ô[39m src/routes/__tests__/authLogin.test.ts[2m > [22mAuthentication Routes - User Login[2m > [22mResponse Format Validation[2m > [22mshould return consistent error response format
[90mstdout[2m | src/routes/__tests__/authLogin.test.ts
[22m[39mStarting test cleanup...
Test cleanup completed

 [32mΓ£ô[39m src/repositories/__tests__/FollowRepository.test.ts[2m > [22mFollowRepository Unit Tests[2m > [22mcreate()[2m > [22mshould create follow relationship with local user ID
 [32mΓ£ô[39m src/repositories/__tests__/FollowRepository.test.ts[2m > [22mFollowRepository Unit Tests[2m > [22mcreate()[2m > [22mshould create follow relationship with ActivityPub actor ID
 [32mΓ£ô[39m src/repositories/__tests__/FollowRepository.test.ts[2m > [22mFollowRepository Unit Tests[2m > [22mcreate()[2m > [22mshould handle Prisma creation errors
 [32mΓ£ô[39m src/repositories/__tests__/FollowRepository.test.ts[2m > [22mFollowRepository Unit Tests[2m > [22mfindByFollowerAndFollowed()[2m > [22mshould find follow relationship by local user IDs
 [32mΓ£ô[39m src/repositories/__tests__/FollowRepository.test.ts[2m > [22mFollowRepository Unit Tests[2m > [22mfindByFollowerAndFollowed()[2m > [22mshould find follow relationship by ActivityPub actor ID
 [32mΓ£ô[39m src/repositories/__tests__/FollowRepository.test.ts[2m > [22mFollowRepository Unit Tests[2m > [22mfindByFollowerAndFollowed()[2m > [22mshould return null when follow relationship not found
 [32mΓ£ô[39m src/repositories/__tests__/FollowRepository.test.ts[2m > [22mFollowRepository Unit Tests[2m > [22mdeleteByFollowerAndFollowed()[2m > [22mshould delete existing follow relationship
 [32mΓ£ô[39m src/repositories/__tests__/FollowRepository.test.ts[2m > [22mFollowRepository Unit Tests[2m > [22mdeleteByFollowerAndFollowed()[2m > [22mshould return null when trying to delete non-existent follow relationship
 [32mΓ£ô[39m src/repositories/__tests__/FollowRepository.test.ts[2m > [22mFollowRepository Unit Tests[2m > [22mfindFollowersByUserId()[2m > [22mshould get followers with default pagination
 [32mΓ£ô[39m src/repositories/__tests__/FollowRepository.test.ts[2m > [22mFollowRepository Unit Tests[2m > [22mfindFollowersByUserId()[2m > [22mshould handle custom pagination options
 [32mΓ£ô[39m src/repositories/__tests__/FollowRepository.test.ts[2m > [22mFollowRepository Unit Tests[2m > [22mgetFollowStats()[2m > [22mshould calculate follower and following counts
 [32mΓ£ô[39m src/repositories/__tests__/FollowRepository.test.ts[2m > [22mFollowRepository Unit Tests[2m > [22misFollowing()[2m > [22mshould return true when follow relationship exists
 [32mΓ£ô[39m src/repositories/__tests__/FollowRepository.test.ts[2m > [22mFollowRepository Unit Tests[2m > [22misFollowing()[2m > [22mshould return false when follow relationship does not exist
 [32mΓ£ô[39m src/repositories/__tests__/FollowRepository.test.ts[2m > [22mFollowRepository Unit Tests[2m > [22misFollowing()[2m > [22mshould return false when follow is not accepted
 [32mΓ£ô[39m src/repositories/__tests__/FollowRepository.test.ts[2m > [22mFollowRepository Unit Tests[2m > [22mbulkCheckFollowing()[2m > [22mshould return follow status map for multiple users
 [32mΓ£ô[39m src/repositories/__tests__/FollowRepository.test.ts[2m > [22mFollowRepository Unit Tests[2m > [22mbulkCheckFollowing()[2m > [22mshould handle empty user ID array
 [32mΓ£ô[39m src/repositories/__tests__/FollowRepository.test.ts[2m > [22mFollowRepository Unit Tests[2m > [22mfindRecentFollowers()[2m > [22mshould get recent followers with default limit
 [32mΓ£ô[39m src/repositories/__tests__/FollowRepository.test.ts[2m > [22mFollowRepository Unit Tests[2m > [22mfindRecentFollowers()[2m > [22mshould handle custom limit
[90mstdout[2m | src/repositories/__tests__/FollowRepository.test.ts
[22m[39mTest setup initialized
Starting test cleanup...
Test cleanup completed

 [32mΓ£ô[39m src/repositories/__tests__/PostRepository.create.test.ts[2m > [22mPostRepository - Post Creation[2m > [22mSuccessful Post Creation[2m > [22mshould create a basic post with minimal data
 [32mΓ£ô[39m src/repositories/__tests__/PostRepository.create.test.ts[2m > [22mPostRepository - Post Creation[2m > [22mSuccessful Post Creation[2m > [22mshould create a post with content warning
 [32mΓ£ô[39m src/repositories/__tests__/PostRepository.create.test.ts[2m > [22mPostRepository - Post Creation[2m > [22mSuccessful Post Creation[2m > [22mshould create a scheduled post
 [32mΓ£ô[39m src/repositories/__tests__/PostRepository.create.test.ts[2m > [22mPostRepository - Post Creation[2m > [22mSuccessful Post Creation[2m > [22mshould create a post with media attachments
 [32mΓ£ô[39m src/repositories/__tests__/PostRepository.create.test.ts[2m > [22mPostRepository - Post Creation[2m > [22mSuccessful Post Creation[2m > [22mshould include author information in response
 [32mΓ£ô[39m src/repositories/__tests__/PostRepository.create.test.ts[2m > [22mPostRepository - Post Creation[2m > [22mSuccessful Post Creation[2m > [22mshould handle different author verification states
 [32mΓ£ô[39m src/repositories/__tests__/PostRepository.create.test.ts[2m > [22mPostRepository - Post Creation[2m > [22mPost Creation with Edge Cases[2m > [22mshould handle posts with maximum content length
 [32mΓ£ô[39m src/repositories/__tests__/PostRepository.create.test.ts[2m > [22mPostRepository - Post Creation[2m > [22mPost Creation with Edge Cases[2m > [22mshould handle posts with special characters
 [32mΓ£ô[39m src/repositories/__tests__/PostRepository.create.test.ts[2m > [22mPostRepository - Post Creation[2m > [22mPost Creation with Edge Cases[2m > [22mshould handle posts with newlines and formatting
 [32mΓ£ô[39m src/repositories/__tests__/PostRepository.create.test.ts[2m > [22mPostRepository - Post Creation[2m > [22mPost Creation with Edge Cases[2m > [22mshould handle null optional fields correctly
 [32mΓ£ô[39m src/repositories/__tests__/PostRepository.create.test.ts[2m > [22mPostRepository - Post Creation[2m > [22mDatabase Integration[2m > [22mshould pass correct include parameters to Prisma
 [32mΓ£ô[39m src/repositories/__tests__/PostRepository.create.test.ts[2m > [22mPostRepository - Post Creation[2m > [22mDatabase Integration[2m > [22mshould handle Prisma create response correctly
 [32mΓ£ô[39m src/repositories/__tests__/PostRepository.create.test.ts[2m > [22mPostRepository - Post Creation[2m > [22mError Handling[2m > [22mshould propagate database connection errors
 [32mΓ£ô[39m src/repositories/__tests__/PostRepository.create.test.ts[2m > [22mPostRepository - Post Creation[2m > [22mError Handling[2m > [22mshould propagate unique constraint violations
 [32mΓ£ô[39m src/repositories/__tests__/PostRepository.create.test.ts[2m > [22mPostRepository - Post Creation[2m > [22mError Handling[2m > [22mshould propagate foreign key constraint violations
 [32mΓ£ô[39m src/repositories/__tests__/PostRepository.create.test.ts[2m > [22mPostRepository - Post Creation[2m > [22mError Handling[2m > [22mshould handle invalid data type errors
 [32mΓ£ô[39m src/repositories/__tests__/PostRepository.create.test.ts[2m > [22mPostRepository - Post Creation[2m > [22mPerformance and Optimization[2m > [22mshould call database create method exactly once
 [32mΓ£ô[39m src/repositories/__tests__/PostRepository.create.test.ts[2m > [22mPostRepository - Post Creation[2m > [22mPerformance and Optimization[2m > [22mshould not make additional database calls after creation
 [32mΓ£ô[39m src/repositories/__tests__/PostRepository.create.test.ts[2m > [22mPostRepository - Post Creation[2m > [22mPerformance and Optimization[2m > [22mshould handle concurrent post creation calls
 [32mΓ£ô[39m src/repositories/__tests__/PostRepository.create.test.ts[2m > [22mPostRepository - Post Creation[2m > [22mData Validation and Sanitization[2m > [22mshould preserve exact content without modification
 [32mΓ£ô[39m src/repositories/__tests__/PostRepository.create.test.ts[2m > [22mPostRepository - Post Creation[2m > [22mData Validation and Sanitization[2m > [22mshould handle date objects correctly
 [32mΓ£ô[39m src/repositories/__tests__/PostRepository.create.test.ts[2m > [22mPostRepository - Post Creation[2m > [22mData Validation and Sanitization[2m > [22mshould handle boolean values correctly
[90mstdout[2m | src/repositories/__tests__/PostRepository.create.test.ts
[22m[39mTest setup initialized
Starting test cleanup...
Test cleanup completed

[90mstdout[2m | src/routes/__tests__/mediaUpload.test.ts
[22m[39mTest setup initialized

 [32mΓ£ô[39m src/routes/__tests__/mediaUpload.test.ts[2m > [22mMedia Upload Error Handling[2m > [22mFile Upload Errors[2m > [22mshould handle file size limit exceeded
 [32mΓ£ô[39m src/routes/__tests__/mediaUpload.test.ts[2m > [22mMedia Upload Error Handling[2m > [22mFile Upload Errors[2m > [22mshould handle authentication errors
 [32mΓ£ô[39m src/routes/__tests__/mediaUpload.test.ts[2m > [22mMedia Upload Error Handling[2m > [22mRequest Mock Validation[2m > [22mshould properly mock request.get() method
 [32mΓ£ô[39m src/routes/__tests__/mediaUpload.test.ts[2m > [22mMedia Upload Error Handling[2m > [22mFile Upload Validation[2m > [22mshould validate file type correctly
 [32mΓ£ô[39m src/routes/__tests__/mediaUpload.test.ts[2m > [22mMedia Upload Error Handling[2m > [22mFile Upload Validation[2m > [22mshould validate file size correctly
 [32mΓ£ô[39m src/routes/__tests__/mediaUpload.test.ts[2m > [22mMedia Upload Error Handling[2m > [22mError Response Format[2m > [22mshould return consistent error format
[90mstdout[2m | src/routes/__tests__/mediaUpload.test.ts
[22m[39mStarting test cleanup...
Test cleanup completed

 [32mΓ£ô[39m src/routes/__tests__/mediaUpload.test.ts[2m > [22mMedia Upload Error Handling[2m > [22mAsync Error Handling[2m > [22mshould handle async upload operations correctly
 [32mΓ£ô[39m src/routes/__tests__/mediaUpload.test.ts[2m > [22mMedia Upload Error Handling[2m > [22mAsync Error Handling[2m > [22mshould handle promise rejection in upload middleware
 [32mΓ£ô[39m src/routes/__tests__/mediaUpload.test.ts[2m > [22mMedia Upload Error Handling[2m > [22mMulter Error Code Mapping[2m > [22mshould map LIMIT_FILE_COUNT errors correctly
 [32mΓ£ô[39m src/routes/__tests__/mediaUpload.test.ts[2m > [22mMedia Upload Error Handling[2m > [22mMulter Error Code Mapping[2m > [22mshould map LIMIT_UNEXPECTED_FILE errors correctly
 [32mΓ£ô[39m src/routes/__tests__/mediaUpload.test.ts[2m > [22mMedia Upload Error Handling[2m > [22mEdge Cases[2m > [22mshould handle unknown error types
 [32mΓ£ô[39m src/routes/__tests__/mediaUpload.test.ts[2m > [22mMedia Upload Error Handling[2m > [22mEdge Cases[2m > [22mshould handle errors without message
 [32mΓ£ô[39m src/models/__tests__/Post.stateTransitions.test.ts[2m > [22mPost State Transitions[2m > [22mDraft ΓåÆ Published Workflow[2m > [22mshould transition from draft to published
 [32mΓ£ô[39m src/models/__tests__/Post.stateTransitions.test.ts[2m > [22mPost State Transitions[2m > [22mDraft ΓåÆ Published Workflow[2m > [22mshould set publishedAt timestamp when transitioning to published
 [32mΓ£ô[39m src/models/__tests__/Post.stateTransitions.test.ts[2m > [22mPost State Transitions[2m > [22mDraft ΓåÆ Published Workflow[2m > [22mshould allow editing content before publishing
 [32mΓ£ô[39m src/models/__tests__/Post.stateTransitions.test.ts[2m > [22mPost State Transitions[2m > [22mDraft ΓåÆ Published Workflow[2m > [22mshould preserve other fields during draft to published transition
 [32mΓ£ô[39m src/models/__tests__/Post.stateTransitions.test.ts[2m > [22mPost State Transitions[2m > [22mDraft ΓåÆ Scheduled ΓåÆ Published Workflow[2m > [22mshould transition from draft to scheduled
 [32mΓ£ô[39m src/models/__tests__/Post.stateTransitions.test.ts[2m > [22mPost State Transitions[2m > [22mDraft ΓåÆ Scheduled ΓåÆ Published Workflow[2m > [22mshould detect when scheduled post is ready to publish
 [32mΓ£ô[39m src/models/__tests__/Post.stateTransitions.test.ts[2m > [22mPost State Transitions[2m > [22mDraft ΓåÆ Scheduled ΓåÆ Published Workflow[2m > [22mshould transition from expired scheduled to published
 [32mΓ£ô[39m src/models/__tests__/Post.stateTransitions.test.ts[2m > [22mPost State Transitions[2m > [22mDraft ΓåÆ Scheduled ΓåÆ Published Workflow[2m > [22mshould preserve scheduled metadata when publishing
 [32mΓ£ô[39m src/models/__tests__/Post.stateTransitions.test.ts[2m > [22mPost State Transitions[2m > [22mPublished Post State Management[2m > [22mshould prevent transition from published back to draft
 [32mΓ£ô[39m src/models/__tests__/Post.stateTransitions.test.ts[2m > [22mPost State Transitions[2m > [22mPublished Post State Management[2m > [22mshould allow content updates on published posts
 [32mΓ£ô[39m src/models/__tests__/Post.stateTransitions.test.ts[2m > [22mPost State Transitions[2m > [22mPublished Post State Management[2m > [22mshould allow content warning updates on published posts
 [32mΓ£ô[39m src/models/__tests__/Post.stateTransitions.test.ts[2m > [22mPost State Transitions[2m > [22mSchedule Management Workflows[2m > [22mshould handle scheduling future posts
 [32mΓ£ô[39m src/models/__tests__/Post.stateTransitions.test.ts[2m > [22mPost State Transitions[2m > [22mSchedule Management Workflows[2m > [22mshould handle rescheduling posts
 [32mΓ£ô[39m src/models/__tests__/Post.stateTransitions.test.ts[2m > [22mPost State Transitions[2m > [22mSchedule Management Workflows[2m > [22mshould handle canceling scheduled posts (back to draft)
 [32mΓ£ô[39m src/models/__tests__/Post.stateTransitions.test.ts[2m > [22mPost State Transitions[2m > [22mEdge Cases and Error States[2m > [22mshould handle posts with invalid scheduling state
 [32mΓ£ô[39m src/models/__tests__/Post.stateTransitions.test.ts[2m > [22mPost State Transitions[2m > [22mEdge Cases and Error States[2m > [22mshould handle posts with past scheduled dates
 [32mΓ£ô[39m src/models/__tests__/Post.stateTransitions.test.ts[2m > [22mPost State Transitions[2m > [22mEdge Cases and Error States[2m > [22mshould handle posts with inconsistent published state
 [32mΓ£ô[39m src/models/__tests__/Post.stateTransitions.test.ts[2m > [22mPost State Transitions[2m > [22mEdge Cases and Error States[2m > [22mshould handle empty content in state transitions
 [32mΓ£ô[39m src/models/__tests__/Post.stateTransitions.test.ts[2m > [22mPost State Transitions[2m > [22mState Transition Timing[2m > [22mshould handle boundary conditions for scheduling
 [32mΓ£ô[39m src/models/__tests__/Post.stateTransitions.test.ts[2m > [22mPost State Transitions[2m > [22mState Transition Timing[2m > [22mshould handle multiple rapid state changes
[90mstdout[2m | src/models/__tests__/Post.stateTransitions.test.ts
[22m[39mTest setup initialized
Starting test cleanup...
Test cleanup completed

[90mstdout[2m | src/controllers/__tests__/ReportController.test.ts[2m > [22m[2mReportController[2m > [22m[2mcreateReport[2m > [22m[2mValid Report Creation[2m > [22m[2mshould create user report successfully
[22m[39mReport created: {
  reportId: [32m'report_1705320000000_hji39v2q0vn'[39m,
  type: [32m'HARASSMENT'[39m,
  target: [32m'user:user123'[39m,
  reporterId: [32m'reporter456'[39m,
  timestamp: [35mMockDate 2024-01-15T12:00:00.000Z[39m
}

[90mstdout[2m | src/controllers/__tests__/ReportController.test.ts[2m > [22m[2mReportController[2m > [22m[2mcreateReport[2m > [22m[2mValid Report Creation[2m > [22m[2mshould create post report successfully
[22m[39mReport created: {
  reportId: [32m'report_1705320000000_1gpvswa94bsi'[39m,
  type: [32m'SPAM'[39m,
  target: [32m'post:post123'[39m,
  reporterId: [32m'reporter789'[39m,
  timestamp: [35mMockDate 2024-01-15T12:00:00.000Z[39m
}

[90mstdout[2m | src/controllers/__tests__/ReportController.test.ts[2m > [22m[2mReportController[2m > [22m[2mcreateReport[2m > [22m[2mValid Report Creation[2m > [22m[2mshould create anonymous report (no auth)
[22m[39mReport created: {
  reportId: [32m'report_1705320000000_ldak2nicop'[39m,
  type: [32m'MISINFORMATION'[39m,
  target: [32m'user:user123'[39m,
  reporterId: [90mundefined[39m,
  timestamp: [35mMockDate 2024-01-15T12:00:00.000Z[39m
}

[90mstdout[2m | src/controllers/__tests__/ReportController.test.ts[2m > [22m[2mReportController[2m > [22m[2mupdateReportStatus[2m > [22m[2mshould update report status successfully
[22m[39mReport status updated: {
  reportId: [32m'report123'[39m,
  newStatus: [32m'RESOLVED'[39m,
  moderatorId: [32m'moderator456'[39m,
  moderatorNotes: [32m'Issue resolved - user warned'[39m,
  timestamp: [35mMockDate 2024-01-15T12:00:00.000Z[39m
}

 [32mΓ£ô[39m src/controllers/__tests__/ReportController.test.ts[2m > [22mReportController[2m > [22mcreateReport[2m > [22mValid Report Creation[2m > [22mshould create user report successfully
 [32mΓ£ô[39m src/controllers/__tests__/ReportController.test.ts[2m > [22mReportController[2m > [22mcreateReport[2m > [22mValid Report Creation[2m > [22mshould create post report successfully
 [32mΓ£ô[39m src/controllers/__tests__/ReportController.test.ts[2m > [22mReportController[2m > [22mcreateReport[2m > [22mValid Report Creation[2m > [22mshould create anonymous report (no auth)
 [32mΓ£ô[39m src/controllers/__tests__/ReportController.test.ts[2m > [22mReportController[2m > [22mcreateReport[2m > [22mInvalid Report Creation[2m > [22mshould reject report with neither user nor post ID
 [32mΓ£ô[39m src/controllers/__tests__/ReportController.test.ts[2m > [22mReportController[2m > [22mcreateReport[2m > [22mInvalid Report Creation[2m > [22mshould reject report with both user and post ID
 [32mΓ£ô[39m src/controllers/__tests__/ReportController.test.ts[2m > [22mReportController[2m > [22mcreateReport[2m > [22mInvalid Report Creation[2m > [22mshould reject report of non-existent user
 [32mΓ£ô[39m src/controllers/__tests__/ReportController.test.ts[2m > [22mReportController[2m > [22mcreateReport[2m > [22mInvalid Report Creation[2m > [22mshould reject report of non-existent post
 [32mΓ£ô[39m src/controllers/__tests__/ReportController.test.ts[2m > [22mReportController[2m > [22mcreateReport[2m > [22mInvalid Report Creation[2m > [22mshould reject self-reporting user
 [32mΓ£ô[39m src/controllers/__tests__/ReportController.test.ts[2m > [22mReportController[2m > [22mcreateReport[2m > [22mInvalid Report Creation[2m > [22mshould reject self-reporting post
 [32mΓ£ô[39m src/controllers/__tests__/ReportController.test.ts[2m > [22mReportController[2m > [22mcreateReport[2m > [22mError Handling[2m > [22mshould handle database errors gracefully
 [32mΓ£ô[39m src/controllers/__tests__/ReportController.test.ts[2m > [22mReportController[2m > [22mgetReports[2m > [22mshould return paginated reports
 [32mΓ£ô[39m src/controllers/__tests__/ReportController.test.ts[2m > [22mReportController[2m > [22mgetReports[2m > [22mshould handle filter parameters
 [32mΓ£ô[39m src/controllers/__tests__/ReportController.test.ts[2m > [22mReportController[2m > [22mupdateReportStatus[2m > [22mshould update report status successfully
 [32mΓ£ô[39m src/controllers/__tests__/ReportController.test.ts[2m > [22mReportController[2m > [22mupdateReportStatus[2m > [22mshould reject invalid status
 [32mΓ£ô[39m src/controllers/__tests__/ReportController.test.ts[2m > [22mReportController[2m > [22mgetReportById[2m > [22mshould return specific report
[90mstdout[2m | src/controllers/__tests__/ReportController.test.ts
[22m[39mTest setup initialized
Starting test cleanup...
Test cleanup completed

 [32mΓ£ô[39m src/models/__tests__/User.test.ts[2m > [22mUser Model - Registration Validation[2m > [22mValid Registration Data[2m > [22mshould validate correct registration data with all fields
 [32mΓ£ô[39m src/models/__tests__/User.test.ts[2m > [22mUser Model - Registration Validation[2m > [22mValid Registration Data[2m > [22mshould validate registration data without optional displayName
 [32mΓ£ô[39m src/models/__tests__/User.test.ts[2m > [22mUser Model - Registration Validation[2m > [22mValid Registration Data[2m > [22mshould accept username with underscores and numbers
 [32mΓ£ô[39m src/models/__tests__/User.test.ts[2m > [22mUser Model - Registration Validation[2m > [22mValid Registration Data[2m > [22mshould accept minimum length username (3 characters)
 [32mΓ£ô[39m src/models/__tests__/User.test.ts[2m > [22mUser Model - Registration Validation[2m > [22mValid Registration Data[2m > [22mshould accept maximum length username (30 characters)
 [32mΓ£ô[39m src/models/__tests__/User.test.ts[2m > [22mUser Model - Registration Validation[2m > [22mValid Registration Data[2m > [22mshould accept strong passwords with mixed case and numbers
 [32mΓ£ô[39m src/models/__tests__/User.test.ts[2m > [22mUser Model - Registration Validation[2m > [22mValid Registration Data[2m > [22mshould accept passwords with special characters
 [32mΓ£ô[39m src/models/__tests__/User.test.ts[2m > [22mUser Model - Registration Validation[2m > [22mInvalid Email Validation[2m > [22mshould reject invalid email format
 [32mΓ£ô[39m src/models/__tests__/User.test.ts[2m > [22mUser Model - Registration Validation[2m > [22mInvalid Email Validation[2m > [22mshould reject email without @ symbol
 [32mΓ£ô[39m src/models/__tests__/User.test.ts[2m > [22mUser Model - Registration Validation[2m > [22mInvalid Email Validation[2m > [22mshould reject email without domain
 [32mΓ£ô[39m src/models/__tests__/User.test.ts[2m > [22mUser Model - Registration Validation[2m > [22mInvalid Email Validation[2m > [22mshould reject empty email
 [32mΓ£ô[39m src/models/__tests__/User.test.ts[2m > [22mUser Model - Registration Validation[2m > [22mInvalid Username Validation[2m > [22mshould reject username shorter than 3 characters
 [32mΓ£ô[39m src/models/__tests__/User.test.ts[2m > [22mUser Model - Registration Validation[2m > [22mInvalid Username Validation[2m > [22mshould reject username longer than 30 characters
 [32mΓ£ô[39m src/models/__tests__/User.test.ts[2m > [22mUser Model - Registration Validation[2m > [22mInvalid Username Validation[2m > [22mshould reject username with special characters
 [32mΓ£ô[39m src/models/__tests__/User.test.ts[2m > [22mUser Model - Registration Validation[2m > [22mInvalid Username Validation[2m > [22mshould reject username with spaces
 [32mΓ£ô[39m src/models/__tests__/User.test.ts[2m > [22mUser Model - Registration Validation[2m > [22mInvalid Username Validation[2m > [22mshould reject username with hyphens
 [32mΓ£ô[39m src/models/__tests__/User.test.ts[2m > [22mUser Model - Registration Validation[2m > [22mInvalid Username Validation[2m > [22mshould reject empty username
 [32mΓ£ô[39m src/models/__tests__/User.test.ts[2m > [22mUser Model - Registration Validation[2m > [22mInvalid Password Validation[2m > [22mshould reject password shorter than 8 characters
 [32mΓ£ô[39m src/models/__tests__/User.test.ts[2m > [22mUser Model - Registration Validation[2m > [22mInvalid Password Validation[2m > [22mshould reject password without uppercase letter
 [32mΓ£ô[39m src/models/__tests__/User.test.ts[2m > [22mUser Model - Registration Validation[2m > [22mInvalid Password Validation[2m > [22mshould reject password without lowercase letter
 [32mΓ£ô[39m src/models/__tests__/User.test.ts[2m > [22mUser Model - Registration Validation[2m > [22mInvalid Password Validation[2m > [22mshould reject password without number
 [32mΓ£ô[39m src/models/__tests__/User.test.ts[2m > [22mUser Model - Registration Validation[2m > [22mInvalid Password Validation[2m > [22mshould reject empty password
 [32mΓ£ô[39m src/models/__tests__/User.test.ts[2m > [22mUser Model - Registration Validation[2m > [22mInvalid DisplayName Validation[2m > [22mshould reject empty displayName when provided
 [32mΓ£ô[39m src/models/__tests__/User.test.ts[2m > [22mUser Model - Registration Validation[2m > [22mInvalid DisplayName Validation[2m > [22mshould reject displayName longer than 50 characters
 [32mΓ£ô[39m src/models/__tests__/User.test.ts[2m > [22mUser Model - Registration Validation[2m > [22mInvalid DisplayName Validation[2m > [22mshould accept displayName at maximum length (50 characters)
 [32mΓ£ô[39m src/models/__tests__/User.test.ts[2m > [22mUser Model - Registration Validation[2m > [22mMissing Required Fields[2m > [22mshould reject registration data missing email
 [32mΓ£ô[39m src/models/__tests__/User.test.ts[2m > [22mUser Model - Registration Validation[2m > [22mMissing Required Fields[2m > [22mshould reject registration data missing username
 [32mΓ£ô[39m src/models/__tests__/User.test.ts[2m > [22mUser Model - Registration Validation[2m > [22mMissing Required Fields[2m > [22mshould reject registration data missing password
 [32mΓ£ô[39m src/models/__tests__/User.test.ts[2m > [22mUser Model - Registration Validation[2m > [22mMultiple Validation Errors[2m > [22mshould return multiple validation errors for multiple invalid fields
[90mstdout[2m | src/models/__tests__/User.test.ts
[22m[39mTest setup initialized
Starting test cleanup...
Test cleanup completed

[90mstdout[2m | src/routes/__tests__/follow.requests.e2e.test.ts
[22m[39mTest setup initialized

[90mstdout[2m | src/routes/__tests__/follow.requests.e2e.test.ts[2m > [22m[2mFollow Requests End-to-End Tests[2m > [22m[2mSuccessful Follow Operations[2m > [22m[2mshould successfully follow a user with valid authentication
[22m[39mTest setup initialized

[90mstdout[2m | src/routes/__tests__/follow.requests.e2e.test.ts[2m > [22m[2mFollow Requests End-to-End Tests[2m > [22m[2mSuccessful Follow Operations[2m > [22m[2mshould successfully follow a user with valid authentication
[22m[39mStarting test cleanup...
Test cleanup completed

[90mstdout[2m | src/routes/__tests__/follow.requests.e2e.test.ts[2m > [22m[2mFollow Requests End-to-End Tests[2m > [22m[2mSuccessful Follow Operations[2m > [22m[2mshould successfully follow a user as external ActivityPub actor
[22m[39mTest setup initialized

[90mstdout[2m | src/routes/__tests__/follow.requests.e2e.test.ts[2m > [22m[2mFollow Requests End-to-End Tests[2m > [22m[2mSuccessful Follow Operations[2m > [22m[2mshould successfully follow a user as external ActivityPub actor
[22m[39mStarting test cleanup...
Test cleanup completed

[90mstdout[2m | src/routes/__tests__/follow.requests.e2e.test.ts[2m > [22m[2mFollow Requests End-to-End Tests[2m > [22m[2mSuccessful Follow Operations[2m > [22m[2mshould successfully unfollow a user
[22m[39mTest setup initialized

[90mstdout[2m | src/routes/__tests__/follow.requests.e2e.test.ts[2m > [22m[2mFollow Requests End-to-End Tests[2m > [22m[2mSuccessful Follow Operations[2m > [22m[2mshould successfully unfollow a user
[22m[39mStarting test cleanup...
Test cleanup completed

[90mstdout[2m | src/routes/__tests__/follow.requests.e2e.test.ts[2m > [22m[2mFollow Requests End-to-End Tests[2m > [22m[2mAuthentication Scenarios[2m > [22m[2mshould allow follow without authentication if actorId provided
[22m[39mTest setup initialized

[90mstdout[2m | src/routes/__tests__/follow.requests.e2e.test.ts[2m > [22m[2mFollow Requests End-to-End Tests[2m > [22m[2mAuthentication Scenarios[2m > [22m[2mshould allow follow without authentication if actorId provided
[22m[39mStarting test cleanup...
Test cleanup completed

[90mstdout[2m | src/routes/__tests__/follow.requests.e2e.test.ts[2m > [22m[2mFollow Requests End-to-End Tests[2m > [22m[2mAuthentication Scenarios[2m > [22m[2mshould reject follow without authentication and without actorId
[22m[39mTest setup initialized

[90mstdout[2m | src/routes/__tests__/follow.requests.e2e.test.ts[2m > [22m[2mFollow Requests End-to-End Tests[2m > [22m[2mAuthentication Scenarios[2m > [22m[2mshould reject follow without authentication and without actorId
[22m[39mStarting test cleanup...
Test cleanup completed

[90mstdout[2m | src/routes/__tests__/follow.requests.e2e.test.ts[2m > [22m[2mFollow Requests End-to-End Tests[2m > [22m[2mAuthentication Scenarios[2m > [22m[2mshould handle authenticated user following
[22m[39mTest setup initialized

[90mstdout[2m | src/routes/__tests__/follow.requests.e2e.test.ts[2m > [22m[2mFollow Requests End-to-End Tests[2m > [22m[2mAuthentication Scenarios[2m > [22m[2mshould handle authenticated user following
[22m[39mStarting test cleanup...
Test cleanup completed

[90mstdout[2m | src/routes/__tests__/follow.requests.e2e.test.ts[2m > [22m[2mFollow Requests End-to-End Tests[2m > [22m[2mUser Relationships Retrieval[2m > [22m[2mshould retrieve user followers list
[22m[39mTest setup initialized

[90mstdout[2m | src/routes/__tests__/follow.requests.e2e.test.ts[2m > [22m[2mFollow Requests End-to-End Tests[2m > [22m[2mUser Relationships Retrieval[2m > [22m[2mshould retrieve user followers list
[22m[39mStarting test cleanup...
Test cleanup completed

[90mstdout[2m | src/routes/__tests__/follow.requests.e2e.test.ts[2m > [22m[2mFollow Requests End-to-End Tests[2m > [22m[2mUser Relationships Retrieval[2m > [22m[2mshould retrieve user following list
[22m[39mTest setup initialized

[90mstdout[2m | src/routes/__tests__/follow.requests.e2e.test.ts[2m > [22m[2mFollow Requests End-to-End Tests[2m > [22m[2mUser Relationships Retrieval[2m > [22m[2mshould retrieve user following list
[22m[39mStarting test cleanup...
Test cleanup completed

[90mstdout[2m | src/routes/__tests__/follow.requests.e2e.test.ts[2m > [22m[2mFollow Requests End-to-End Tests[2m > [22m[2mError Handling[2m > [22m[2mshould handle follow operation errors gracefully
[22m[39mTest setup initialized

[90mstdout[2m | src/routes/__tests__/follow.requests.e2e.test.ts[2m > [22m[2mFollow Requests End-to-End Tests[2m > [22m[2mError Handling[2m > [22m[2mshould handle follow operation errors gracefully
[22m[39mStarting test cleanup...
Test cleanup completed

[90mstdout[2m | src/routes/__tests__/follow.requests.e2e.test.ts[2m > [22m[2mFollow Requests End-to-End Tests[2m > [22m[2mError Handling[2m > [22m[2mshould handle invalid username parameters
[22m[39mTest setup initialized

[90mstdout[2m | src/routes/__tests__/follow.requests.e2e.test.ts[2m > [22m[2mFollow Requests End-to-End Tests[2m > [22m[2mError Handling[2m > [22m[2mshould handle invalid username parameters
[22m[39mStarting test cleanup...
Test cleanup completed

[90mstdout[2m | src/routes/__tests__/follow.requests.e2e.test.ts[2m > [22m[2mFollow Requests End-to-End Tests[2m > [22m[2mRequest Validation[2m > [22m[2mshould handle malformed request bodies
[22m[39mTest setup initialized

[90mstdout[2m | src/routes/__tests__/follow.requests.e2e.test.ts[2m > [22m[2mFollow Requests End-to-End Tests[2m > [22m[2mRequest Validation[2m > [22m[2mshould handle malformed request bodies
[22m[39mStarting test cleanup...
Test cleanup completed

[90mstdout[2m | src/routes/__tests__/follow.requests.e2e.test.ts[2m > [22m[2mFollow Requests End-to-End Tests[2m > [22m[2mRequest Validation[2m > [22m[2mshould handle requests with extra data
[22m[39mTest setup initialized

[90mstdout[2m | src/routes/__tests__/follow.requests.e2e.test.ts[2m > [22m[2mFollow Requests End-to-End Tests[2m > [22m[2mRequest Validation[2m > [22m[2mshould handle requests with extra data
[22m[39mStarting test cleanup...
Test cleanup completed

[90mstdout[2m | src/routes/__tests__/follow.requests.e2e.test.ts[2m > [22m[2mFollow Requests End-to-End Tests[2m > [22m[2mPerformance and Concurrency[2m > [22m[2mshould handle multiple concurrent follow requests
[22m[39mTest setup initialized

[90mstdout[2m | src/routes/__tests__/follow.requests.e2e.test.ts[2m > [22m[2mFollow Requests End-to-End Tests[2m > [22m[2mPerformance and Concurrency[2m > [22m[2mshould handle multiple concurrent follow requests
[22m[39mStarting test cleanup...
Test cleanup completed

[90mstdout[2m | src/routes/__tests__/follow.requests.e2e.test.ts[2m > [22m[2mFollow Requests End-to-End Tests[2m > [22m[2mPerformance and Concurrency[2m > [22m[2mshould handle rapid follow/unfollow operations
[22m[39mTest setup initialized

[90mstdout[2m | src/routes/__tests__/follow.requests.e2e.test.ts[2m > [22m[2mFollow Requests End-to-End Tests[2m > [22m[2mPerformance and Concurrency[2m > [22m[2mshould handle rapid follow/unfollow operations
[22m[39mStarting test cleanup...
Test cleanup completed

 [32mΓ£ô[39m src/routes/__tests__/follow.requests.e2e.test.ts[2m > [22mFollow Requests End-to-End Tests[2m > [22mSuccessful Follow Operations[2m > [22mshould successfully follow a user with valid authentication
 [32mΓ£ô[39m src/routes/__tests__/follow.requests.e2e.test.ts[2m > [22mFollow Requests End-to-End Tests[2m > [22mSuccessful Follow Operations[2m > [22mshould successfully follow a user as external ActivityPub actor
 [32mΓ£ô[39m src/routes/__tests__/follow.requests.e2e.test.ts[2m > [22mFollow Requests End-to-End Tests[2m > [22mSuccessful Follow Operations[2m > [22mshould successfully unfollow a user
 [32mΓ£ô[39m src/routes/__tests__/follow.requests.e2e.test.ts[2m > [22mFollow Requests End-to-End Tests[2m > [22mAuthentication Scenarios[2m > [22mshould allow follow without authentication if actorId provided
 [32mΓ£ô[39m src/routes/__tests__/follow.requests.e2e.test.ts[2m > [22mFollow Requests End-to-End Tests[2m > [22mAuthentication Scenarios[2m > [22mshould reject follow without authentication and without actorId
 [32mΓ£ô[39m src/routes/__tests__/follow.requests.e2e.test.ts[2m > [22mFollow Requests End-to-End Tests[2m > [22mAuthentication Scenarios[2m > [22mshould handle authenticated user following
 [32mΓ£ô[39m src/routes/__tests__/follow.requests.e2e.test.ts[2m > [22mFollow Requests End-to-End Tests[2m > [22mUser Relationships Retrieval[2m > [22mshould retrieve user followers list
 [32mΓ£ô[39m src/routes/__tests__/follow.requests.e2e.test.ts[2m > [22mFollow Requests End-to-End Tests[2m > [22mUser Relationships Retrieval[2m > [22mshould retrieve user following list
 [32mΓ£ô[39m src/routes/__tests__/follow.requests.e2e.test.ts[2m > [22mFollow Requests End-to-End Tests[2m > [22mError Handling[2m > [22mshould handle follow operation errors gracefully
 [32mΓ£ô[39m src/routes/__tests__/follow.requests.e2e.test.ts[2m > [22mFollow Requests End-to-End Tests[2m > [22mError Handling[2m > [22mshould handle invalid username parameters
 [32mΓ£ô[39m src/routes/__tests__/follow.requests.e2e.test.ts[2m > [22mFollow Requests End-to-End Tests[2m > [22mRequest Validation[2m > [22mshould handle malformed request bodies
 [32mΓ£ô[39m src/routes/__tests__/follow.requests.e2e.test.ts[2m > [22mFollow Requests End-to-End Tests[2m > [22mRequest Validation[2m > [22mshould handle requests with extra data
 [32mΓ£ô[39m src/routes/__tests__/follow.requests.e2e.test.ts[2m > [22mFollow Requests End-to-End Tests[2m > [22mPerformance and Concurrency[2m > [22mshould handle multiple concurrent follow requests
 [32mΓ£ô[39m src/routes/__tests__/follow.requests.e2e.test.ts[2m > [22mFollow Requests End-to-End Tests[2m > [22mPerformance and Concurrency[2m > [22mshould handle rapid follow/unfollow operations
[90mstdout[2m | src/routes/__tests__/follow.requests.e2e.test.ts
[22m[39mStarting test cleanup...
Test cleanup completed

[90mstdout[2m | src/routes/__tests__/auth.rateLimit.test.ts
[22m[39mTest setup initialized

[90mstdout[2m | src/routes/__tests__/auth.rateLimit.test.ts[2m > [22m[2mAuth Routes Rate Limiting[2m > [22m[2mAuthentication Rate Limiting (5 per minute)[2m > [22m[2mshould allow requests within the limit (5 per minute)
[22m[39mTest setup initialized

[90mstdout[2m | src/routes/__tests__/auth.rateLimit.test.ts[2m > [22m[2mAuth Routes Rate Limiting[2m > [22m[2mAuthentication Rate Limiting (5 per minute)[2m > [22m[2mshould allow requests within the limit (5 per minute)
[22m[39mStarting test cleanup...
Test cleanup completed

[90mstdout[2m | src/routes/__tests__/auth.rateLimit.test.ts[2m > [22m[2mAuth Routes Rate Limiting[2m > [22m[2mAuthentication Rate Limiting (5 per minute)[2m > [22m[2mshould block requests exceeding the limit (6th request)
[22m[39mTest setup initialized

 [32mΓ£ô[39m src/routes/__tests__/auth.rateLimit.test.ts[2m > [22mAuth Routes Rate Limiting[2m > [22mAuthentication Rate Limiting (5 per minute)[2m > [22mshould allow requests within the limit (5 per minute)
[90mstdout[2m | src/routes/__tests__/auth.rateLimit.test.ts[2m > [22m[2mAuth Routes Rate Limiting[2m > [22m[2mAuthentication Rate Limiting (5 per minute)[2m > [22m[2mshould block requests exceeding the limit (6th request)
[22m[39mStarting test cleanup...
Test cleanup completed

[90mstdout[2m | src/routes/__tests__/auth.rateLimit.test.ts[2m > [22m[2mAuth Routes Rate Limiting[2m > [22m[2mAuthentication Rate Limiting (5 per minute)[2m > [22m[2mshould include rate limit headers
[22m[39mTest setup initialized

[90mstdout[2m | src/routes/__tests__/auth.rateLimit.test.ts[2m > [22m[2mAuth Routes Rate Limiting[2m > [22m[2mAuthentication Rate Limiting (5 per minute)[2m > [22m[2mshould include rate limit headers
[22m[39mStarting test cleanup...
Test cleanup completed

[90mstdout[2m | src/routes/__tests__/auth.rateLimit.test.ts[2m > [22m[2mAuth Routes Rate Limiting[2m > [22m[2mAuthentication Rate Limiting (5 per minute)[2m > [22m[2mshould use IP address for rate limiting
[22m[39mTest setup initialized

[90mstdout[2m | src/routes/__tests__/auth.rateLimit.test.ts[2m > [22m[2mAuth Routes Rate Limiting[2m > [22m[2mAuthentication Rate Limiting (5 per minute)[2m > [22m[2mshould use IP address for rate limiting
[22m[39mStarting test cleanup...
Test cleanup completed

[90mstdout[2m | src/routes/__tests__/auth.rateLimit.test.ts[2m > [22m[2mAuth Routes Rate Limiting[2m > [22m[2mRate Limit Error Response Format[2m > [22m[2mshould return consistent error format for authentication rate limits
[22m[39mTest setup initialized

 [32mΓ£ô[39m src/routes/__tests__/auth.rateLimit.test.ts[2m > [22mAuth Routes Rate Limiting[2m > [22mAuthentication Rate Limiting (5 per minute)[2m > [22mshould block requests exceeding the limit (6th request)
 [32mΓ£ô[39m src/routes/__tests__/auth.rateLimit.test.ts[2m > [22mAuth Routes Rate Limiting[2m > [22mAuthentication Rate Limiting (5 per minute)[2m > [22mshould include rate limit headers
 [32mΓ£ô[39m src/routes/__tests__/auth.rateLimit.test.ts[2m > [22mAuth Routes Rate Limiting[2m > [22mAuthentication Rate Limiting (5 per minute)[2m > [22mshould use IP address for rate limiting
[90mstdout[2m | src/routes/__tests__/auth.rateLimit.test.ts[2m > [22m[2mAuth Routes Rate Limiting[2m > [22m[2mRate Limit Error Response Format[2m > [22m[2mshould return consistent error format for authentication rate limits
[22m[39mStarting test cleanup...
Test cleanup completed

[90mstdout[2m | src/routes/__tests__/auth.rateLimit.test.ts[2m > [22m[2mAuth Routes Rate Limiting[2m > [22m[2mRate Limit Error Response Format[2m > [22m[2mshould include retry after information
[22m[39mTest setup initialized

 [32mΓ£ô[39m src/routes/__tests__/auth.rateLimit.test.ts[2m > [22mAuth Routes Rate Limiting[2m > [22mRate Limit Error Response Format[2m > [22mshould return consistent error format for authentication rate limits
[90mstdout[2m | src/routes/__tests__/auth.rateLimit.test.ts[2m > [22m[2mAuth Routes Rate Limiting[2m > [22m[2mRate Limit Error Response Format[2m > [22m[2mshould include retry after information
[22m[39mStarting test cleanup...
Test cleanup completed

[90mstdout[2m | src/routes/__tests__/auth.rateLimit.test.ts[2m > [22m[2mAuth Routes Rate Limiting[2m > [22m[2mRate Limit Configuration[2m > [22m[2mshould have correct authentication rate limit values
[22m[39mTest setup initialized

[90mstdout[2m | src/routes/__tests__/auth.rateLimit.test.ts[2m > [22m[2mAuth Routes Rate Limiting[2m > [22m[2mRate Limit Configuration[2m > [22m[2mshould have correct authentication rate limit values
[22m[39mStarting test cleanup...
Test cleanup completed

[90mstdout[2m | src/routes/__tests__/auth.rateLimit.test.ts[2m > [22m[2mAuth Routes Rate Limiting[2m > [22m[2mMixed Authentication Operations[2m > [22m[2mshould share rate limit between login and register
[22m[39mTest setup initialized

[90mstdout[2m | src/routes/__tests__/auth.rateLimit.test.ts[2m > [22m[2mAuth Routes Rate Limiting[2m > [22m[2mMixed Authentication Operations[2m > [22m[2mshould share rate limit between login and register
[22m[39mStarting test cleanup...
Test cleanup completed

[90mstdout[2m | src/routes/__tests__/auth.rateLimit.test.ts[2m > [22m[2mAuth Routes Rate Limiting[2m > [22m[2mMixed Authentication Operations[2m > [22m[2mshould handle authentication failures within rate limit
[22m[39mTest setup initialized

 [32mΓ£ô[39m src/routes/__tests__/auth.rateLimit.test.ts[2m > [22mAuth Routes Rate Limiting[2m > [22mRate Limit Error Response Format[2m > [22mshould include retry after information
 [32mΓ£ô[39m src/routes/__tests__/auth.rateLimit.test.ts[2m > [22mAuth Routes Rate Limiting[2m > [22mRate Limit Configuration[2m > [22mshould have correct authentication rate limit values
 [32mΓ£ô[39m src/routes/__tests__/auth.rateLimit.test.ts[2m > [22mAuth Routes Rate Limiting[2m > [22mMixed Authentication Operations[2m > [22mshould share rate limit between login and register
 [32mΓ£ô[39m src/routes/__tests__/auth.rateLimit.test.ts[2m > [22mAuth Routes Rate Limiting[2m > [22mMixed Authentication Operations[2m > [22mshould handle authentication failures within rate limit
[90mstdout[2m | src/routes/__tests__/auth.rateLimit.test.ts[2m > [22m[2mAuth Routes Rate Limiting[2m > [22m[2mMixed Authentication Operations[2m > [22m[2mshould handle authentication failures within rate limit
[22m[39mStarting test cleanup...
Test cleanup completed

[90mstdout[2m | src/routes/__tests__/auth.rateLimit.test.ts
[22m[39mStarting test cleanup...
Test cleanup completed

 [32mΓ£ô[39m src/models/__tests__/Post.validation.test.ts[2m > [22mPost Creation Validation[2m > [22mContent Validation[2m > [22mshould accept valid content within character limits
 [32mΓ£ô[39m src/models/__tests__/Post.validation.test.ts[2m > [22mPost Creation Validation[2m > [22mContent Validation[2m > [22mshould reject empty content
 [32mΓ£ô[39m src/models/__tests__/Post.validation.test.ts[2m > [22mPost Creation Validation[2m > [22mContent Validation[2m > [22mshould reject content that is only whitespace
 [32mΓ£ô[39m src/models/__tests__/Post.validation.test.ts[2m > [22mPost Creation Validation[2m > [22mContent Validation[2m > [22mshould reject content exceeding 5000 characters
 [32mΓ£ô[39m src/models/__tests__/Post.validation.test.ts[2m > [22mPost Creation Validation[2m > [22mContent Validation[2m > [22mshould accept content exactly at 5000 character limit
 [32mΓ£ô[39m src/models/__tests__/Post.validation.test.ts[2m > [22mPost Creation Validation[2m > [22mContent Validation[2m > [22mshould trim whitespace from content
 [32mΓ£ô[39m src/models/__tests__/Post.validation.test.ts[2m > [22mPost Creation Validation[2m > [22mContent Warning Validation[2m > [22mshould accept valid content warning
 [32mΓ£ô[39m src/models/__tests__/Post.validation.test.ts[2m > [22mPost Creation Validation[2m > [22mContent Warning Validation[2m > [22mshould accept empty string as content warning
 [32mΓ£ô[39m src/models/__tests__/Post.validation.test.ts[2m > [22mPost Creation Validation[2m > [22mContent Warning Validation[2m > [22mshould accept missing content warning field
 [32mΓ£ô[39m src/models/__tests__/Post.validation.test.ts[2m > [22mPost Creation Validation[2m > [22mContent Warning Validation[2m > [22mshould reject content warning exceeding 200 characters
 [32mΓ£ô[39m src/models/__tests__/Post.validation.test.ts[2m > [22mPost Creation Validation[2m > [22mContent Warning Validation[2m > [22mshould accept content warning exactly at 200 character limit
 [32mΓ£ô[39m src/models/__tests__/Post.validation.test.ts[2m > [22mPost Creation Validation[2m > [22mContent Warning Validation[2m > [22mshould trim whitespace from content warning
 [32mΓ£ô[39m src/models/__tests__/Post.validation.test.ts[2m > [22mPost Creation Validation[2m > [22mScheduled Post Validation[2m > [22mshould accept scheduled post with future date
 [32mΓ£ô[39m src/models/__tests__/Post.validation.test.ts[2m > [22mPost Creation Validation[2m > [22mScheduled Post Validation[2m > [22mshould reject scheduled post without scheduledFor date
 [32mΓ£ô[39m src/models/__tests__/Post.validation.test.ts[2m > [22mPost Creation Validation[2m > [22mScheduled Post Validation[2m > [22mshould reject scheduled post with past date
 [32mΓ£ô[39m src/models/__tests__/Post.validation.test.ts[2m > [22mPost Creation Validation[2m > [22mScheduled Post Validation[2m > [22mshould reject scheduled post with invalid date format
 [32mΓ£ô[39m src/models/__tests__/Post.validation.test.ts[2m > [22mPost Creation Validation[2m > [22mScheduled Post Validation[2m > [22mshould accept non-scheduled post with scheduledFor date
 [32mΓ£ô[39m src/models/__tests__/Post.validation.test.ts[2m > [22mPost Creation Validation[2m > [22mPublishing Status Validation[2m > [22mshould default isPublished to true
 [32mΓ£ô[39m src/models/__tests__/Post.validation.test.ts[2m > [22mPost Creation Validation[2m > [22mPublishing Status Validation[2m > [22mshould accept explicit isPublished false for drafts
 [32mΓ£ô[39m src/models/__tests__/Post.validation.test.ts[2m > [22mPost Creation Validation[2m > [22mPublishing Status Validation[2m > [22mshould default isScheduled to false
 [32mΓ£ô[39m src/models/__tests__/Post.validation.test.ts[2m > [22mPost Creation Validation[2m > [22mComplex Validation Scenarios[2m > [22mshould accept draft scheduled post
 [32mΓ£ô[39m src/models/__tests__/Post.validation.test.ts[2m > [22mPost Creation Validation[2m > [22mComplex Validation Scenarios[2m > [22mshould accept maximum length content with maximum length warning
 [32mΓ£ô[39m src/models/__tests__/Post.validation.test.ts[2m > [22mPost Creation Validation[2m > [22mComplex Validation Scenarios[2m > [22mshould handle null scheduledFor appropriately
 [32mΓ£ô[39m src/models/__tests__/Post.validation.test.ts[2m > [22mPost Model Construction[2m > [22mshould create Post instance with valid data
 [32mΓ£ô[39m src/models/__tests__/Post.validation.test.ts[2m > [22mPost Model Construction[2m > [22mshould handle optional fields correctly
 [32mΓ£ô[39m src/models/__tests__/Post.validation.test.ts[2m > [22mPost Model Construction[2m > [22mshould convert undefined optional fields to null
[90mstdout[2m | src/models/__tests__/Post.validation.test.ts
[22m[39mTest setup initialized
Starting test cleanup...
Test cleanup completed

[90mstdout[2m | src/routes/__tests__/users.follow.rateLimit.test.ts
[22m[39mTest setup initialized

 [32mΓ£ô[39m src/routes/__tests__/users.follow.rateLimit.test.ts[2m > [22mFollow Operations Rate Limiting[2m > [22mFollow Operation Rate Limiting (20 per hour)[2m > [22mshould allow follow operations within the limit (first 5 operations)
 [32mΓ£ô[39m src/routes/__tests__/users.follow.rateLimit.test.ts[2m > [22mFollow Operations Rate Limiting[2m > [22mFollow Operation Rate Limiting (20 per hour)[2m > [22mshould include rate limit headers in response
 [32mΓ£ô[39m src/routes/__tests__/users.follow.rateLimit.test.ts[2m > [22mFollow Operations Rate Limiting[2m > [22mFollow Operation Rate Limiting (20 per hour)[2m > [22mshould block follow operations after hitting the limit
 [32mΓ£ô[39m src/routes/__tests__/users.follow.rateLimit.test.ts[2m > [22mFollow Operations Rate Limiting[2m > [22mFollow Operation Rate Limiting (20 per hour)[2m > [22mshould track rate limits by user ID when authenticated
 [32mΓ£ô[39m src/routes/__tests__/users.follow.rateLimit.test.ts[2m > [22mFollow Operations Rate Limiting[2m > [22mFollow Operation Rate Limiting (20 per hour)[2m > [22mshould use IP address for rate limiting when not authenticated
 [32mΓ£ô[39m src/routes/__tests__/users.follow.rateLimit.test.ts[2m > [22mFollow Operations Rate Limiting[2m > [22mMixed Follow Operations[2m > [22mshould share rate limit between follow and unfollow operations
 [32mΓ£ô[39m src/routes/__tests__/users.follow.rateLimit.test.ts[2m > [22mFollow Operations Rate Limiting[2m > [22mMixed Follow Operations[2m > [22mshould handle follow operation failures within rate limit
 [32mΓ£ô[39m src/routes/__tests__/users.follow.rateLimit.test.ts[2m > [22mFollow Operations Rate Limiting[2m > [22mRate Limit Error Response Format[2m > [22mshould return consistent error format for follow rate limits
 [32mΓ£ô[39m src/routes/__tests__/users.follow.rateLimit.test.ts[2m > [22mFollow Operations Rate Limiting[2m > [22mRate Limit Error Response Format[2m > [22mshould include retry after information
 [32mΓ£ô[39m src/routes/__tests__/users.follow.rateLimit.test.ts[2m > [22mFollow Operations Rate Limiting[2m > [22mRate Limit Configuration[2m > [22mshould have correct follow operation rate limit values
[90mstdout[2m | src/routes/__tests__/users.follow.rateLimit.test.ts
[22m[39mStarting test cleanup...
Test cleanup completed

[90mstdout[2m | src/routes/__tests__/users.router.test.ts
[22m[39mTest setup initialized

 [32mΓ£ô[39m src/routes/__tests__/users.router.test.ts[2m > [22mUsers Router Refactoring Tests[2m > [22mDependency Injection[2m > [22mshould create router with all required dependencies
 [32mΓ£ô[39m src/routes/__tests__/users.router.test.ts[2m > [22mUsers Router Refactoring Tests[2m > [22mDependency Injection[2m > [22mshould properly inject FollowController for follow operations
 [32mΓ£ô[39m src/routes/__tests__/users.router.test.ts[2m > [22mUsers Router Refactoring Tests[2m > [22mFollow Operations - FollowController Usage[2m > [22mshould use FollowController for POST /users/:username/follow
 [32mΓ£ô[39m src/routes/__tests__/users.router.test.ts[2m > [22mUsers Router Refactoring Tests[2m > [22mFollow Operations - FollowController Usage[2m > [22mshould use FollowController for DELETE /users/:username/follow
 [32mΓ£ô[39m src/routes/__tests__/users.router.test.ts[2m > [22mUsers Router Refactoring Tests[2m > [22mFollow Operations - FollowController Usage[2m > [22mshould use FollowController for GET /users/:username/followers
 [32mΓ£ô[39m src/routes/__tests__/users.router.test.ts[2m > [22mUsers Router Refactoring Tests[2m > [22mFollow Operations - FollowController Usage[2m > [22mshould use FollowController for GET /users/:username/following
 [32mΓ£ô[39m src/routes/__tests__/users.router.test.ts[2m > [22mUsers Router Refactoring Tests[2m > [22mFollow Operations - FollowController Usage[2m > [22mshould use FollowController for GET /users/:username/stats
 [32mΓ£ô[39m src/routes/__tests__/users.router.test.ts[2m > [22mUsers Router Refactoring Tests[2m > [22mUser Management Operations - UserController Usage[2m > [22mshould use UserController for GET /users/:username
 [32mΓ£ô[39m src/routes/__tests__/users.router.test.ts[2m > [22mUsers Router Refactoring Tests[2m > [22mUser Management Operations - UserController Usage[2m > [22mshould use UserController for POST /users/:username/block
 [32mΓ£ô[39m src/routes/__tests__/users.router.test.ts[2m > [22mUsers Router Refactoring Tests[2m > [22mUser Management Operations - UserController Usage[2m > [22mshould use UserController for DELETE /users/:username/block
 [32mΓ£ô[39m src/routes/__tests__/users.router.test.ts[2m > [22mUsers Router Refactoring Tests[2m > [22mPost Operations - PostController Usage[2m > [22mshould use PostController for GET /users/:username/posts
 [32mΓ£ô[39m src/routes/__tests__/users.router.test.ts[2m > [22mUsers Router Refactoring Tests[2m > [22mMiddleware Application[2m > [22mshould apply optional auth middleware to follow operations
 [32mΓ£ô[39m src/routes/__tests__/users.router.test.ts[2m > [22mUsers Router Refactoring Tests[2m > [22mMiddleware Application[2m > [22mshould apply required auth middleware to unfollow operations
 [32mΓ£ô[39m src/routes/__tests__/users.router.test.ts[2m > [22mUsers Router Refactoring Tests[2m > [22mMiddleware Application[2m > [22mshould apply required auth middleware to block operations
 [32mΓ£ô[39m src/routes/__tests__/users.router.test.ts[2m > [22mUsers Router Refactoring Tests[2m > [22mParameter Handling[2m > [22mshould pass username parameter to controllers
 [32mΓ£ô[39m src/routes/__tests__/users.router.test.ts[2m > [22mUsers Router Refactoring Tests[2m > [22mSeparation of Concerns[2m > [22mshould not use UserController for follow operations
 [32mΓ£ô[39m src/routes/__tests__/users.router.test.ts[2m > [22mUsers Router Refactoring Tests[2m > [22mSeparation of Concerns[2m > [22mshould not use FollowController for user management operations
[90mstdout[2m | src/routes/__tests__/users.router.test.ts
[22m[39mStarting test cleanup...
Test cleanup completed

[90mstdout[2m | src/middleware/__tests__/mediaModerationValidationMiddleware.test.ts
[22m[39mTest setup initialized
Starting test cleanup...
Test cleanup completed

 [32mΓ£ô[39m src/middleware/__tests__/mediaModerationValidationMiddleware.test.ts[2m > [22mMedia Moderation Validation Middleware[2m > [22mFile Upload Validation[2m > [22mshould pass valid image files
 [32mΓ£ô[39m src/middleware/__tests__/mediaModerationValidationMiddleware.test.ts[2m > [22mMedia Moderation Validation Middleware[2m > [22mFile Upload Validation[2m > [22mshould reject files with invalid MIME types
 [32mΓ£ô[39m src/middleware/__tests__/mediaModerationValidationMiddleware.test.ts[2m > [22mMedia Moderation Validation Middleware[2m > [22mFile Upload Validation[2m > [22mshould reject files that are too large
 [32mΓ£ô[39m src/middleware/__tests__/mediaModerationValidationMiddleware.test.ts[2m > [22mMedia Moderation Validation Middleware[2m > [22mFile Upload Validation[2m > [22mshould reject requests with no file
 [32mΓ£ô[39m src/middleware/__tests__/mediaModerationValidationMiddleware.test.ts[2m > [22mMedia Moderation Validation Middleware[2m > [22mSupported File Types[2m > [22mshould accept JPG files
 [32mΓ£ô[39m src/middleware/__tests__/mediaModerationValidationMiddleware.test.ts[2m > [22mMedia Moderation Validation Middleware[2m > [22mSupported File Types[2m > [22mshould accept PNG files
 [32mΓ£ô[39m src/middleware/__tests__/mediaModerationValidationMiddleware.test.ts[2m > [22mMedia Moderation Validation Middleware[2m > [22mSupported File Types[2m > [22mshould accept GIF files
 [32mΓ£ô[39m src/middleware/__tests__/mediaModerationValidationMiddleware.test.ts[2m > [22mMedia Moderation Validation Middleware[2m > [22mSupported File Types[2m > [22mshould accept WEBP files
 [32mΓ£ô[39m src/middleware/__tests__/mediaModerationValidationMiddleware.test.ts[2m > [22mMedia Moderation Validation Middleware[2m > [22mSupported File Types[2m > [22mshould accept MP4 video files
 [32mΓ£ô[39m src/middleware/__tests__/mediaModerationValidationMiddleware.test.ts[2m > [22mMedia Moderation Validation Middleware[2m > [22mSupported File Types[2m > [22mshould accept WEBM video files
 [32mΓ£ô[39m src/middleware/__tests__/mediaModerationValidationMiddleware.test.ts[2m > [22mMedia Moderation Validation Middleware[2m > [22mSupported File Types[2m > [22mshould accept MOV video files
 [32mΓ£ô[39m src/middleware/__tests__/mediaModerationValidationMiddleware.test.ts[2m > [22mMedia Moderation Validation Middleware[2m > [22mFile Size Limits[2m > [22mshould accept images at the size limit
 [32mΓ£ô[39m src/middleware/__tests__/mediaModerationValidationMiddleware.test.ts[2m > [22mMedia Moderation Validation Middleware[2m > [22mFile Size Limits[2m > [22mshould reject images just over the size limit
 [32mΓ£ô[39m src/middleware/__tests__/mediaModerationValidationMiddleware.test.ts[2m > [22mMedia Moderation Validation Middleware[2m > [22mFile Size Limits[2m > [22mshould accept videos at the size limit
 [32mΓ£ô[39m src/middleware/__tests__/mediaModerationValidationMiddleware.test.ts[2m > [22mMedia Moderation Validation Middleware[2m > [22mFile Size Limits[2m > [22mshould reject videos just over the size limit
 [32mΓ£ô[39m src/middleware/__tests__/mediaModerationValidationMiddleware.test.ts[2m > [22mMedia Moderation Validation Middleware[2m > [22mEdge Cases[2m > [22mshould handle files with unusual but valid names
 [32mΓ£ô[39m src/middleware/__tests__/mediaModerationValidationMiddleware.test.ts[2m > [22mMedia Moderation Validation Middleware[2m > [22mEdge Cases[2m > [22mshould handle empty files
 [32mΓ£ô[39m src/middleware/__tests__/mediaModerationValidationMiddleware.test.ts[2m > [22mMedia Moderation Validation Middleware[2m > [22mEdge Cases[2m > [22mshould handle files with uppercase extensions
 [32mΓ£ô[39m src/middleware/__tests__/mediaModerationValidationMiddleware.test.ts[2m > [22mMedia Moderation Validation Middleware[2m > [22mAlternative JPEG MIME Type Support[2m > [22mshould accept image/jpg MIME type
[90mstdout[2m | src/routes/__tests__/staticFileServingSecurity.test.ts
[22m[39mTest setup initialized

 [32mΓ£ô[39m src/routes/__tests__/staticFileServingSecurity.test.ts[2m > [22mStatic File Serving Security[2m > [22mURL Encoded Path Traversal Protection[2m > [22mshould block URL encoded path traversal attempts
 [32mΓ£ô[39m src/routes/__tests__/staticFileServingSecurity.test.ts[2m > [22mStatic File Serving Security[2m > [22mURL Encoded Path Traversal Protection[2m > [22mshould block URL encoded backslashes
 [32mΓ£ô[39m src/routes/__tests__/staticFileServingSecurity.test.ts[2m > [22mStatic File Serving Security[2m > [22mTilde Path Protection[2m > [22mshould block requests with tilde (~)
 [32mΓ£ô[39m src/routes/__tests__/staticFileServingSecurity.test.ts[2m > [22mStatic File Serving Security[2m > [22mNull Byte Protection[2m > [22mshould block null byte injection attempts
 [32mΓ£ô[39m src/routes/__tests__/staticFileServingSecurity.test.ts[2m > [22mStatic File Serving Security[2m > [22mLegitimate File Access[2m > [22mshould allow legitimate file access
 [32mΓ£ô[39m src/routes/__tests__/staticFileServingSecurity.test.ts[2m > [22mStatic File Serving Security[2m > [22mLegitimate File Access[2m > [22mshould allow files with dots in names but not path traversal
 [32mΓ£ô[39m src/routes/__tests__/staticFileServingSecurity.test.ts[2m > [22mStatic File Serving Security[2m > [22mSecurity Headers[2m > [22mshould set X-Content-Type-Options header
 [32mΓ£ô[39m src/routes/__tests__/staticFileServingSecurity.test.ts[2m > [22mStatic File Serving Security[2m > [22mSecurity Headers[2m > [22mshould set X-Frame-Options header
 [32mΓ£ô[39m src/routes/__tests__/staticFileServingSecurity.test.ts[2m > [22mStatic File Serving Security[2m > [22mSecurity Headers[2m > [22mshould set inline Content-Disposition for image files
 [32mΓ£ô[39m src/routes/__tests__/staticFileServingSecurity.test.ts[2m > [22mStatic File Serving Security[2m > [22mSecurity Headers[2m > [22mshould set inline Content-Disposition for video files
 [32mΓ£ô[39m src/routes/__tests__/staticFileServingSecurity.test.ts[2m > [22mStatic File Serving Security[2m > [22mSecurity Headers[2m > [22mshould set attachment Content-Disposition for other file types
 [32mΓ£ô[39m src/routes/__tests__/staticFileServingSecurity.test.ts[2m > [22mStatic File Serving Security[2m > [22mDotfiles Protection[2m > [22mshould deny access to dotfiles
[90mstdout[2m | src/routes/__tests__/staticFileServingSecurity.test.ts[2m > [22m[2mStatic File Serving Security[2m > [22m[2mExpress Auto-Fixed Patterns (Informational)[2m > [22m[2mshould demonstrate Express auto-normalization of basic traversal
[22m[39mΓä╣∩╕Å  Express auto-normalized: /uploads/../../../etc/passwd

[90mstdout[2m | src/routes/__tests__/staticFileServingSecurity.test.ts[2m > [22m[2mStatic File Serving Security[2m > [22m[2mExpress Auto-Fixed Patterns (Informational)[2m > [22m[2mshould demonstrate Express auto-normalization of basic traversal
[22m[39mΓä╣∩╕Å  Express auto-normalized: /uploads\..\..\windows

 [32mΓ£ô[39m src/routes/__tests__/staticFileServingSecurity.test.ts[2m > [22mStatic File Serving Security[2m > [22mDotfiles Protection[2m > [22mshould deny access to files starting with dot
 [32mΓ£ô[39m src/routes/__tests__/staticFileServingSecurity.test.ts[2m > [22mStatic File Serving Security[2m > [22mFile Not Found Handling[2m > [22mshould return 404 for non-existent files
 [32mΓ£ô[39m src/routes/__tests__/staticFileServingSecurity.test.ts[2m > [22mStatic File Serving Security[2m > [22mFile Not Found Handling[2m > [22mshould return 404 for empty filename
 [32mΓ£ô[39m src/routes/__tests__/staticFileServingSecurity.test.ts[2m > [22mStatic File Serving Security[2m > [22mExpress Auto-Fixed Patterns (Informational)[2m > [22mshould demonstrate Express auto-normalization of basic traversal
[90mstdout[2m | src/routes/__tests__/staticFileServingSecurity.test.ts
[22m[39mStarting test cleanup...
Test cleanup completed

 [32mΓ£ô[39m src/controllers/__tests__/FollowController.test.ts[2m > [22mFollowController Unit Tests[2m > [22mfollowUser()[2m > [22mshould successfully follow user with authenticated request
 [32mΓ£ô[39m src/controllers/__tests__/FollowController.test.ts[2m > [22mFollowController Unit Tests[2m > [22mfollowUser()[2m > [22mshould return 404 when user is not authenticated (username validation happens first)
 [32mΓ£ô[39m src/controllers/__tests__/FollowController.test.ts[2m > [22mFollowController Unit Tests[2m > [22mfollowUser()[2m > [22mshould return 404 when target user does not exist
 [32mΓ£ô[39m src/controllers/__tests__/FollowController.test.ts[2m > [22mFollowController Unit Tests[2m > [22munfollowUser()[2m > [22mshould successfully unfollow user
 [32mΓ£ô[39m src/controllers/__tests__/FollowController.test.ts[2m > [22mFollowController Unit Tests[2m > [22mgetUserFollowStats()[2m > [22mshould return follow statistics for user
 [32mΓ£ô[39m src/controllers/__tests__/FollowController.test.ts[2m > [22mFollowController Unit Tests[2m > [22mError Handling[2m > [22mshould handle service errors gracefully
[90mstdout[2m | src/controllers/__tests__/FollowController.test.ts
[22m[39mTest setup initialized
Starting test cleanup...
Test cleanup completed

[90mstdout[2m | src/routes/__tests__/mediaUpload.focused.test.ts
[22m[39mTest setup initialized

 [32mΓ£ô[39m src/routes/__tests__/mediaUpload.focused.test.ts[2m > [22mMedia Upload Focused Tests[2m > [22mAuthentication Integration[2m > [22mshould add user to request when valid token provided
 [32mΓ£ô[39m src/routes/__tests__/mediaUpload.focused.test.ts[2m > [22mMedia Upload Focused Tests[2m > [22mAuthentication Integration[2m > [22mshould handle different user tokens correctly
 [32mΓ£ô[39m src/routes/__tests__/mediaUpload.focused.test.ts[2m > [22mMedia Upload Focused Tests[2m > [22mRate Limiting[2m > [22mshould enforce rate limits per user
 [32mΓ£ô[39m src/routes/__tests__/mediaUpload.focused.test.ts[2m > [22mMedia Upload Focused Tests[2m > [22mRate Limiting[2m > [22mshould isolate rate limits between users
 [32mΓ£ô[39m src/routes/__tests__/mediaUpload.focused.test.ts[2m > [22mMedia Upload Focused Tests[2m > [22mFile Upload Validation[2m > [22mshould accept valid image files
 [32mΓ£ô[39m src/routes/__tests__/mediaUpload.focused.test.ts[2m > [22mMedia Upload Focused Tests[2m > [22mFile Upload Validation[2m > [22mshould reject files when no file provided
 [32mΓ£ô[39m src/routes/__tests__/mediaUpload.focused.test.ts[2m > [22mMedia Upload Focused Tests[2m > [22mFile Upload Validation[2m > [22mshould handle multer errors properly
 [32mΓ£ô[39m src/routes/__tests__/mediaUpload.focused.test.ts[2m > [22mMedia Upload Focused Tests[2m > [22mFile Serving[2m > [22mshould serve uploaded files
 [32mΓ£ô[39m src/routes/__tests__/mediaUpload.focused.test.ts[2m > [22mMedia Upload Focused Tests[2m > [22mError Handling[2m > [22mshould handle internal server errors gracefully
[90mstdout[2m | src/routes/__tests__/mediaUpload.focused.test.ts
[22m[39mStarting test cleanup...
Test cleanup completed

[90mstdout[2m | src/routes/__tests__/mediaUnit.test.ts
[22m[39mTest setup initialized
Starting test cleanup...
Test cleanup completed

 [32mΓ£ô[39m src/routes/__tests__/mediaUnit.test.ts[2m > [22mMedia Route Unit Tests[2m > [22mgenerateFileUrl()[2m > [22mshould generate URL with BASE_URL when provided
 [32mΓ£ô[39m src/routes/__tests__/mediaUnit.test.ts[2m > [22mMedia Route Unit Tests[2m > [22mgenerateFileUrl()[2m > [22mshould generate URL with default localhost when no BASE_URL
 [32mΓ£ô[39m src/routes/__tests__/mediaUnit.test.ts[2m > [22mMedia Route Unit Tests[2m > [22mgenerateFileUrl()[2m > [22mshould use custom PORT when provided
 [32mΓ£ô[39m src/routes/__tests__/mediaUnit.test.ts[2m > [22mMedia Route Unit Tests[2m > [22mgenerateFileUrl()[2m > [22mshould handle special characters in filename
 [32mΓ£ô[39m src/routes/__tests__/mediaUnit.test.ts[2m > [22mMedia Route Unit Tests[2m > [22mFilename Generation Logic[2m > [22mshould generate unique filenames with UUID and timestamp
 [32mΓ£ô[39m src/routes/__tests__/mediaUnit.test.ts[2m > [22mMedia Route Unit Tests[2m > [22mFilename Generation Logic[2m > [22mshould handle files without extensions
 [32mΓ£ô[39m src/routes/__tests__/mediaUnit.test.ts[2m > [22mMedia Route Unit Tests[2m > [22mFilename Generation Logic[2m > [22mshould preserve file extensions correctly
 [32mΓ£ô[39m src/routes/__tests__/mediaUnit.test.ts[2m > [22mMedia Route Unit Tests[2m > [22mFile Filter Logic[2m > [22mshould accept all files when using passthrough filter
 [32mΓ£ô[39m src/routes/__tests__/mediaUnit.test.ts[2m > [22mMedia Route Unit Tests[2m > [22mError Response Generation[2m > [22mshould generate consistent error responses
 [32mΓ£ô[39m src/routes/__tests__/mediaUnit.test.ts[2m > [22mMedia Route Unit Tests[2m > [22mError Response Generation[2m > [22mshould handle multer error code mapping
 [32mΓ£ô[39m src/routes/__tests__/mediaUnit.test.ts[2m > [22mSecurity Unit Tests[2m > [22mPath Traversal Prevention[2m > [22mshould reject filenames with path traversal attempts
 [32mΓ£ô[39m src/routes/__tests__/mediaUnit.test.ts[2m > [22mSecurity Unit Tests[2m > [22mPath Traversal Prevention[2m > [22mshould accept safe filenames
 [32mΓ£ô[39m src/routes/__tests__/mediaUnit.test.ts[2m > [22mSecurity Unit Tests[2m > [22mFile Size Validation[2m > [22mshould validate file sizes correctly
 [32mΓ£ô[39m src/routes/__tests__/mediaUnit.test.ts[2m > [22mPerformance Unit Tests[2m > [22mMemory Usage[2m > [22mshould handle large file metadata efficiently
 [32mΓ£ô[39m src/models/__tests__/User.class.test.ts[2m > [22mUser Model - Class Constructor and Methods[2m > [22mUser Constructor[2m > [22mshould create user with all provided data
 [32mΓ£ô[39m src/models/__tests__/User.class.test.ts[2m > [22mUser Model - Class Constructor and Methods[2m > [22mUser Constructor[2m > [22mshould create user with minimal required data
 [32mΓ£ô[39m src/models/__tests__/User.class.test.ts[2m > [22mUser Model - Class Constructor and Methods[2m > [22mUser Constructor[2m > [22mshould handle displayName defaulting to username when not provided
 [32mΓ£ô[39m src/models/__tests__/User.class.test.ts[2m > [22mUser Model - Class Constructor and Methods[2m > [22mUser Constructor[2m > [22mshould use provided displayName over username when both exist
 [32mΓ£ô[39m src/models/__tests__/User.class.test.ts[2m > [22mUser Model - Class Constructor and Methods[2m > [22mUser Constructor[2m > [22mshould handle empty string values properly
 [32mΓ£ô[39m src/models/__tests__/User.class.test.ts[2m > [22mUser Model - Class Constructor and Methods[2m > [22mUser Constructor[2m > [22mshould handle null values properly
 [32mΓ£ô[39m src/models/__tests__/User.class.test.ts[2m > [22mUser Model - Class Constructor and Methods[2m > [22mUser Constructor[2m > [22mshould handle undefined values properly
 [32mΓ£ô[39m src/models/__tests__/User.class.test.ts[2m > [22mUser Model - Class Constructor and Methods[2m > [22mgetPublicProfile Method[2m > [22mshould return public profile data excluding sensitive information
 [32mΓ£ô[39m src/models/__tests__/User.class.test.ts[2m > [22mUser Model - Class Constructor and Methods[2m > [22mgetPublicProfile Method[2m > [22mshould include follower and post counts when available
 [32mΓ£ô[39m src/models/__tests__/User.class.test.ts[2m > [22mUser Model - Class Constructor and Methods[2m > [22mgetPublicProfile Method[2m > [22mshould not include counts when not available
 [32mΓ£ô[39m src/models/__tests__/User.class.test.ts[2m > [22mUser Model - Class Constructor and Methods[2m > [22mgetPrivateProfile Method[2m > [22mshould return private profile data including sensitive information
 [32mΓ£ô[39m src/models/__tests__/User.class.test.ts[2m > [22mUser Model - Class Constructor and Methods[2m > [22mgetPrivateProfile Method[2m > [22mshould provide default dates when not available
 [32mΓ£ô[39m src/models/__tests__/User.class.test.ts[2m > [22mUser Model - Class Constructor and Methods[2m > [22mStatic Validation Methods[2m > [22mshould have validateRegistration static method
 [32mΓ£ô[39m src/models/__tests__/User.class.test.ts[2m > [22mUser Model - Class Constructor and Methods[2m > [22mStatic Validation Methods[2m > [22mshould have validateLogin static method
 [32mΓ£ô[39m src/models/__tests__/User.class.test.ts[2m > [22mUser Model - Class Constructor and Methods[2m > [22mStatic Validation Methods[2m > [22mshould have validateProfileUpdate static method
[90mstdout[2m | src/models/__tests__/User.class.test.ts
[22m[39mTest setup initialized
Starting test cleanup...
Test cleanup completed

[90mstdout[2m | src/controllers/__tests__/PostController.test.ts[2m > [22m[2mPostController[2m > [22m[2mgetPosts[2m > [22m[2mSuccessful Post Retrieval[2m > [22m[2mshould return public posts with pagination
[22m[39mTest setup initialized
Starting test cleanup...
Test cleanup completed

[90mstdout[2m | src/controllers/__tests__/PostController.test.ts[2m > [22m[2mPostController[2m > [22m[2mgetPosts[2m > [22m[2mSuccessful Post Retrieval[2m > [22m[2mshould filter out current user own posts when authenticated
[22m[39mTest setup initialized
Starting test cleanup...
Test cleanup completed

[90mstdout[2m | src/controllers/__tests__/PostController.test.ts[2m > [22m[2mPostController[2m > [22m[2mgetPosts[2m > [22m[2mSuccessful Post Retrieval[2m > [22m[2mshould handle pagination parameters correctly
[22m[39mTest setup initialized
Starting test cleanup...
Test cleanup completed

[90mstdout[2m | src/controllers/__tests__/PostController.test.ts[2m > [22m[2mPostController[2m > [22m[2mgetPosts[2m > [22m[2mSuccessful Post Retrieval[2m > [22m[2mshould handle invalid pagination parameters
[22m[39mTest setup initialized
Starting test cleanup...
Test cleanup completed

[90mstdout[2m | src/controllers/__tests__/PostController.test.ts[2m > [22m[2mPostController[2m > [22m[2mgetPosts[2m > [22m[2mServer Errors[2m > [22m[2mshould handle database errors gracefully
[22m[39mTest setup initialized
Starting test cleanup...
Test cleanup completed

[90mstdout[2m | src/controllers/__tests__/PostController.test.ts
[22m[39mTest setup initialized
Starting test cleanup...
Test cleanup completed

 [32mΓ£ô[39m src/controllers/__tests__/PostController.test.ts[2m > [22mPostController[2m > [22mgetPosts[2m > [22mSuccessful Post Retrieval[2m > [22mshould return public posts with pagination
 [32mΓ£ô[39m src/controllers/__tests__/PostController.test.ts[2m > [22mPostController[2m > [22mgetPosts[2m > [22mSuccessful Post Retrieval[2m > [22mshould filter out current user own posts when authenticated
 [32mΓ£ô[39m src/controllers/__tests__/PostController.test.ts[2m > [22mPostController[2m > [22mgetPosts[2m > [22mSuccessful Post Retrieval[2m > [22mshould handle pagination parameters correctly
 [32mΓ£ô[39m src/controllers/__tests__/PostController.test.ts[2m > [22mPostController[2m > [22mgetPosts[2m > [22mSuccessful Post Retrieval[2m > [22mshould handle invalid pagination parameters
 [32mΓ£ô[39m src/controllers/__tests__/PostController.test.ts[2m > [22mPostController[2m > [22mgetPosts[2m > [22mServer Errors[2m > [22mshould handle database errors gracefully
[90mstdout[2m | src/models/__tests__/User.login.test.ts
[22m[39mTest setup initialized
Starting test cleanup...
Test cleanup completed

 [32mΓ£ô[39m src/models/__tests__/User.login.test.ts[2m > [22mUser Model - Login Validation[2m > [22mValid Login Data[2m > [22mshould validate correct login credentials
 [32mΓ£ô[39m src/models/__tests__/User.login.test.ts[2m > [22mUser Model - Login Validation[2m > [22mValid Login Data[2m > [22mshould accept any password length for login (no strength requirements)
 [32mΓ£ô[39m src/models/__tests__/User.login.test.ts[2m > [22mUser Model - Login Validation[2m > [22mValid Login Data[2m > [22mshould accept password with special characters
 [32mΓ£ô[39m src/models/__tests__/User.login.test.ts[2m > [22mUser Model - Login Validation[2m > [22mValid Login Data[2m > [22mshould accept password with spaces
 [32mΓ£ô[39m src/models/__tests__/User.login.test.ts[2m > [22mUser Model - Login Validation[2m > [22mValid Login Data[2m > [22mshould accept very long passwords
 [32mΓ£ô[39m src/models/__tests__/User.login.test.ts[2m > [22mUser Model - Login Validation[2m > [22mInvalid Email Validation[2m > [22mshould reject invalid email format
 [32mΓ£ô[39m src/models/__tests__/User.login.test.ts[2m > [22mUser Model - Login Validation[2m > [22mInvalid Email Validation[2m > [22mshould reject email without @ symbol
 [32mΓ£ô[39m src/models/__tests__/User.login.test.ts[2m > [22mUser Model - Login Validation[2m > [22mInvalid Email Validation[2m > [22mshould reject email without domain
 [32mΓ£ô[39m src/models/__tests__/User.login.test.ts[2m > [22mUser Model - Login Validation[2m > [22mInvalid Email Validation[2m > [22mshould reject email without username part
 [32mΓ£ô[39m src/models/__tests__/User.login.test.ts[2m > [22mUser Model - Login Validation[2m > [22mInvalid Password Validation[2m > [22mshould reject empty password string
 [32mΓ£ô[39m src/models/__tests__/User.login.test.ts[2m > [22mUser Model - Login Validation[2m > [22mInvalid Password Validation[2m > [22mshould handle password field with null value
 [32mΓ£ô[39m src/models/__tests__/User.login.test.ts[2m > [22mUser Model - Login Validation[2m > [22mInvalid Password Validation[2m > [22mshould handle password field with undefined value
 [32mΓ£ô[39m src/models/__tests__/User.login.test.ts[2m > [22mUser Model - Login Validation[2m > [22mMissing Required Fields[2m > [22mshould reject login data missing email
 [32mΓ£ô[39m src/models/__tests__/User.login.test.ts[2m > [22mUser Model - Login Validation[2m > [22mMissing Required Fields[2m > [22mshould reject login data missing password
 [32mΓ£ô[39m src/models/__tests__/User.login.test.ts[2m > [22mUser Model - Login Validation[2m > [22mMissing Required Fields[2m > [22mshould reject login data missing both email and password
 [32mΓ£ô[39m src/models/__tests__/User.login.test.ts[2m > [22mUser Model - Login Validation[2m > [22mData Type Validation[2m > [22mshould reject non-string email
 [32mΓ£ô[39m src/models/__tests__/User.login.test.ts[2m > [22mUser Model - Login Validation[2m > [22mData Type Validation[2m > [22mshould reject non-string password
 [32mΓ£ô[39m src/models/__tests__/User.login.test.ts[2m > [22mUser Model - Login Validation[2m > [22mData Type Validation[2m > [22mshould reject array as input
 [32mΓ£ô[39m src/models/__tests__/User.login.test.ts[2m > [22mUser Model - Login Validation[2m > [22mData Type Validation[2m > [22mshould reject primitive values as input
 [32mΓ£ô[39m src/models/__tests__/User.login.test.ts[2m > [22mUser Model - Login Validation[2m > [22mExtra Fields Handling[2m > [22mshould ignore extra fields in login data
[90mstdout[2m | src/repositories/__tests__/PostUser.integration.test.ts
[22m[39mTest setup initialized

[90mstdout[2m | src/repositories/__tests__/PostUser.integration.test.ts[2m > [22m[2mPost-User Integration Tests[2m > [22m[2mUser-Post Relationship[2m > [22m[2mshould create post associated with existing user
[22m[39mΓ£à Database connected

[90mstdout[2m | src/repositories/__tests__/PostUser.integration.test.ts[2m > [22m[2mPost-User Integration Tests[2m > [22m[2mUser-Post Relationship[2m > [22m[2mshould create post associated with existing user
[22m[39mΓ£à Created test users: cmd01oxqg0000tiusfml53kak, cmd01oxqq0001tiusl6sbs1ef
≡ƒöä Creating post for user: cmd01oxqg0000tiusfml53kak

[90mstdout[2m | src/repositories/__tests__/PostUser.integration.test.ts[2m > [22m[2mPost-User Integration Tests[2m > [22m[2mUser-Post Relationship[2m > [22m[2mshould create post associated with existing user
[22m[39mΓ£à Post created successfully: cmd01oxqy0003tiusqimiaskv

 [32mΓ£ô[39m src/repositories/__tests__/PostUser.integration.test.ts[2m > [22mPost-User Integration Tests[2m > [22mUser-Post Relationship[2m > [22mshould create post associated with existing user
[90mstdout[2m | src/repositories/__tests__/PostUser.integration.test.ts[2m > [22m[2mPost-User Integration Tests[2m > [22m[2mUser-Post Relationship[2m > [22m[2mshould enforce foreign key constraint for invalid user
[22m[39mΓ£à Database connected

 [32mΓ£ô[39m src/repositories/__tests__/PostUser.integration.test.ts[2m > [22mPost-User Integration Tests[2m > [22mUser-Post Relationship[2m > [22mshould create post associated with existing user
[90mstdout[2m | src/repositories/__tests__/PostUser.integration.test.ts[2m > [22m[2mPost-User Integration Tests[2m > [22m[2mUser-Post Relationship[2m > [22m[2mshould enforce foreign key constraint for invalid user
[22m[39mΓ£à Created test users: cmd01oxsc0004tius6h0wo2gl, cmd01oxsj0005tiusoctycu4p

 [32mΓ£ô[39m src/repositories/__tests__/PostUser.integration.test.ts[2m > [22mPost-User Integration Tests[2m > [22mUser-Post Relationship[2m > [22mshould enforce foreign key constraint for invalid user
[90mstdout[2m | src/repositories/__tests__/PostUser.integration.test.ts[2m > [22m[2mPost-User Integration Tests[2m > [22m[2mUser-Post Relationship[2m > [22m[2mshould cascade delete posts when user is deleted
[22m[39mΓ£à Database connected

 [32mΓ£ô[39m src/repositories/__tests__/PostUser.integration.test.ts[2m > [22mPost-User Integration Tests[2m > [22mUser-Post Relationship[2m > [22mshould enforce foreign key constraint for invalid user
[90mstdout[2m | src/repositories/__tests__/PostUser.integration.test.ts[2m > [22m[2mPost-User Integration Tests[2m > [22m[2mUser-Post Relationship[2m > [22m[2mshould cascade delete posts when user is deleted
[22m[39mΓ£à Created test users: cmd01oxu10008tiustrnqxc4m, cmd01oxua0009tiusk5jgi7gn

 [32mΓ£ô[39m src/repositories/__tests__/PostUser.integration.test.ts[2m > [22mPost-User Integration Tests[2m > [22mUser-Post Relationship[2m > [22mshould cascade delete posts when user is deleted
[90mstdout[2m | src/repositories/__tests__/PostUser.integration.test.ts[2m > [22m[2mPost-User Integration Tests[2m > [22m[2mPost Creation Workflows[2m > [22m[2mshould create published post with proper user attribution
[22m[39mΓ£à Database connected

 [32mΓ£ô[39m src/repositories/__tests__/PostUser.integration.test.ts[2m > [22mPost-User Integration Tests[2m > [22mUser-Post Relationship[2m > [22mshould cascade delete posts when user is deleted
[90mstdout[2m | src/repositories/__tests__/PostUser.integration.test.ts[2m > [22m[2mPost-User Integration Tests[2m > [22m[2mPost Creation Workflows[2m > [22m[2mshould create published post with proper user attribution
[22m[39mΓ£à Created test users: cmd01oxw7000ctiushcc2c70z, cmd01oxwf000dtius8b0jdto9

 [32mΓ£ô[39m src/repositories/__tests__/PostUser.integration.test.ts[2m > [22mPost-User Integration Tests[2m > [22mPost Creation Workflows[2m > [22mshould create published post with proper user attribution
[90mstdout[2m | src/repositories/__tests__/PostUser.integration.test.ts[2m > [22m[2mPost-User Integration Tests[2m > [22m[2mPost Creation Workflows[2m > [22m[2mshould create draft post for user
[22m[39mΓ£à Database connected

 [32mΓ£ô[39m src/repositories/__tests__/PostUser.integration.test.ts[2m > [22mPost-User Integration Tests[2m > [22mPost Creation Workflows[2m > [22mshould create published post with proper user attribution
[90mstdout[2m | src/repositories/__tests__/PostUser.integration.test.ts[2m > [22m[2mPost-User Integration Tests[2m > [22m[2mPost Creation Workflows[2m > [22m[2mshould create draft post for user
[22m[39mΓ£à Created test users: cmd01oxxv000gtius8tbtog4o, cmd01oxy2000htiusxmiz7qix

 [32mΓ£ô[39m src/repositories/__tests__/PostUser.integration.test.ts[2m > [22mPost-User Integration Tests[2m > [22mPost Creation Workflows[2m > [22mshould create draft post for user
[90mstdout[2m | src/repositories/__tests__/PostUser.integration.test.ts[2m > [22m[2mPost-User Integration Tests[2m > [22m[2mPost Creation Workflows[2m > [22m[2mshould create scheduled post with user relationship
[22m[39mΓ£à Database connected

 [32mΓ£ô[39m src/repositories/__tests__/PostUser.integration.test.ts[2m > [22mPost-User Integration Tests[2m > [22mPost Creation Workflows[2m > [22mshould create draft post for user
[90mstdout[2m | src/repositories/__tests__/PostUser.integration.test.ts[2m > [22m[2mPost-User Integration Tests[2m > [22m[2mPost Creation Workflows[2m > [22m[2mshould create scheduled post with user relationship
[22m[39mΓ£à Created test users: cmd01oxz5000ktiusbpw5ujzi, cmd01oxzc000ltius86d4qydt

 [32mΓ£ô[39m src/repositories/__tests__/PostUser.integration.test.ts[2m > [22mPost-User Integration Tests[2m > [22mPost Creation Workflows[2m > [22mshould create scheduled post with user relationship
 [32mΓ£ô[39m src/repositories/__tests__/PostUser.integration.test.ts[2m > [22mPost-User Integration Tests[2m > [22mPost Creation Workflows[2m > [22mshould create scheduled post with user relationship
[90mstdout[2m | src/repositories/__tests__/PostUser.integration.test.ts
[22m[39mStarting test cleanup...
Test cleanup completed

 [32mΓ£ô[39m src/routes/__tests__/rateLimitSuite.test.ts[2m > [22mRate Limiting Test Suite Overview[2m > [22mTest Coverage Summary[2m > [22mshould document all rate limiting test files
 [32mΓ£ô[39m src/routes/__tests__/rateLimitSuite.test.ts[2m > [22mRate Limiting Test Suite Overview[2m > [22mTest Coverage Summary[2m > [22mshould verify rate limiting configuration matches tests
 [32mΓ£ô[39m src/routes/__tests__/rateLimitSuite.test.ts[2m > [22mRate Limiting Test Suite Overview[2m > [22mTest Scenarios Covered[2m > [22mshould document all test scenarios
[90mstdout[2m | src/routes/__tests__/rateLimitSuite.test.ts
[22m[39mTest setup initialized
Starting test cleanup...
Test cleanup completed

[90mstdout[2m | src/middleware/__tests__/securityValidationMiddleware.test.ts[2m > [22m[2mSecurity Validation Middleware[2m > [22m[2mvalidateAndLogIP[2m > [22m[2mshould extract IP from connection.remoteAddress
[22m[39mRequest from IP: 192.168.1.100 to POST undefined

[90mstdout[2m | src/middleware/__tests__/securityValidationMiddleware.test.ts[2m > [22m[2mSecurity Validation Middleware[2m > [22m[2mvalidateAndLogIP[2m > [22m[2mshould extract IP from x-forwarded-for header
[22m[39mRequest from IP: 203.0.113.1, 192.168.1.1 to POST undefined

[90mstdout[2m | src/middleware/__tests__/securityValidationMiddleware.test.ts[2m > [22m[2mSecurity Validation Middleware[2m > [22m[2mvalidateAndLogIP[2m > [22m[2mshould handle missing IP gracefully
[22m[39mRequest from IP: unknown to POST undefined

 [32mΓ£ô[39m src/middleware/__tests__/securityValidationMiddleware.test.ts[2m > [22mSecurity Validation Middleware[2m > [22mvalidateIdParam[2m > [22mshould pass validation with valid alphanumeric ID
 [32mΓ£ô[39m src/middleware/__tests__/securityValidationMiddleware.test.ts[2m > [22mSecurity Validation Middleware[2m > [22mvalidateIdParam[2m > [22mshould pass validation with hyphens and underscores
 [32mΓ£ô[39m src/middleware/__tests__/securityValidationMiddleware.test.ts[2m > [22mSecurity Validation Middleware[2m > [22mvalidateIdParam[2m > [22mshould reject empty ID
 [32mΓ£ô[39m src/middleware/__tests__/securityValidationMiddleware.test.ts[2m > [22mSecurity Validation Middleware[2m > [22mvalidateIdParam[2m > [22mshould reject missing ID parameter
 [32mΓ£ô[39m src/middleware/__tests__/securityValidationMiddleware.test.ts[2m > [22mSecurity Validation Middleware[2m > [22mvalidateIdParam[2m > [22mshould reject ID with invalid characters
 [32mΓ£ô[39m src/middleware/__tests__/securityValidationMiddleware.test.ts[2m > [22mSecurity Validation Middleware[2m > [22mvalidateIdParam[2m > [22mshould reject ID that is too long
 [32mΓ£ô[39m src/middleware/__tests__/securityValidationMiddleware.test.ts[2m > [22mSecurity Validation Middleware[2m > [22msetSecurityHeaders[2m > [22mshould set all required security headers
 [32mΓ£ô[39m src/middleware/__tests__/securityValidationMiddleware.test.ts[2m > [22mSecurity Validation Middleware[2m > [22msanitizeInput[2m > [22mshould sanitize control characters from strings
 [32mΓ£ô[39m src/middleware/__tests__/securityValidationMiddleware.test.ts[2m > [22mSecurity Validation Middleware[2m > [22msanitizeInput[2m > [22mshould handle nested objects and arrays
 [32mΓ£ô[39m src/middleware/__tests__/securityValidationMiddleware.test.ts[2m > [22mSecurity Validation Middleware[2m > [22mvalidateAndLogIP[2m > [22mshould extract IP from connection.remoteAddress
 [32mΓ£ô[39m src/middleware/__tests__/securityValidationMiddleware.test.ts[2m > [22mSecurity Validation Middleware[2m > [22mvalidateAndLogIP[2m > [22mshould extract IP from x-forwarded-for header
 [32mΓ£ô[39m src/middleware/__tests__/securityValidationMiddleware.test.ts[2m > [22mSecurity Validation Middleware[2m > [22mvalidateAndLogIP[2m > [22mshould handle missing IP gracefully
[90mstdout[2m | src/middleware/__tests__/securityValidationMiddleware.test.ts
[22m[39mTest setup initialized
Starting test cleanup...
Test cleanup completed

[90mstdout[2m | src/repositories/__tests__/Follow.integration.test.ts
[22m[39mTest setup initialized

[90mstdout[2m | src/repositories/__tests__/Follow.integration.test.ts[2m > [22m[2mFollow Integration Tests[2m > [22m[2mFollow Creation and Validation[2m > [22m[2mshould create follow relationship successfully
[22m[39mΓ£à Database connected

[90mstdout[2m | src/repositories/__tests__/Follow.integration.test.ts[2m > [22m[2mFollow Integration Tests[2m > [22m[2mFollow Creation and Validation[2m > [22m[2mshould create follow relationship successfully
[22m[39mΓ£à Created test users: cmd01oy42000otiuskbqn9unu, cmd01oy49000ptiuscdkt6e5g, cmd01oy4f000qtius70isvki1
≡ƒöä Creating follow: cmd01oy42000otiuskbqn9unu -> cmd01oy49000ptiuscdkt6e5g

[90mstdout[2m | src/repositories/__tests__/Follow.integration.test.ts[2m > [22m[2mFollow Integration Tests[2m > [22m[2mFollow Creation and Validation[2m > [22m[2mshould create follow relationship successfully
[22m[39mΓ£à Follow relationship created successfully: cmd01oy4o000stiusuq42iuno

 [32mΓ£ô[39m src/repositories/__tests__/Follow.integration.test.ts[2m > [22mFollow Integration Tests[2m > [22mFollow Creation and Validation[2m > [22mshould create follow relationship successfully
[90mstdout[2m | src/repositories/__tests__/Follow.integration.test.ts[2m > [22m[2mFollow Integration Tests[2m > [22m[2mFollow Creation and Validation[2m > [22m[2mshould prevent duplicate follow relationships
[22m[39mΓ£à Database connected

 [32mΓ£ô[39m src/repositories/__tests__/Follow.integration.test.ts[2m > [22mFollow Integration Tests[2m > [22mFollow Creation and Validation[2m > [22mshould create follow relationship successfully
[90mstdout[2m | src/repositories/__tests__/Follow.integration.test.ts[2m > [22m[2mFollow Integration Tests[2m > [22m[2mFollow Creation and Validation[2m > [22m[2mshould prevent duplicate follow relationships
[22m[39mΓ£à Created test users: cmd01oy5o000ttiuslqt7sfwq, cmd01oy5u000utiust7bzhzz0, cmd01oy64000vtiust9qtec5i

 [32mΓ£ô[39m src/repositories/__tests__/Follow.integration.test.ts[2m > [22mFollow Integration Tests[2m > [22mFollow Creation and Validation[2m > [22mshould prevent duplicate follow relationships
[90mstdout[2m | src/repositories/__tests__/Follow.integration.test.ts[2m > [22m[2mFollow Integration Tests[2m > [22m[2mFollow Creation and Validation[2m > [22m[2mshould prevent self-following
[22m[39mΓ£à Database connected

 [32mΓ£ô[39m src/repositories/__tests__/Follow.integration.test.ts[2m > [22mFollow Integration Tests[2m > [22mFollow Creation and Validation[2m > [22mshould prevent duplicate follow relationships
[90mstdout[2m | src/repositories/__tests__/Follow.integration.test.ts[2m > [22m[2mFollow Integration Tests[2m > [22m[2mFollow Creation and Validation[2m > [22m[2mshould prevent self-following
[22m[39mΓ£à Created test users: cmd01oy7f0010tiusrq8id3bg, cmd01oy7k0011tius7cs5kzw2, cmd01oy7r0012tiusv0obfnuo

 [32mΓ£ô[39m src/repositories/__tests__/Follow.integration.test.ts[2m > [22mFollow Integration Tests[2m > [22mFollow Creation and Validation[2m > [22mshould prevent self-following
 [32mΓ£ô[39m src/repositories/__tests__/Follow.integration.test.ts[2m > [22mFollow Integration Tests[2m > [22mFollow Creation and Validation[2m > [22mshould prevent self-following
[90mstdout[2m | src/repositories/__tests__/Follow.integration.test.ts
[22m[39mStarting test cleanup...
Test cleanup completed

 [32mΓ£ô[39m src/services/__tests__/AuthService.test.ts[2m > [22mAuthService[2m > [22mhashPassword[2m > [22mshould hash password with correct salt rounds
 [32mΓ£ô[39m src/services/__tests__/AuthService.test.ts[2m > [22mAuthService[2m > [22mhashPassword[2m > [22mshould handle hashing errors gracefully
 [32mΓ£ô[39m src/services/__tests__/AuthService.test.ts[2m > [22mAuthService[2m > [22mverifyPassword[2m > [22mshould return true for correct password
 [32mΓ£ô[39m src/services/__tests__/AuthService.test.ts[2m > [22mAuthService[2m > [22mverifyPassword[2m > [22mshould return false for incorrect password
 [32mΓ£ô[39m src/services/__tests__/AuthService.test.ts[2m > [22mAuthService[2m > [22mgenerateToken[2m > [22mshould generate JWT token with correct payload
 [32mΓ£ô[39m src/services/__tests__/AuthService.test.ts[2m > [22mAuthService[2m > [22mverifyToken[2m > [22mshould verify valid token and return payload
 [32mΓ£ô[39m src/services/__tests__/AuthService.test.ts[2m > [22mAuthService[2m > [22mverifyToken[2m > [22mshould throw error for invalid token
 [32mΓ£ô[39m src/services/__tests__/AuthService.test.ts[2m > [22mAuthService[2m > [22mextractTokenFromHeader[2m > [22mshould extract token from Bearer header
 [32mΓ£ô[39m src/services/__tests__/AuthService.test.ts[2m > [22mAuthService[2m > [22mextractTokenFromHeader[2m > [22mshould throw error for missing Bearer prefix
 [32mΓ£ô[39m src/services/__tests__/AuthService.test.ts[2m > [22mAuthService[2m > [22mextractTokenFromHeader[2m > [22mshould throw error for undefined header
[90mstdout[2m | src/services/__tests__/AuthService.test.ts
[22m[39mTest setup initialized
Starting test cleanup...
Test cleanup completed

[90mstdout[2m | src/middleware/__tests__/postValidationMiddleware.test.ts
[22m[39mTest setup initialized
Starting test cleanup...
Test cleanup completed

 [31m├ù[39m src/middleware/__tests__/postValidationMiddleware.test.ts[2m > [22mvalidatePostCreation middleware[2m > [22mshould call next() when all required fields are provided
[31m   ΓåÆ expected "spy" to be called once, but got 0 times[39m
 [31m├ù[39m src/middleware/__tests__/postValidationMiddleware.test.ts[2m > [22mvalidatePostCreation middleware[2m > [22mshould return 400 error when title is missing
[31m   ΓåÆ expected "spy" to be called with arguments: [ 400 ][90m

Received: 

[1m  1st spy call:

[22m[2m  Array [[22m
[32m-   400,[90m
[31m+   401,[90m
[2m  ][22m
[31m[90m

Number of calls: [1m1[22m
[31m[39m
 [31m├ù[39m src/middleware/__tests__/postValidationMiddleware.test.ts[2m > [22mvalidatePostCreation middleware[2m > [22mshould return 400 error when content is missing
[31m   ΓåÆ expected "spy" to be called with arguments: [ 400 ][90m

Received: 

[1m  1st spy call:

[22m[2m  Array [[22m
[32m-   400,[90m
[31m+   401,[90m
[2m  ][22m
[31m[90m

Number of calls: [1m1[22m
[31m[39m
 [31m├ù[39m src/middleware/__tests__/postValidationMiddleware.test.ts[2m > [22mvalidatePostCreation middleware[2m > [22mshould return 400 error when authorId is missing
[31m   ΓåÆ expected "spy" to be called with arguments: [ 400 ][90m

Received: 

[1m  1st spy call:

[22m[2m  Array [[22m
[32m-   400,[90m
[31m+   401,[90m
[2m  ][22m
[31m[90m

Number of calls: [1m1[22m
[31m[39m
 [31m├ù[39m src/middleware/__tests__/postValidationMiddleware.test.ts[2m > [22mvalidatePostCreation middleware[2m > [22mshould return 400 error when title is empty string
[31m   ΓåÆ expected "spy" to be called with arguments: [ 400 ][90m

Received: 

[1m  1st spy call:

[22m[2m  Array [[22m
[32m-   400,[90m
[31m+   401,[90m
[2m  ][22m
[31m[90m

Number of calls: [1m1[22m
[31m[39m
 [31m├ù[39m src/middleware/__tests__/postValidationMiddleware.test.ts[2m > [22mvalidatePostCreation middleware[2m > [22mshould return 400 error when content is empty string
[31m   ΓåÆ expected "spy" to be called with arguments: [ 400 ][90m

Received: 

[1m  1st spy call:

[22m[2m  Array [[22m
[32m-   400,[90m
[31m+   401,[90m
[2m  ][22m
[31m[90m

Number of calls: [1m1[22m
[31m[39m
[90mstdout[2m | src/middleware/__tests__/realisticSecurityTests.test.ts
[22m[39mTest setup initialized

[90mstdout[2m | src/middleware/__tests__/realisticSecurityTests.test.ts[2m > [22m[2mRealistic Security Tests - Actual Threats[2m > [22m[2mTilde Path Attacks (Real Threat)[2m > [22m[2mshould show Express normalization behavior for complex tilde patterns
[22m[39mΓä╣∩╕Å  Complex tilde+traversal pattern auto-normalized by Express - this is good security!

 [32mΓ£ô[39m src/middleware/__tests__/realisticSecurityTests.test.ts[2m > [22mRealistic Security Tests - Actual Threats[2m > [22mURL Encoded Path Traversal (Real Threat)[2m > [22mshould block URL encoded double dots
 [32mΓ£ô[39m src/middleware/__tests__/realisticSecurityTests.test.ts[2m > [22mRealistic Security Tests - Actual Threats[2m > [22mURL Encoded Path Traversal (Real Threat)[2m > [22mshould block mixed URL encoding attacks
 [32mΓ£ô[39m src/middleware/__tests__/realisticSecurityTests.test.ts[2m > [22mRealistic Security Tests - Actual Threats[2m > [22mTilde Path Attacks (Real Threat)[2m > [22mshould block tilde home directory access
 [32mΓ£ô[39m src/middleware/__tests__/realisticSecurityTests.test.ts[2m > [22mRealistic Security Tests - Actual Threats[2m > [22mTilde Path Attacks (Real Threat)[2m > [22mshould block various tilde patterns
 [32mΓ£ô[39m src/middleware/__tests__/realisticSecurityTests.test.ts[2m > [22mRealistic Security Tests - Actual Threats[2m > [22mTilde Path Attacks (Real Threat)[2m > [22mshould show Express normalization behavior for complex tilde patterns
 [32mΓ£ô[39m src/middleware/__tests__/realisticSecurityTests.test.ts[2m > [22mRealistic Security Tests - Actual Threats[2m > [22mDotfile Protection (Real Threat)[2m > [22mshould block access to dotfiles
 [32mΓ£ô[39m src/middleware/__tests__/realisticSecurityTests.test.ts[2m > [22mRealistic Security Tests - Actual Threats[2m > [22mLegitimate Access (Should Work)[2m > [22mshould allow normal file access
 [32mΓ£ô[39m src/middleware/__tests__/realisticSecurityTests.test.ts[2m > [22mRealistic Security Tests - Actual Threats[2m > [22mLegitimate Access (Should Work)[2m > [22mshould allow files with dots in names
 [32mΓ£ô[39m src/middleware/__tests__/realisticSecurityTests.test.ts[2m > [22mRealistic Security Tests - Actual Threats[2m > [22mExpress Auto-Fixed Attacks (Informational)[2m > [22mshould show that basic path traversal is auto-fixed by Express
[90mstdout[2m | src/middleware/__tests__/realisticSecurityTests.test.ts[2m > [22m[2mRealistic Security Tests - Actual Threats[2m > [22m[2mExpress Auto-Fixed Attacks (Informational)[2m > [22m[2mshould show that basic path traversal is auto-fixed by Express
[22m[39mΓä╣∩╕Å  Express auto-normalized path traversal - this is actually good security!

[90mstdout[2m | src/middleware/__tests__/realisticSecurityTests.test.ts
[22m[39mStarting test cleanup...
Test cleanup completed

[90mstdout[2m | src/middleware/__tests__/pathTraversalFix.test.ts
[22m[39mTest setup initialized

 [32mΓ£ô[39m src/middleware/__tests__/pathTraversalFix.test.ts[2m > [22mPath Traversal Detection Fix[2m > [22mURL Encoded Path Traversal Detection[2m > [22mshould block URL encoded double dots
 [32mΓ£ô[39m src/middleware/__tests__/pathTraversalFix.test.ts[2m > [22mPath Traversal Detection Fix[2m > [22mURL Encoded Path Traversal Detection[2m > [22mshould block mixed URL encoding
 [32mΓ£ô[39m src/middleware/__tests__/pathTraversalFix.test.ts[2m > [22mPath Traversal Detection Fix[2m > [22mURL Encoded Path Traversal Detection[2m > [22mshould block URL encoded backslashes
 [32mΓ£ô[39m src/middleware/__tests__/pathTraversalFix.test.ts[2m > [22mPath Traversal Detection Fix[2m > [22mTilde Path Detection[2m > [22mshould block tilde home directory access
 [32mΓ£ô[39m src/middleware/__tests__/pathTraversalFix.test.ts[2m > [22mPath Traversal Detection Fix[2m > [22mTilde Path Detection[2m > [22mshould block various tilde patterns
 [32mΓ£ô[39m src/middleware/__tests__/pathTraversalFix.test.ts[2m > [22mPath Traversal Detection Fix[2m > [22mNull Byte Detection[2m > [22mshould block null byte injection
 [32mΓ£ô[39m src/middleware/__tests__/pathTraversalFix.test.ts[2m > [22mPath Traversal Detection Fix[2m > [22mLegitimate Paths Should Pass[2m > [22mshould allow normal file paths
 [32mΓ£ô[39m src/middleware/__tests__/pathTraversalFix.test.ts[2m > [22mPath Traversal Detection Fix[2m > [22mLegitimate Paths Should Pass[2m > [22mshould allow files with single dots in names
 [32mΓ£ô[39m src/middleware/__tests__/pathTraversalFix.test.ts[2m > [22mPath Traversal Detection Fix[2m > [22mLegitimate Paths Should Pass[2m > [22mshould allow subdirectory access
[90mstdout[2m | src/middleware/__tests__/pathTraversalFix.test.ts
[22m[39mStarting test cleanup...
Test cleanup completed

 [32mΓ£ô[39m src/models/__tests__/User.profileUpdate.test.ts[2m > [22mUser Profile Update Validation[2m > [22mshould successfully validate valid profile data
 [31m├ù[39m src/models/__tests__/User.profileUpdate.test.ts[2m > [22mUser Profile Update Validation[2m > [22mshould return validation error for invalid profile data
[31m   ΓåÆ expected [ { code: 'too_small', ΓÇª(6) }, ΓÇª(3) ] to have a length of 3 but got 4[39m
 [32mΓ£ô[39m src/models/__tests__/User.profileUpdate.test.ts[2m > [22mUser Profile Update Validation[2m > [22mshould handle optional fields correctly
 [32mΓ£ô[39m src/models/__tests__/User.profileUpdate.test.ts[2m > [22mUser Profile Update Validation[2m > [22mshould validate website URL format
[90mstdout[2m | src/models/__tests__/User.profileUpdate.test.ts
[22m[39mTest setup initialized
Starting test cleanup...
Test cleanup completed

[90mstdout[2m | src/middleware/__tests__/globalError.test.ts
[22m[39mTest setup initialized

 [32mΓ£ô[39m src/middleware/__tests__/globalError.test.ts[2m > [22mGlobal Error Handler[2m > [22mshould handle success route correctly
 [32mΓ£ô[39m src/middleware/__tests__/globalError.test.ts[2m > [22mGlobal Error Handler[2m > [22mshould handle errors with global error handler
[90mstdout[2m | src/middleware/__tests__/globalError.test.ts
[22m[39mStarting test cleanup...
Test cleanup completed

[90mstdout[2m | src/middleware/__tests__/staticFileSecurityMiddleware.test.ts
[22m[39mTest setup initialized
Starting test cleanup...
Test cleanup completed

 [32mΓ£ô[39m src/middleware/__tests__/staticFileSecurityMiddleware.test.ts[2m > [22mStatic File Security Middleware[2m > [22mURL Encoded Path Traversal Protection[2m > [22mshould block URL encoded path traversal
 [32mΓ£ô[39m src/middleware/__tests__/staticFileSecurityMiddleware.test.ts[2m > [22mStatic File Security Middleware[2m > [22mURL Encoded Path Traversal Protection[2m > [22mshould block URL encoded backslashes
 [32mΓ£ô[39m src/middleware/__tests__/staticFileSecurityMiddleware.test.ts[2m > [22mStatic File Security Middleware[2m > [22mTilde Path Protection[2m > [22mshould block tilde-based path traversal
 [32mΓ£ô[39m src/middleware/__tests__/staticFileSecurityMiddleware.test.ts[2m > [22mStatic File Security Middleware[2m > [22mLegitimate File Access[2m > [22mshould allow legitimate file names
[90mstdout[2m | src/test-supertest-check.test.ts
[22m[39mTest setup initialized

[90mstdout[2m | src/test-supertest-check.test.ts[2m > [22m[2mSupertest Installation Check[2m > [22m[2mshould import supertest successfully
[22m[39mΓ£à Supertest imported successfully

[90mstdout[2m | src/test-supertest-check.test.ts[2m > [22m[2mSupertest Installation Check[2m > [22m[2mshould import express successfully
[22m[39mΓ£à Express imported successfully

[90mstdout[2m | src/test-supertest-check.test.ts[2m > [22m[2mSupertest Installation Check[2m > [22m[2mshould create basic express app and test with supertest
[22m[39mΓ£à Supertest + Express integration working

[90mstdout[2m | src/test-supertest-check.test.ts
[22m[39mStarting test cleanup...
Test cleanup completed

 [32mΓ£ô[39m src/test-supertest-check.test.ts[2m > [22mSupertest Installation Check[2m > [22mshould import supertest successfully
 [32mΓ£ô[39m src/test-supertest-check.test.ts[2m > [22mSupertest Installation Check[2m > [22mshould import express successfully
 [32mΓ£ô[39m src/test-supertest-check.test.ts[2m > [22mSupertest Installation Check[2m > [22mshould create basic express app and test with supertest
[90mstdout[2m | src/middleware/__tests__/rawUrlTest.test.ts
[22m[39mTest setup initialized

 [32mΓ£ô[39m src/middleware/__tests__/rawUrlTest.test.ts[2m > [22mRaw URL Security Test[2m > [22mshould show what URLs Express actually receives
[90mstdout[2m | src/middleware/__tests__/rawUrlTest.test.ts
[22m[39mStarting test cleanup...
Test cleanup completed


[2m Test Files [22m [1m[31m3 failed[39m[22m[2m | [22m[1m[32m42 passed[39m[22m[90m (45)[39m
[2m      Tests [22m [1m[31m7 failed[39m[22m[2m | [22m[1m[32m640 passed[39m[22m[90m (647)[39m
[2m   Start at [22m 18:30:09
[2m   Duration [22m 15.03s[2m (transform 743ms, setup 120ms, collect 1.42s, tests 12.96s, environment 0ms, prepare 132ms)[22m

